Archive member included because of file (symbol)

../../../ecrobot/../ecrobot/libecrobot++.a(Clock.o)
                              build/test_move.o (_ZN7ecrobot5Clock4waitEm)
../../../ecrobot/../ecrobot/libecrobot++.a(GyroSensor.o)
                              build/test_move.o (_ZNK7ecrobot10GyroSensor17getAnglerVelocityEv)
../../../ecrobot/../ecrobot/libecrobot++.a(I2c.o)
                              build/test_move.o (_ZN7ecrobot3I2cD2Ev)
../../../ecrobot/../ecrobot/libecrobot++.a(Lcd.o)
                              build/test_move.o (_ZN7ecrobot3Lcd5clearEb)
../../../ecrobot/../ecrobot/libecrobot++.a(LightSensor.o)
                              build/test_move.o (_ZN7ecrobot11LightSensorD1Ev)
../../../ecrobot/../ecrobot/libecrobot++.a(Motor.o)
                              build/test_move.o (_ZN7ecrobot5Motor6setPWMEa)
../../../ecrobot/../ecrobot/libecrobot++.a(SonarSensor.o)
                              build/test_move.o (_ZNK7ecrobot11SonarSensor11getDistanceEv)
../../../ecrobot/../ecrobot/libecrobot++.a(TouchSensor.o)
                              build/test_move.o (_ZNK7ecrobot11TouchSensor9isPressedEv)
../../../ecrobot/../ecrobot/libecrobot++.a(New.o)
                              build/test_move.o (_ZdlPv)
../../../ecrobot/../ecrobot/libecrobot.a(ecrobot_device_hook.o)
                              build/ecrobot.o (ecrobot_device_initialize)
../../../ecrobot/../ecrobot/libecrobot.a(ecrobot_interface.o)
                              build/ecrobot_base.o (ecrobot_get_battery_voltage)
../../../ecrobot/../ecrobot/libecrobot.a(colorsensor.o)
                              ../../../ecrobot/../ecrobot/libecrobot.a(ecrobot_interface.o) (colorsensor_init)
../../../ecrobot/../ecrobot/libecrobot.a(osek_hook.o)
                              build/kernel/osctl.o (StartupHook)
../../../ecrobot/../ecrobot/libecrobot.a(uart.oram)
                              build/config/at91sam7s-gnu/irq.oram (uart_isr_C_0)
../../../ecrobot/../ecrobot/libecrobot.a(systick.oram)
                              build/syslib/at91sam7s-gnu/lego_nxt/hw_sys_timer.oram (systick_low_priority_C)
../../../ecrobot/../ecrobot/libecrobot.a(byte_fifo.oram)
                              ../../../ecrobot/../ecrobot/libecrobot.a(uart.oram) (byte_fifo_init)
../../../ecrobot/../ecrobot/libecrobot.a(aic.oram)
                              ../../../ecrobot/../ecrobot/libecrobot.a(uart.oram) (aic_set_vector)
../../../ecrobot/../ecrobot/libecrobot.a(udp.oram)
                              build/config/at91sam7s-gnu/irq.oram (udp_isr_C)
../../../ecrobot/../ecrobot/libecrobot.a(twi.oram)
                              build/config/at91sam7s-gnu/irq.oram (twi_isr_C)
../../../ecrobot/../ecrobot/libecrobot.a(nxt_spi.oram)
                              build/config/at91sam7s-gnu/irq.oram (spi_isr_C)
../../../ecrobot/../ecrobot/libecrobot.a(nxt_motors.oram)
                              build/test_move.o (nxt_motor_get_count)
../../../ecrobot/../ecrobot/libecrobot.a(data_abort.oram)
                              build/ecrobot_init.o (data_abort_C)
../../../ecrobot/../ecrobot/libecrobot.a(display.oram)
                              build/rtoscalls.o (display_update)
../../../ecrobot/../ecrobot/libecrobot.a(i2c.oram)
                              build/config/at91sam7s-gnu/irq.oram (i2c_timer_isr_C)
../../../ecrobot/../ecrobot/libecrobot.a(sound.oram)
                              ../../../ecrobot/../ecrobot/libecrobot.a(ecrobot_interface.o) (sound_freq_vol)
../../../ecrobot/../ecrobot/libecrobot.a(bt.oram)
                              build/ecrobot_bluetooth.o (bt_send)
../../../ecrobot/../ecrobot/libecrobot.a(nxt_avr.oram)
                              build/ecrobot_base.o (nxt_avr_power_down)
../../../ecrobot/../ecrobot/libecrobot.a(sensors.oram)
                              ../../../ecrobot/../ecrobot/libecrobot++.a(LightSensor.o) (set_digi0)
../../../ecrobot/../ecrobot/libecrobot.a(sensors1.oram)
                              ../../../ecrobot/../ecrobot/libecrobot.a(colorsensor.o) (sp_read)
../../../ecrobot/../ecrobot/libecrobot.a(nxt_lcd.oram)
                              ../../../ecrobot/../ecrobot/libecrobot.a(display.oram) (nxt_lcd_force_update)
../../../ecrobot/../ecrobot/libecrobot.a(flash_loader.oram)
                              build/ecrobot.o (set_flash_request)
../../../ecrobot/../ecrobot/libecrobot.a(interrupts.oram)
                              ../../../ecrobot/../ecrobot/libecrobot.a(uart.oram) (interrupts_get_and_disable)
../../../ecrobot/../ecrobot/libecrobot.a(nxtosek_splash.obmp)
                              build/ecrobot_base.o (nxtosek_splash_bmp_start)
../../../ecrobot/../ecrobot/libecrobot.a(ecrobot_usb.o)
                              ../../../ecrobot/../ecrobot/libecrobot.a(flash_loader.oram) (ecrobot_init_usb)
../../../ecrobot/../ecrobot/libecrobot.a(flashprog.oram)
                              ../../../ecrobot/../ecrobot/libecrobot.a(flash_loader.oram) (flash_write_page)
[...]
Memory Configuration

Name             Origin             Length             Attributes
rom              0x00108000         0x00038000
vector_ram       0x00200000         0x00000040
ram              0x00200040         0x0000ffc0
*default*        0x00000000         0xffffffff

Linker script and memory map

LOAD build/kernel/alarm.o
LOAD build/kernel/event.o
LOAD build/kernel/interrupt.o
LOAD build/kernel/osctl.o
LOAD build/kernel/resource.o
LOAD build/kernel/task.o
LOAD build/kernel/task_manage.o
LOAD build/config/at91sam7s-gnu/cpu_config.o
LOAD build/config/at91sam7s-gnu/lego_nxt/sys_config.o
LOAD build/./kernel_cfg.o
LOAD build/rtoscalls.o
LOAD build/syscalls.o
LOAD build/ecrobot_bluetooth.o
LOAD build/ecrobot_base.o
LOAD build/ecrobot.o
LOAD build/syslib/at91sam7s-gnu/lego_nxt/hw_sys_timer.oram
LOAD build/test_move.o
LOAD build/nxtvm/platform/nxt/vectors.o
LOAD build/config/at91sam7s-gnu/debug.o
LOAD build/config/at91sam7s-gnu/lego_nxt/sys_support.o
LOAD build/nxt_binary_header.o
LOAD build/nxt_entry_point.o
LOAD build/ecrobot_init.o
LOAD build/config/at91sam7s-gnu/cpu_support.oram
LOAD build/config/at91sam7s-gnu/irq.oram
LOAD ../../../ecrobot/../ecrobot/libecrobot++.a
LOAD ../../../ecrobot/../ecrobot/libecrobot.a
LOAD /Users/e135733/etrobo/yagarto-4.6.2/bin/../lib/gcc/arm-none-eabi/4.6.2/../../../../arm-none-eabi/lib/thumb/libstdc++.a
LOAD /Users/e135733/etrobo/yagarto-4.6.2/bin/../lib/gcc/arm-none-eabi/4.6.2/../../../../arm-none-eabi/lib/thumb/libm.a
START GROUP
LOAD /Users/e135733/etrobo/yagarto-4.6.2/bin/../lib/gcc/arm-none-eabi/4.6.2/thumb/libgcc.a
LOAD /Users/e135733/etrobo/yagarto-4.6.2/bin/../lib/gcc/arm-none-eabi/4.6.2/../../../../arm-none-eabi/lib/thumb/libc.a
END GROUP
                0x00108000                ROM_BASE = 0x108000
                0x00038000                ROM_SIZE = 0x38000
                0x00200000                RAM_BASE = 0x200000
                0x00010000                RAM_SIZE = 0x10000

.vectors        0x00200000       0x40 load address 0x00108000
 vectors.o(*.text *.text.*)
 .text          0x00200000       0x38 build/nxtvm/platform/nxt/vectors.o
                0x00200040                . = ALIGN (0x10)
 *fill*         0x00200038        0x8 00
                0x00200000                __vectors_ram_start__ = ADDR (.vectors)
                0x00200040                __vectors_ram_end__ = (ADDR (.vectors) + SIZEOF (.vectors))
                0x00108000                __vectors_load_start__ = LOADADDR (.vectors)
                0x00108040                __vectors_load_end__ = (LOADADDR (.vectors) + SIZEOF (.vectors))

.init           0x00108040      0x280
 *ecrobot_init.o(*.text *.text.*)
 .text          0x00108040      0x280 build/ecrobot_init.o
                0x00108040                start
                0x001081ac                undef_handler
                0x001081b0                swi_handler
                0x001081b4                prefetch_abort_handler
                0x001081b8                data_abort_handler
                0x001081d4                reserved_handler
                0x001082c0                . = ALIGN (0x10)

.ram_text       0x00200040     0x3030 load address 0x001082c0
                0x00200040                . = ALIGN (0x10)
 *.oram(*.text *.text.* *.glue*)
 .text.systick_isr_C1
                0x00200040       0x28 build/syslib/at91sam7s-gnu/lego_nxt/hw_sys_timer.oram
                0x00200040                systick_isr_C1
 *fill*         0x00200068        0x8 00
 .text          0x00200070      0x230 build/config/at91sam7s-gnu/cpu_support.oram
                0x00200070                dispatch
                0x002000b0                activate_r
                0x002000e0                exit_and_dispatch
                0x002000f0                start_dispatch
                0x002001ac                _interrupt
                0x0020021c                int_return
                0x00200248                disable_int
                0x00200250                enable_int
                0x00200258                nop
 .text          0x002002a0      0x2c0 build/config/at91sam7s-gnu/irq.oram
                0x002002a0                default_isr
                0x002002a0                spurious_isr
                0x002002a0                default_fiq
                0x002002a4                systick_isr_entry
                0x002002ec                systick_low_priority_entry
                0x0020032c                udp_isr_entry
                0x0020036c                spi_isr_entry
                0x002003ac                twi_isr_entry
                0x002003ec                sound_isr_entry
                0x0020042c                uart_isr_entry_0
                0x0020046c                uart_isr_entry_1
                0x002004ac                nxt_motor_isr_entry
                0x002004ec                i2c_timer_isr_entry
 .text.uart_isr_C_0
                0x00200560       0x74 ../../../ecrobot/../ecrobot/libecrobot.a(uart.oram)
                0x00200560                uart_isr_C_0
 .text.uart_isr_C_1
                0x002005d4        0x2 ../../../ecrobot/../ecrobot/libecrobot.a(uart.oram)
                0x002005d4                uart_isr_C_1
 *fill*         0x002005d6        0x2 00
 .text.systick_low_priority_C
                0x002005d8       0x1c ../../../ecrobot/../ecrobot/libecrobot.a(systick.oram)
                0x002005d8                systick_low_priority_C
 .text.systick_isr_C
                0x002005f4       0x24 ../../../ecrobot/../ecrobot/libecrobot.a(systick.oram)
                0x002005f4                systick_isr_C
 .text.systick_get_ms
                0x00200618        0xc ../../../ecrobot/../ecrobot/libecrobot.a(systick.oram)
                0x00200618                systick_get_ms
 .text.systick_wait_ms
                0x00200624       0x1c ../../../ecrobot/../ecrobot/libecrobot.a(systick.oram)
                0x00200624                systick_wait_ms
 .text.systick_wait_ns
                0x00200640       0x1c ../../../ecrobot/../ecrobot/libecrobot.a(systick.oram)
                0x00200640                systick_wait_ns
 .text.systick_init
                0x0020065c       0x58 ../../../ecrobot/../ecrobot/libecrobot.a(systick.oram)
                0x0020065c                systick_init
 .text.systick_suspend
                0x002006b4        0xe ../../../ecrobot/../ecrobot/libecrobot.a(systick.oram)
                0x002006b4                systick_suspend
 .text.systick_resume
                0x002006c2        0xe ../../../ecrobot/../ecrobot/libecrobot.a(systick.oram)
                0x002006c2                systick_resume
 .text.byte_fifo_put
                0x002006d0       0x4a ../../../ecrobot/../ecrobot/libecrobot.a(byte_fifo.oram)
                0x002006d0                byte_fifo_put
 .text.byte_fifo_get
                0x0020071a       0x2c ../../../ecrobot/../ecrobot/libecrobot.a(byte_fifo.oram)
                0x0020071a                byte_fifo_get
 *fill*         0x00200746        0x2 00
 .text.aic_initialise
                0x00200748       0x5c ../../../ecrobot/../ecrobot/libecrobot.a(aic.oram)
                0x00200748                aic_initialise
 .text.aic_set_vector
                0x002007a4       0x30 ../../../ecrobot/../ecrobot/libecrobot.a(aic.oram)
                0x002007a4                aic_set_vector
 .text.aic_mask_on
                0x002007d4       0x24 ../../../ecrobot/../ecrobot/libecrobot.a(aic.oram)
                0x002007d4                aic_mask_on
 .text.aic_mask_off
                0x002007f8       0x24 ../../../ecrobot/../ecrobot/libecrobot.a(aic.oram)
                0x002007f8                aic_mask_off
 .text.aic_clear
                0x0020081c       0x24 ../../../ecrobot/../ecrobot/libecrobot.a(aic.oram)
                0x0020081c                aic_clear
 .text.reset    0x00200840       0x4c ../../../ecrobot/../ecrobot/libecrobot.a(udp.oram)
 .text.udp_send_null
                0x0020088c       0x2c ../../../ecrobot/../ecrobot/libecrobot.a(udp.oram)
 .text.udp_send_stall
                0x002008b8       0x2c ../../../ecrobot/../ecrobot/libecrobot.a(udp.oram)
 .text.udp_send_control
                0x002008e4       0x54 ../../../ecrobot/../ecrobot/libecrobot.a(udp.oram)
 .text.udp_isr_C
                0x00200938      0x728 ../../../ecrobot/../ecrobot/libecrobot.a(udp.oram)
                0x00200938                udp_isr_C
 .text.twi_status
                0x00201060       0x1c ../../../ecrobot/../ecrobot/libecrobot.a(twi.oram)
                0x00201060                twi_status
 .text.twi_isr_C
                0x0020107c       0xbc ../../../ecrobot/../ecrobot/libecrobot.a(twi.oram)
                0x0020107c                twi_isr_C
 .text.twi_reset
                0x00201138       0xc4 ../../../ecrobot/../ecrobot/libecrobot.a(twi.oram)
                0x00201138                twi_reset
 .text.twi_init
                0x002011fc       0x4c ../../../ecrobot/../ecrobot/libecrobot.a(twi.oram)
                0x002011fc                twi_init
 .text.twi_start_read
                0x00201248       0x5c ../../../ecrobot/../ecrobot/libecrobot.a(twi.oram)
                0x00201248                twi_start_read
 .text.twi_start_write
                0x002012a4       0x5c ../../../ecrobot/../ecrobot/libecrobot.a(twi.oram)
                0x002012a4                twi_start_write
 .text.spi_set_mode
                0x00201300       0x40 ../../../ecrobot/../ecrobot/libecrobot.a(nxt_spi.oram)
 .text.spi_isr_C
                0x00201340       0x6c ../../../ecrobot/../ecrobot/libecrobot.a(nxt_spi.oram)
                0x00201340                spi_isr_C
 .text.nxt_spi_init
                0x002013ac      0x140 ../../../ecrobot/../ecrobot/libecrobot.a(nxt_spi.oram)
                0x002013ac                nxt_spi_init
 .text.nxt_spi_write
                0x002014ec       0x44 ../../../ecrobot/../ecrobot/libecrobot.a(nxt_spi.oram)
                0x002014ec                nxt_spi_write
 .text.nxt_spi_set_display
                0x00201530       0x14 ../../../ecrobot/../ecrobot/libecrobot.a(nxt_spi.oram)
                0x00201530                nxt_spi_set_display
 .text.nxt_spi_refresh
                0x00201544       0x28 ../../../ecrobot/../ecrobot/libecrobot.a(nxt_spi.oram)
                0x00201544                nxt_spi_refresh
 .text.nxt_motor_get_count
                0x0020156c       0x18 ../../../ecrobot/../ecrobot/libecrobot.a(nxt_motors.oram)
                0x0020156c                nxt_motor_get_count
 .text.nxt_motor_set_count
                0x00201584       0x14 ../../../ecrobot/../ecrobot/libecrobot.a(nxt_motors.oram)
                0x00201584                nxt_motor_set_count
 .text.nxt_motor_set_speed
                0x00201598       0x30 ../../../ecrobot/../ecrobot/libecrobot.a(nxt_motors.oram)
                0x00201598                nxt_motor_set_speed
 .text.nxt_motor_1kHz_process
                0x002015c8       0x2c ../../../ecrobot/../ecrobot/libecrobot.a(nxt_motors.oram)
                0x002015c8                nxt_motor_1kHz_process
 .text.nxt_motor_quad_decode
                0x002015f4       0x48 ../../../ecrobot/../ecrobot/libecrobot.a(nxt_motors.oram)
                0x002015f4                nxt_motor_quad_decode
 .text.nxt_motor_isr_C
                0x0020163c       0x84 ../../../ecrobot/../ecrobot/libecrobot.a(nxt_motors.oram)
                0x0020163c                nxt_motor_isr_C
 .text.nxt_motor_init
                0x002016c0       0x78 ../../../ecrobot/../ecrobot/libecrobot.a(nxt_motors.oram)
                0x002016c0                nxt_motor_init
 .text.data_abort_C
                0x00201738       0x7c ../../../ecrobot/../ecrobot/libecrobot.a(data_abort.oram)
                0x00201738                data_abort_C
 .text.display_update
                0x002017b4       0x18 ../../../ecrobot/../ecrobot/libecrobot.a(display.oram)
                0x002017b4                display_update
 .text.display_force_update
                0x002017cc        0xc ../../../ecrobot/../ecrobot/libecrobot.a(display.oram)
                0x002017cc                display_force_update
 .text.display_clear
                0x002017d8       0x24 ../../../ecrobot/../ecrobot/libecrobot.a(display.oram)
                0x002017d8                display_clear
 .text.display_goto_xy
                0x002017fc       0x14 ../../../ecrobot/../ecrobot/libecrobot.a(display.oram)
                0x002017fc                display_goto_xy
 .text.display_char
                0x00201810       0x58 ../../../ecrobot/../ecrobot/libecrobot.a(display.oram)
                0x00201810                display_char
 .text.display_string
                0x00201868       0x40 ../../../ecrobot/../ecrobot/libecrobot.a(display.oram)
                0x00201868                display_string
 .text.display_unsigned_worker
                0x002018a8       0x72 ../../../ecrobot/../ecrobot/libecrobot.a(display.oram)
 *fill*         0x0020191a        0x2 00
 .text.display_hex
                0x0020191c       0x48 ../../../ecrobot/../ecrobot/libecrobot.a(display.oram)
                0x0020191c                display_hex
 .text.display_unsigned
                0x00201964        0xe ../../../ecrobot/../ecrobot/libecrobot.a(display.oram)
                0x00201964                display_unsigned
 .text.display_int
                0x00201972       0x16 ../../../ecrobot/../ecrobot/libecrobot.a(display.oram)
                0x00201972                display_int
 .text.display_bitmap_copy
                0x00201988       0x78 ../../../ecrobot/../ecrobot/libecrobot.a(display.oram)
                0x00201988                display_bitmap_copy
 .text.display_init
                0x00201a00       0x48 ../../../ecrobot/../ecrobot/libecrobot.a(display.oram)
                0x00201a00                display_init
 .text.i2c_timer_isr_C
                0x00201a48      0x2fc ../../../ecrobot/../ecrobot/libecrobot.a(i2c.oram)
                0x00201a48                i2c_timer_isr_C
 .text.i2c_disable
                0x00201d44       0x24 ../../../ecrobot/../ecrobot/libecrobot.a(i2c.oram)
                0x00201d44                i2c_disable
 .text.i2c_enable
                0x00201d68       0x50 ../../../ecrobot/../ecrobot/libecrobot.a(i2c.oram)
                0x00201d68                i2c_enable
 .text.i2c_init
                0x00201db8       0xb4 ../../../ecrobot/../ecrobot/libecrobot.a(i2c.oram)
                0x00201db8                i2c_init
 .text.i2c_busy
                0x00201e6c       0x28 ../../../ecrobot/../ecrobot/libecrobot.a(i2c.oram)
                0x00201e6c                i2c_busy
 .text.i2c_start_transaction
                0x00201e94       0xe8 ../../../ecrobot/../ecrobot/libecrobot.a(i2c.oram)
                0x00201e94                i2c_start_transaction
 .text.sound_interrupt_enable
                0x00201f7c       0x1c ../../../ecrobot/../ecrobot/libecrobot.a(sound.oram)
                0x00201f7c                sound_interrupt_enable
 .text.sound_interrupt_disable
                0x00201f98       0x14 ../../../ecrobot/../ecrobot/libecrobot.a(sound.oram)
                0x00201f98                sound_interrupt_disable
 .text.sound_init
                0x00201fac       0xb0 ../../../ecrobot/../ecrobot/libecrobot.a(sound.oram)
                0x00201fac                sound_init
 .text.sound_fill_sample_buffer
                0x0020205c       0xe4 ../../../ecrobot/../ecrobot/libecrobot.a(sound.oram)
                0x0020205c                sound_fill_sample_buffer
 .text.sound_isr_C
                0x00202140      0x108 ../../../ecrobot/../ecrobot/libecrobot.a(sound.oram)
                0x00202140                sound_isr_C
 .text.bt_init  0x00202248      0x1d4 ../../../ecrobot/../ecrobot/libecrobot.a(bt.oram)
                0x00202248                bt_init
 .text.nxt_avr_power_down
                0x0020241c       0x10 ../../../ecrobot/../ecrobot/libecrobot.a(nxt_avr.oram)
                0x0020241c                nxt_avr_power_down
 .text.nxt_avr_link_init
                0x0020242c       0x20 ../../../ecrobot/../ecrobot/libecrobot.a(nxt_avr.oram)
                0x0020242c                nxt_avr_link_init
 .text.nxt_avr_init
                0x0020244c       0x68 ../../../ecrobot/../ecrobot/libecrobot.a(nxt_avr.oram)
                0x0020244c                nxt_avr_init
 .text.nxt_avr_1kHz_update
                0x002024b4      0x1b0 ../../../ecrobot/../ecrobot/libecrobot.a(nxt_avr.oram)
                0x002024b4                nxt_avr_1kHz_update
 .text.buttons_get
                0x00202664        0xc ../../../ecrobot/../ecrobot/libecrobot.a(nxt_avr.oram)
                0x00202664                buttons_get
 .text.battery_voltage
                0x00202670       0x20 ../../../ecrobot/../ecrobot/libecrobot.a(nxt_avr.oram)
                0x00202670                battery_voltage
 .text.sensor_adc
                0x00202690       0x24 ../../../ecrobot/../ecrobot/libecrobot.a(nxt_avr.oram)
                0x00202690                sensor_adc
 .text.nxt_avr_set_motor
                0x002026b4       0x28 ../../../ecrobot/../ecrobot/libecrobot.a(nxt_avr.oram)
                0x002026b4                nxt_avr_set_motor
 .text.nxt_avr_set_input_power
                0x002026dc       0x3c ../../../ecrobot/../ecrobot/libecrobot.a(nxt_avr.oram)
                0x002026dc                nxt_avr_set_input_power
 .text.set_digi0
                0x00202718       0x48 ../../../ecrobot/../ecrobot/libecrobot.a(sensors.oram)
                0x00202718                set_digi0
 .text.unset_digi0
                0x00202760       0x48 ../../../ecrobot/../ecrobot/libecrobot.a(sensors.oram)
                0x00202760                unset_digi0
 .text.unset_digi1
                0x002027a8       0x48 ../../../ecrobot/../ecrobot/libecrobot.a(sensors.oram)
                0x002027a8                unset_digi1
 .text.init_sensors
                0x002027f0       0x58 ../../../ecrobot/../ecrobot/libecrobot.a(sensors.oram)
                0x002027f0                init_sensors
 .text.nxt_lcd_command
                0x00202848       0x16 ../../../ecrobot/../ecrobot/libecrobot.a(nxt_lcd.oram)
                0x00202848                nxt_lcd_command
 .text.nxt_lcd_set_col
                0x0020285e       0x1e ../../../ecrobot/../ecrobot/libecrobot.a(nxt_lcd.oram)
                0x0020285e                nxt_lcd_set_col
 .text.nxt_lcd_set_multiplex_rate
                0x0020287c       0x14 ../../../ecrobot/../ecrobot/libecrobot.a(nxt_lcd.oram)
                0x0020287c                nxt_lcd_set_multiplex_rate
 .text.nxt_lcd_set_page_address
                0x00202890       0x14 ../../../ecrobot/../ecrobot/libecrobot.a(nxt_lcd.oram)
                0x00202890                nxt_lcd_set_page_address
 .text.nxt_lcd_set_pot
                0x002028a4       0x18 ../../../ecrobot/../ecrobot/libecrobot.a(nxt_lcd.oram)
                0x002028a4                nxt_lcd_set_pot
 .text.nxt_lcd_set_ram_address_control
                0x002028bc       0x14 ../../../ecrobot/../ecrobot/libecrobot.a(nxt_lcd.oram)
                0x002028bc                nxt_lcd_set_ram_address_control
 .text.nxt_lcd_enable
                0x002028d0       0x14 ../../../ecrobot/../ecrobot/libecrobot.a(nxt_lcd.oram)
                0x002028d0                nxt_lcd_enable
 .text.nxt_lcd_set_map_control
                0x002028e4       0x16 ../../../ecrobot/../ecrobot/libecrobot.a(nxt_lcd.oram)
                0x002028e4                nxt_lcd_set_map_control
 .text.nxt_lcd_reset
                0x002028fa        0xe ../../../ecrobot/../ecrobot/libecrobot.a(nxt_lcd.oram)
                0x002028fa                nxt_lcd_reset
 .text.nxt_lcd_set_bias_ratio
                0x00202908       0x14 ../../../ecrobot/../ecrobot/libecrobot.a(nxt_lcd.oram)
                0x00202908                nxt_lcd_set_bias_ratio
 .text.nxt_lcd_force_update
                0x0020291c       0x30 ../../../ecrobot/../ecrobot/libecrobot.a(nxt_lcd.oram)
                0x0020291c                nxt_lcd_force_update
 .text.nxt_lcd_update
                0x0020294c        0xc ../../../ecrobot/../ecrobot/libecrobot.a(nxt_lcd.oram)
                0x0020294c                nxt_lcd_update
 .text.nxt_lcd_power_up
                0x00202958       0x48 ../../../ecrobot/../ecrobot/libecrobot.a(nxt_lcd.oram)
                0x00202958                nxt_lcd_power_up
 .text.nxt_lcd_power_down
                0x002029a0        0xc ../../../ecrobot/../ecrobot/libecrobot.a(nxt_lcd.oram)
                0x002029a0                nxt_lcd_power_down
 .text.nxt_lcd_init
                0x002029ac       0x18 ../../../ecrobot/../ecrobot/libecrobot.a(nxt_lcd.oram)
                0x002029ac                nxt_lcd_init
 .text.verify_flash_page
                0x002029c4       0x2e ../../../ecrobot/../ecrobot/libecrobot.a(flash_loader.oram)
 *fill*         0x002029f2        0x2 00
 .text.set_flash_request
                0x002029f4       0x38 ../../../ecrobot/../ecrobot/libecrobot.a(flash_loader.oram)
                0x002029f4                set_flash_request
 .text.nxt_device_init
                0x00202a2c       0x38 ../../../ecrobot/../ecrobot/libecrobot.a(flash_loader.oram)
                0x00202a2c                nxt_device_init
 .text          0x00202a64       0x68 ../../../ecrobot/../ecrobot/libecrobot.a(interrupts.oram)
                0x00202a64                interrupts_get_and_disable
                0x00202a88                interrupts_enable
                0x00202a98                fiq_get_and_disable
                0x00202abc                fiq_enable
 .text.flash_write_page
                0x00202acc       0xb8 ../../../ecrobot/../ecrobot/libecrobot.a(flashprog.oram)
                0x00202acc                flash_write_page
 *fill*         0x00202b84        0x4 00
 .text.flash_write_page.stub
                0x00202b88       0x38 linker stubs
                0x00202bc0                . = ALIGN (0x10)
 *fill*         0x00202bc8        0x8 00
 *.oram(*.rodata *.rodata.*)
 .rodata.dd     0x00202bd0       0x12 ../../../ecrobot/../ecrobot/libecrobot.a(udp.oram)
 .rodata.ld     0x00202be2        0x4 ../../../ecrobot/../ecrobot/libecrobot.a(udp.oram)
 .rodata.cfd    0x00202be6       0x20 ../../../ecrobot/../ecrobot/libecrobot.a(udp.oram)
 .rodata.str1.1
                0x00202c06       0x1d ../../../ecrobot/../ecrobot/libecrobot.a(data_abort.oram)
 .rodata.str1.1
                0x00202c23       0x67 ../../../ecrobot/../ecrobot/libecrobot.a(display.oram)
 .rodata.font   0x00202c8a      0x280 ../../../ecrobot/../ecrobot/libecrobot.a(display.oram)
 *fill*         0x00202f0a        0x2 00
 .rodata.i2c_pin
                0x00202f0c       0x20 ../../../ecrobot/../ecrobot/libecrobot.a(i2c.oram)
 .rodata        0x00202f2c        0x9 ../../../ecrobot/../ecrobot/libecrobot.a(sound.oram)
 *fill*         0x00202f35        0x3 00
 .rodata.sample_pattern
                0x00202f38       0x84 ../../../ecrobot/../ecrobot/libecrobot.a(sound.oram)
                0x00202f38                sample_pattern
 .rodata.silence
                0x00202fbc       0x40 ../../../ecrobot/../ecrobot/libecrobot.a(sound.oram)
                0x00202fbc                silence
 .rodata.avr_brainwash_string
                0x00202ffc       0x30 ../../../ecrobot/../ecrobot/libecrobot.a(nxt_avr.oram)
                0x00202ffc                avr_brainwash_string
 .rodata        0x0020302c       0x20 ../../../ecrobot/../ecrobot/libecrobot.a(sensors.oram)
 .rodata.str1.1
                0x0020304c       0x21 ../../../ecrobot/../ecrobot/libecrobot.a(flash_loader.oram)
                0x00203070                . = ALIGN (0x10)
 *fill*         0x0020306d        0x3 00
                0x00200040                __ramtext_ram_start__ = ADDR (.ram_text)
                0x00203070                __ramtext_ram_end__ = (ADDR (.ram_text) + SIZEOF (.ram_text))
                0x001082c0                __ramtext_load_start__ = LOADADDR (.ram_text)
                0x0010b2f0                __ramtext_load_end__ = (__ramtext_load_start__ + SIZEOF (.ram_text))

.wav_data       0x0010b2f0        0x0
 *.owav(*.data *.data.*)
                0x0010b2f0                . = ALIGN (0x10)

.bmp_data       0x0010b2f0      0x440
 *.obmp(*.data *.data.*)
 .data          0x0010b2f0      0x43e ../../../ecrobot/../ecrobot/libecrobot.a(nxtosek_splash.obmp)
                0x0010b2f0                nxtosek_splash_bmp_start
                0x0010b72e                nxtosek_splash_bmp_end
                0x0010b730                . = ALIGN (0x10)
 *fill*         0x0010b72e        0x2 00

.spr_data       0x0010b730        0x0
 *.ospr(*.data *.data.*)
                0x0010b730                . = ALIGN (0x10)

.data           0x00203070      0x8b0 load address 0x0010b730
 *(*.data *.data.*)
 .data.target_val
                0x00203070        0x4 build/test_move.o
                0x00203070                target_val
 .data.KP       0x00203074        0x4 build/test_move.o
                0x00203074                KP
 .data.KD       0x00203078        0x4 build/test_move.o
                0x00203078                KD
 .data.threshold
                0x0020307c        0x4 build/test_move.o
                0x0020307c                threshold
 .data.KI       0x00203080        0x4 build/test_move.o
                0x00203080                KI
 .data.DELTA_T  0x00203084        0x4 build/test_move.o
                0x00203084                DELTA_T
 .data.deviceStatus
                0x00203088        0x1 ../../../ecrobot/../ecrobot/libecrobot.a(ecrobot_interface.o)
 .data.named    0x00203089       0x22 ../../../ecrobot/../ecrobot/libecrobot.a(udp.oram)
 .data.snd      0x002030ab       0x1a ../../../ecrobot/../ecrobot/libecrobot.a(udp.oram)
 *fill*         0x002030c5        0x3 00
 .data.configured
                0x002030c8        0x4 ../../../ecrobot/../ecrobot/libecrobot.a(udp.oram)
 .bss.data      0x002030cc        0x4 ../../../ecrobot/../ecrobot/libecrobot.a(nxt_spi.oram)
                0x002030cc                data
 .data.mode     0x002030d0        0x1 ../../../ecrobot/../ecrobot/libecrobot.a(nxt_spi.oram)
                0x002030d0                mode
 *fill*         0x002030d1        0x3 00
 .data.display_auto_update
                0x002030d4        0x4 ../../../ecrobot/../ecrobot/libecrobot.a(display.oram)
                0x002030d4                display_auto_update
 .data          0x002030d8      0x410 /Users/e135733/etrobo/yagarto-4.6.2/bin/../lib/gcc/arm-none-eabi/4.6.2/../../../../arm-none-eabi/lib/thumb/libc.a(lib_a-mallocr.o)
                0x002030d8                __malloc_av_
                0x002034e0                __malloc_sbrk_base
                0x002034e4                __malloc_trim_threshold
 .data          0x002034e8      0x430 /Users/e135733/etrobo/yagarto-4.6.2/bin/../lib/gcc/arm-none-eabi/4.6.2/../../../../arm-none-eabi/lib/thumb/libc.a(lib_a-impure.o)
                0x002034e8                _impure_ptr
                0x00203920                . = ALIGN (0x10)
 *fill*         0x00203918        0x8 00
                0x00203070                __data_ram_start__ = ADDR (.data)
                0x00203920                __data_ram_end__ = (ADDR (.data) + SIZEOF (.data))
                0x0010b730                __data_load_start__ = LOADADDR (.data)
                0x0010bfe0                __data_load_end__ = (__data_load_start__ + SIZEOF (.data))

.text           0x0010bfe0     0x3330
                0x0010bfe0                . = ALIGN (0x10)
 *(.text .text.* *.glue*)
 .glue_7        0x00000000        0x0 linker stubs
 .glue_7t       0x00000000        0x0 linker stubs
 .text.SetEvent
                0x0010bfe0       0xa4 build/kernel/event.o
                0x0010bfe0                SetEvent
 .text.ClearEvent
                0x0010c084       0x60 build/kernel/event.o
                0x0010c084                ClearEvent
 .text.WaitEvent
                0x0010c0e4       0xa4 build/kernel/event.o
                0x0010c0e4                WaitEvent
 .text.call_posttaskhook
                0x0010c188       0x24 build/kernel/osctl.o
                0x0010c188                call_posttaskhook
 .text.call_pretaskhook
                0x0010c1ac       0x24 build/kernel/osctl.o
                0x0010c1ac                call_pretaskhook
 .text.StartOS  0x0010c1d0       0x54 build/kernel/osctl.o
                0x0010c1d0                StartOS
 .text.ShutdownOS
                0x0010c224       0x48 build/kernel/osctl.o
                0x0010c224                ShutdownOS
 .text.call_errorhook
                0x0010c26c       0x6c build/kernel/osctl.o
                0x0010c26c                call_errorhook
 .text.make_runnable
                0x0010c2d8       0x98 build/kernel/task.o
                0x0010c2d8                make_runnable
 .text.make_active
                0x0010c370       0x74 build/kernel/task.o
                0x0010c370                make_active
 .text.task_initialize
                0x0010c3e4       0x80 build/kernel/task.o
                0x0010c3e4                task_initialize
 .text.search_schedtsk
                0x0010c464       0x84 build/kernel/task.o
                0x0010c464                search_schedtsk
 .text.GetTaskID
                0x0010c4e8       0x3c build/kernel/task_manage.o
                0x0010c4e8                GetTaskID
 .text.cpu_initialize
                0x0010c524        0x2 build/config/at91sam7s-gnu/cpu_config.o
                0x0010c524                cpu_initialize
 .text.cpu_terminate
                0x0010c526        0x2 build/config/at91sam7s-gnu/cpu_config.o
                0x0010c526                cpu_terminate
 .text.sys_initialize
                0x0010c528        0x2 build/config/at91sam7s-gnu/lego_nxt/sys_config.o
                0x0010c528                sys_initialize
 .text.sys_exit
                0x0010c52a        0x2 build/config/at91sam7s-gnu/lego_nxt/sys_config.o
                0x0010c52a                sys_exit
 .text.object_initialize
                0x0010c52c        0xc build/./kernel_cfg.o
                0x0010c52c                object_initialize
 .text.SleeperMonitor
                0x0010c538       0x78 build/rtoscalls.o
                0x0010c538                SleeperMonitor
 .text.SleepI2C
                0x0010c5b0       0x48 build/rtoscalls.o
                0x0010c5b0                SleepI2C
 .text.AssertDeviceConstructor
                0x0010c5f8       0x2c build/rtoscalls.o
                0x0010c5f8                AssertDeviceConstructor
 .text._sbrk_r  0x0010c624       0x20 build/syscalls.o
                0x0010c624                _sbrk_r
 .text.init_OS_flag
                0x0010c644        0xc build/ecrobot_base.o
                0x0010c644                init_OS_flag
 .text.set_OS_flag
                0x0010c650        0xc build/ecrobot_base.o
                0x0010c650                set_OS_flag
 .text.get_OS_flag
                0x0010c65c        0xc build/ecrobot_base.o
                0x0010c65c                get_OS_flag
 .text.cpp_constructor
                0x0010c668       0x28 build/ecrobot_base.o
                0x0010c668                cpp_constructor
 .text.cpp_destructor
                0x0010c690        0xe build/ecrobot_base.o
                0x0010c690                cpp_destructor
 *fill*         0x0010c69e        0x2 00
 .text.execution_mode
                0x0010c6a0       0x14 build/ecrobot_base.o
                0x0010c6a0                execution_mode
 .text.show_splash_screen
                0x0010c6b4       0x98 build/ecrobot_base.o
                0x0010c6b4                show_splash_screen
 .text.show_main_screen
                0x0010c74c       0x48 build/ecrobot_base.o
                0x0010c74c                show_main_screen
 .text.display_status_bar
                0x0010c794       0x5c build/ecrobot_base.o
                0x0010c794                display_status_bar
 .text.add_status_info
                0x0010c7f0       0x68 build/ecrobot_base.o
                0x0010c7f0                add_status_info
 .text.restart_NXT
                0x0010c858       0x2e build/ecrobot_base.o
                0x0010c858                restart_NXT
 .text.shutdown_NXT
                0x0010c886       0x2e build/ecrobot_base.o
                0x0010c886                shutdown_NXT
 .text.check_NXT_buttons
                0x0010c8b4       0x3c build/ecrobot_base.o
                0x0010c8b4                check_NXT_buttons
 .text.startup.main
                0x0010c8f0      0x108 build/ecrobot.o
                0x0010c8f0                main
 .text._ZN7ecrobot6SensorD2Ev
                0x0010c9f8       0x1c build/test_move.o
                0x0010c9f8                _ZN7ecrobot6SensorD1Ev
                0x0010c9f8                _ZN7ecrobot6SensorD2Ev
 .text._ZN7ecrobot11TouchSensorD2Ev
                0x0010ca14       0x18 build/test_move.o
                0x0010ca14                _ZN7ecrobot11TouchSensorD2Ev
                0x0010ca14                _ZN7ecrobot11TouchSensorD1Ev
 .text._ZN7ecrobot11TouchSensorD0Ev
                0x0010ca2c       0x20 build/test_move.o
                0x0010ca2c                _ZN7ecrobot11TouchSensorD0Ev
 .text._ZN7ecrobot10GyroSensorD2Ev
                0x0010ca4c       0x18 build/test_move.o
                0x0010ca4c                _ZN7ecrobot10GyroSensorD2Ev
                0x0010ca4c                _ZN7ecrobot10GyroSensorD1Ev
 .text._ZN7ecrobot10GyroSensorD0Ev
                0x0010ca64       0x20 build/test_move.o
                0x0010ca64                _ZN7ecrobot10GyroSensorD0Ev
 .text._ZN7ecrobot6SensorD0Ev
                0x0010ca84       0x16 build/test_move.o
                0x0010ca84                _ZN7ecrobot6SensorD0Ev
 *fill*         0x0010ca9a        0x2 00
 .text._ZN7ecrobot11SonarSensorD2Ev
                0x0010ca9c       0x18 build/test_move.o
                0x0010ca9c                _ZN7ecrobot11SonarSensorD1Ev
                0x0010ca9c                _ZN7ecrobot11SonarSensorD2Ev
 .text._ZN7ecrobot11SonarSensorD0Ev
                0x0010cab4       0x20 build/test_move.o
                0x0010cab4                _ZN7ecrobot11SonarSensorD0Ev
 .text.user_1ms_isr_type2
                0x0010cad4        0xc build/test_move.o
                0x0010cad4                user_1ms_isr_type2
 .text.Line_in  0x0010cae0       0x48 build/test_move.o
                0x0010cae0                Line_in
 .text.Line_out
                0x0010cb28       0x50 build/test_move.o
                0x0010cb28                Line_out
 .text.TaskMainTaskMain
                0x0010cb78      0x260 build/test_move.o
                0x0010cb78                TaskMainTaskMain
 .text.startup._GLOBAL__sub_I_light
                0x0010cdd8       0xd4 build/test_move.o
 .text._ZN7ecrobot5ClockC2Ev
                0x0010ceac       0x12 ../../../ecrobot/../ecrobot/libecrobot++.a(Clock.o)
                0x0010ceac                _ZN7ecrobot5ClockC2Ev
                0x0010ceac                _ZN7ecrobot5ClockC1Ev
 .text._ZN7ecrobot5Clock4waitEm
                0x0010cebe       0x12 ../../../ecrobot/../ecrobot/libecrobot++.a(Clock.o)
                0x0010cebe                _ZN7ecrobot5Clock4waitEm
 .text._ZN7ecrobot10GyroSensorC2E6ePortS
                0x0010ced0       0x3c ../../../ecrobot/../ecrobot/libecrobot++.a(GyroSensor.o)
                0x0010ced0                _ZN7ecrobot10GyroSensorC2E6ePortS
                0x0010ced0                _ZN7ecrobot10GyroSensorC1E6ePortS
 .text._ZNK7ecrobot10GyroSensor17getAnglerVelocityEv
                0x0010cf0c       0x18 ../../../ecrobot/../ecrobot/libecrobot++.a(GyroSensor.o)
                0x0010cf0c                _ZNK7ecrobot10GyroSensor17getAnglerVelocityEv
 .text._ZN7ecrobot3I2cD2Ev
                0x0010cf24       0x24 ../../../ecrobot/../ecrobot/libecrobot++.a(I2c.o)
                0x0010cf24                _ZN7ecrobot3I2cD1Ev
                0x0010cf24                _ZN7ecrobot3I2cD2Ev
 .text._ZN7ecrobot3I2cD0Ev
                0x0010cf48       0x16 ../../../ecrobot/../ecrobot/libecrobot++.a(I2c.o)
                0x0010cf48                _ZN7ecrobot3I2cD0Ev
 *fill*         0x0010cf5e        0x2 00
 .text._ZN7ecrobot3I2cC2E6ePortS6ePower
                0x0010cf60       0x34 ../../../ecrobot/../ecrobot/libecrobot++.a(I2c.o)
                0x0010cf60                _ZN7ecrobot3I2cC2E6ePortS6ePower
                0x0010cf60                _ZN7ecrobot3I2cC1E6ePortS6ePower
 .text._ZNK7ecrobot3I2c7receiveEmPhm
                0x0010cf94       0x3e ../../../ecrobot/../ecrobot/libecrobot++.a(I2c.o)
                0x0010cf94                _ZNK7ecrobot3I2c7receiveEmPhm
 .text._ZN7ecrobot3LcdC2Ev
                0x0010cfd2        0x6 ../../../ecrobot/../ecrobot/libecrobot++.a(Lcd.o)
                0x0010cfd2                _ZN7ecrobot3LcdC2Ev
                0x0010cfd2                _ZN7ecrobot3LcdC1Ev
 .text._ZN7ecrobot3Lcd5clearEb
                0x0010cfd8       0x1a ../../../ecrobot/../ecrobot/libecrobot++.a(Lcd.o)
                0x0010cfd8                _ZN7ecrobot3Lcd5clearEb
 .text._ZN7ecrobot3Lcd4putfEPKcz
                0x0010cff2       0x98 ../../../ecrobot/../ecrobot/libecrobot++.a(Lcd.o)
                0x0010cff2                _ZN7ecrobot3Lcd4putfEPKcz
 .text._ZN7ecrobot3Lcd4dispEv
                0x0010d08a        0xc ../../../ecrobot/../ecrobot/libecrobot++.a(Lcd.o)
                0x0010d08a                _ZN7ecrobot3Lcd4dispEv
 *fill*         0x0010d096        0x2 00
 .text._ZN7ecrobot11LightSensorD2Ev
                0x0010d098       0x24 ../../../ecrobot/../ecrobot/libecrobot++.a(LightSensor.o)
                0x0010d098                _ZN7ecrobot11LightSensorD2Ev
                0x0010d098                _ZN7ecrobot11LightSensorD1Ev
 .text._ZN7ecrobot11LightSensorD0Ev
                0x0010d0bc       0x16 ../../../ecrobot/../ecrobot/libecrobot++.a(LightSensor.o)
                0x0010d0bc                _ZN7ecrobot11LightSensorD0Ev
 *fill*         0x0010d0d2        0x2 00
 .text._ZNK7ecrobot11LightSensor13getBrightnessEv
                0x0010d0d4       0x1c ../../../ecrobot/../ecrobot/libecrobot++.a(LightSensor.o)
                0x0010d0d4                _ZNK7ecrobot11LightSensor13getBrightnessEv
 .text._ZN7ecrobot11LightSensor7setLampEb
                0x0010d0f0       0x18 ../../../ecrobot/../ecrobot/libecrobot++.a(LightSensor.o)
                0x0010d0f0                _ZN7ecrobot11LightSensor7setLampEb
 .text._ZN7ecrobot11LightSensorC2E6ePortSb
                0x0010d108       0x40 ../../../ecrobot/../ecrobot/libecrobot++.a(LightSensor.o)
                0x0010d108                _ZN7ecrobot11LightSensorC1E6ePortSb
                0x0010d108                _ZN7ecrobot11LightSensorC2E6ePortSb
 .text._ZN7ecrobot5MotorC2E6ePortMb
                0x0010d148       0x20 ../../../ecrobot/../ecrobot/libecrobot++.a(Motor.o)
                0x0010d148                _ZN7ecrobot5MotorC1E6ePortMb
                0x0010d148                _ZN7ecrobot5MotorC2E6ePortMb
 .text._ZN7ecrobot5MotorD2Ev
                0x0010d168       0x16 ../../../ecrobot/../ecrobot/libecrobot++.a(Motor.o)
                0x0010d168                _ZN7ecrobot5MotorD2Ev
                0x0010d168                _ZN7ecrobot5MotorD1Ev
 .text._ZN7ecrobot5Motor6setPWMEa
                0x0010d17e       0x32 ../../../ecrobot/../ecrobot/libecrobot++.a(Motor.o)
                0x0010d17e                _ZN7ecrobot5Motor6setPWMEa
 .text._ZN7ecrobot11SonarSensorC2E6ePortS
                0x0010d1b0       0x1c ../../../ecrobot/../ecrobot/libecrobot++.a(SonarSensor.o)
                0x0010d1b0                _ZN7ecrobot11SonarSensorC1E6ePortS
                0x0010d1b0                _ZN7ecrobot11SonarSensorC2E6ePortS
 .text._ZNK7ecrobot11SonarSensor11getDistanceEv
                0x0010d1cc       0x18 ../../../ecrobot/../ecrobot/libecrobot++.a(SonarSensor.o)
                0x0010d1cc                _ZNK7ecrobot11SonarSensor11getDistanceEv
 .text._ZN7ecrobot11TouchSensorC2E6ePortS
                0x0010d1e4       0x34 ../../../ecrobot/../ecrobot/libecrobot++.a(TouchSensor.o)
                0x0010d1e4                _ZN7ecrobot11TouchSensorC1E6ePortS
                0x0010d1e4                _ZN7ecrobot11TouchSensorC2E6ePortS
 .text._ZNK7ecrobot11TouchSensor9isPressedEv
                0x0010d218       0x24 ../../../ecrobot/../ecrobot/libecrobot++.a(TouchSensor.o)
                0x0010d218                _ZNK7ecrobot11TouchSensor9isPressedEv
 .text._ZdlPv   0x0010d23c        0xc ../../../ecrobot/../ecrobot/libecrobot++.a(New.o)
                0x0010d23c                _ZdlPv
 .text.ecrobot_device_initialize
                0x0010d248        0x2 ../../../ecrobot/../ecrobot/libecrobot.a(ecrobot_device_hook.o)
                0x0010d248                ecrobot_device_initialize
 .text.ecrobot_device_terminate
                0x0010d24a        0x2 ../../../ecrobot/../ecrobot/libecrobot.a(ecrobot_device_hook.o)
                0x0010d24a                ecrobot_device_terminate
 .text.ecrobot_get_battery_voltage
                0x0010d24c        0xc ../../../ecrobot/../ecrobot/libecrobot.a(ecrobot_interface.o)
                0x0010d24c                ecrobot_get_battery_voltage
 .text.ecrobot_init_nxtstate
                0x0010d258       0x28 ../../../ecrobot/../ecrobot/libecrobot.a(ecrobot_interface.o)
                0x0010d258                ecrobot_init_nxtstate
 .text.ecrobot_get_button_state
                0x0010d280        0xc ../../../ecrobot/../ecrobot/libecrobot.a(ecrobot_interface.o)
                0x0010d280                ecrobot_get_button_state
 .text.ecrobot_poll_nxtstate
                0x0010d28c       0x60 ../../../ecrobot/../ecrobot/libecrobot.a(ecrobot_interface.o)
                0x0010d28c                ecrobot_poll_nxtstate
 .text.ecrobot_setDeviceInitialized
                0x0010d2ec       0x18 ../../../ecrobot/../ecrobot/libecrobot.a(ecrobot_interface.o)
                0x0010d2ec                ecrobot_setDeviceInitialized
 .text.ecrobot_initDeviceStatus
                0x0010d304        0xc ../../../ecrobot/../ecrobot/libecrobot.a(ecrobot_interface.o)
                0x0010d304                ecrobot_initDeviceStatus
 .text.ecrobot_bmp2lcd
                0x0010d310      0x1b0 ../../../ecrobot/../ecrobot/libecrobot.a(ecrobot_interface.o)
                0x0010d310                ecrobot_bmp2lcd
 .text.StartupHook
                0x0010d4c0        0x2 ../../../ecrobot/../ecrobot/libecrobot.a(osek_hook.o)
                0x0010d4c0                StartupHook
 .text.PreTaskHook
                0x0010d4c2        0x2 ../../../ecrobot/../ecrobot/libecrobot.a(osek_hook.o)
                0x0010d4c2                PreTaskHook
 .text.PostTaskHook
                0x0010d4c4        0x2 ../../../ecrobot/../ecrobot/libecrobot.a(osek_hook.o)
                0x0010d4c4                PostTaskHook
 .text.ErrorHook
                0x0010d4c6        0x2 ../../../ecrobot/../ecrobot/libecrobot.a(osek_hook.o)
                0x0010d4c6                ErrorHook
 .text.ShutdownHook
                0x0010d4c8        0x2 ../../../ecrobot/../ecrobot/libecrobot.a(osek_hook.o)
                0x0010d4c8                ShutdownHook
 *fill*         0x0010d4ca        0x2 00
 .text.__aeabi_atexit
                0x0010d4cc       0x14 /Users/e135733/etrobo/yagarto-4.6.2/bin/../lib/gcc/arm-none-eabi/4.6.2/../../../../arm-none-eabi/lib/thumb/libstdc++.a(atexit_arm.o)
                0x0010d4cc                __aeabi_atexit
 .text          0x0010d4e0       0x14 /Users/e135733/etrobo/yagarto-4.6.2/bin/../lib/gcc/arm-none-eabi/4.6.2/thumb/libgcc.a(_thumb1_case_uqi.o)
                0x0010d4e0                __gnu_thumb1_case_uqi
 .text          0x0010d4f4       0x14 /Users/e135733/etrobo/yagarto-4.6.2/bin/../lib/gcc/arm-none-eabi/4.6.2/thumb/libgcc.a(_thumb1_case_uhi.o)
                0x0010d4f4                __gnu_thumb1_case_uhi
 .text          0x0010d508      0x11c /Users/e135733/etrobo/yagarto-4.6.2/bin/../lib/gcc/arm-none-eabi/4.6.2/thumb/libgcc.a(_udivsi3.o)
                0x0010d508                __udivsi3
                0x0010d508                __aeabi_uidiv
                0x0010d604                __aeabi_uidivmod
 .text          0x0010d624        0x4 /Users/e135733/etrobo/yagarto-4.6.2/bin/../lib/gcc/arm-none-eabi/4.6.2/thumb/libgcc.a(_dvmd_tls.o)
                0x0010d624                __aeabi_ldiv0
                0x0010d624                __aeabi_idiv0
 .text          0x0010d628      0x41c /Users/e135733/etrobo/yagarto-4.6.2/bin/../lib/gcc/arm-none-eabi/4.6.2/thumb/libgcc.a(_arm_addsubdf3.o)
                0x0010d628                __aeabi_drsub
                0x0010d630                __subdf3
                0x0010d630                __aeabi_dsub
                0x0010d634                __aeabi_dadd
                0x0010d634                __adddf3
                0x0010d944                __aeabi_ui2d
                0x0010d944                __floatunsidf
                0x0010d968                __floatsidf
                0x0010d968                __aeabi_i2d
                0x0010d990                __extendsfdf2
                0x0010d990                __aeabi_f2d
                0x0010d9d0                __aeabi_ul2d
                0x0010d9d0                __floatundidf
                0x0010d9e4                __aeabi_l2d
                0x0010d9e4                __floatdidf
 .text          0x0010da44      0x49c /Users/e135733/etrobo/yagarto-4.6.2/bin/../lib/gcc/arm-none-eabi/4.6.2/thumb/libgcc.a(_arm_muldivdf3.o)
                0x0010da44                __aeabi_dmul
                0x0010da44                __muldf3
                0x0010dcd4                __aeabi_ddiv
                0x0010dcd4                __divdf3
 .text          0x0010dee0       0xa0 /Users/e135733/etrobo/yagarto-4.6.2/bin/../lib/gcc/arm-none-eabi/4.6.2/thumb/libgcc.a(_arm_truncdfsf2.o)
                0x0010dee0                __aeabi_d2f
                0x0010dee0                __truncdfsf2
 .text          0x0010df80      0x2ac /Users/e135733/etrobo/yagarto-4.6.2/bin/../lib/gcc/arm-none-eabi/4.6.2/thumb/libgcc.a(_arm_addsubsf3.o)
                0x0010df80                __aeabi_frsub
                0x0010df88                __aeabi_fsub
                0x0010df88                __subsf3
                0x0010df8c                __aeabi_fadd
                0x0010df8c                __addsf3
                0x0010e148                __aeabi_ui2f
                0x0010e148                __floatunsisf
                0x0010e150                __floatsisf
                0x0010e150                __aeabi_i2f
                0x0010e170                __aeabi_ul2f
                0x0010e170                __floatundisf
                0x0010e180                __aeabi_l2f
                0x0010e180                __floatdisf
 .text          0x0010e22c      0x2f8 /Users/e135733/etrobo/yagarto-4.6.2/bin/../lib/gcc/arm-none-eabi/4.6.2/thumb/libgcc.a(_arm_muldivsf3.o)
                0x0010e22c                __mulsf3
                0x0010e22c                __aeabi_fmul
                0x0010e3c4                __divsf3
                0x0010e3c4                __aeabi_fdiv
 .text          0x0010e524      0x114 /Users/e135733/etrobo/yagarto-4.6.2/bin/../lib/gcc/arm-none-eabi/4.6.2/thumb/libgcc.a(_arm_cmpsf2.o)
                0x0010e524                __gesf2
                0x0010e524                __gtsf2
                0x0010e52c                __ltsf2
                0x0010e52c                __lesf2
                0x0010e534                __nesf2
                0x0010e534                __eqsf2
                0x0010e534                __cmpsf2
                0x0010e598                __aeabi_cfrcmple
                0x0010e5a8                __aeabi_cfcmpeq
                0x0010e5a8                __aeabi_cfcmple
                0x0010e5c0                __aeabi_fcmpeq
                0x0010e5d8                __aeabi_fcmplt
                0x0010e5f0                __aeabi_fcmple
                0x0010e608                __aeabi_fcmpge
                0x0010e620                __aeabi_fcmpgt
 .text          0x0010e638       0x5c /Users/e135733/etrobo/yagarto-4.6.2/bin/../lib/gcc/arm-none-eabi/4.6.2/thumb/libgcc.a(_arm_fixsfsi.o)
                0x0010e638                __fixsfsi
                0x0010e638                __aeabi_f2iz
 .text          0x0010e694       0x18 /Users/e135733/etrobo/yagarto-4.6.2/bin/../lib/gcc/arm-none-eabi/4.6.2/../../../../arm-none-eabi/lib/thumb/libc.a(lib_a-cxa_atexit.o)
                0x0010e694                __cxa_atexit
 .text          0x0010e6ac       0x10 /Users/e135733/etrobo/yagarto-4.6.2/bin/../lib/gcc/arm-none-eabi/4.6.2/../../../../arm-none-eabi/lib/thumb/libc.a(lib_a-cxa_finalize.o)
                0x0010e6ac                __cxa_finalize
 .text          0x0010e6bc       0x30 /Users/e135733/etrobo/yagarto-4.6.2/bin/../lib/gcc/arm-none-eabi/4.6.2/../../../../arm-none-eabi/lib/thumb/libc.a(lib_a-malloc.o)
                0x0010e6bc                malloc
                0x0010e6d4                free
 .text          0x0010e6ec      0x514 /Users/e135733/etrobo/yagarto-4.6.2/bin/../lib/gcc/arm-none-eabi/4.6.2/../../../../arm-none-eabi/lib/thumb/libc.a(lib_a-mallocr.o)
                0x0010e6ec                _malloc_r
 .text          0x0010ec00       0x98 /Users/e135733/etrobo/yagarto-4.6.2/bin/../lib/gcc/arm-none-eabi/4.6.2/../../../../arm-none-eabi/lib/thumb/libc.a(lib_a-memset.o)
                0x0010ec00                memset
 .text          0x0010ec98        0x8 /Users/e135733/etrobo/yagarto-4.6.2/bin/../lib/gcc/arm-none-eabi/4.6.2/../../../../arm-none-eabi/lib/thumb/libc.a(lib_a-mlock.o)
                0x0010ec98                __malloc_lock
                0x0010ec9c                __malloc_unlock
 .text          0x0010eca0       0x10 /Users/e135733/etrobo/yagarto-4.6.2/bin/../lib/gcc/arm-none-eabi/4.6.2/../../../../arm-none-eabi/lib/thumb/libc.a(lib_a-strcpy.o)
                0x0010eca0                strcpy
 .text          0x0010ecb0       0x10 /Users/e135733/etrobo/yagarto-4.6.2/bin/../lib/gcc/arm-none-eabi/4.6.2/../../../../arm-none-eabi/lib/thumb/libc.a(lib_a-strlen.o)
                0x0010ecb0                strlen
 .text          0x0010ecc0       0xd4 /Users/e135733/etrobo/yagarto-4.6.2/bin/../lib/gcc/arm-none-eabi/4.6.2/../../../../arm-none-eabi/lib/thumb/libc.a(lib_a-__atexit.o)
                0x0010ecc0                __register_exitproc
 .text          0x0010ed94      0x114 /Users/e135733/etrobo/yagarto-4.6.2/bin/../lib/gcc/arm-none-eabi/4.6.2/../../../../arm-none-eabi/lib/thumb/libc.a(lib_a-__call_atexit.o)
                0x0010ed94                __call_exitprocs
 .text          0x0010eea8      0x248 /Users/e135733/etrobo/yagarto-4.6.2/bin/../lib/gcc/arm-none-eabi/4.6.2/../../../../arm-none-eabi/lib/thumb/libc.a(lib_a-freer.o)
                0x0010eea8                _malloc_trim_r
                0x0010ef54                _free_r
 .text.stub     0x0010f0f0       0x9c linker stubs
                0x0010f190                . = ALIGN (0x10)
 *(*.rodata *.rodata.*)
 .rodata.search_table.1069
                0x0010f190        0xf build/kernel/task.o
 .rodata.tnum_task
                0x0010f19f        0x1 build/./kernel_cfg.o
                0x0010f19f                tnum_task
 .rodata.EventSleep
                0x0010f1a0        0x4 build/./kernel_cfg.o
                0x0010f1a0                EventSleep
 .rodata.tinib_stksz
                0x0010f1a4        0x2 build/./kernel_cfg.o
                0x0010f1a4                tinib_stksz
 *fill*         0x0010f1a6        0x2 00
 .rodata.EventSleepI2C
                0x0010f1a8        0x4 build/./kernel_cfg.o
                0x0010f1a8                EventSleepI2C
 .rodata.tinib_inipri
                0x0010f1ac        0x1 build/./kernel_cfg.o
                0x0010f1ac                tinib_inipri
 *fill*         0x0010f1ad        0x3 00
 .rodata.tinib_stk
                0x0010f1b0        0x4 build/./kernel_cfg.o
                0x0010f1b0                tinib_stk
 .rodata.tnum_exttask
                0x0010f1b4        0x1 build/./kernel_cfg.o
                0x0010f1b4                tnum_exttask
 .rodata.tinib_exepri
                0x0010f1b5        0x1 build/./kernel_cfg.o
                0x0010f1b5                tinib_exepri
 .rodata.tinib_autoact
                0x0010f1b6        0x1 build/./kernel_cfg.o
                0x0010f1b6                tinib_autoact
 *fill*         0x0010f1b7        0x1 00
 .rodata.tinib_task
                0x0010f1b8        0x4 build/./kernel_cfg.o
                0x0010f1b8                tinib_task
 .rodata.str1.1
                0x0010f1bc       0x6c build/ecrobot_base.o
 .rodata.exec_addr
                0x0010f228        0x4 build/ecrobot_base.o
                0x0010f228                exec_addr
 *fill*         0x0010f22c        0x4 00
 .rodata._ZTVN7ecrobot11TouchSensorE
                0x0010f230       0x10 build/test_move.o
                0x0010f230                _ZTVN7ecrobot11TouchSensorE
 .rodata._ZTVN7ecrobot6SensorE
                0x0010f240       0x10 build/test_move.o
                0x0010f240                _ZTVN7ecrobot6SensorE
 .rodata._ZTVN7ecrobot10GyroSensorE
                0x0010f250       0x10 build/test_move.o
                0x0010f250                _ZTVN7ecrobot10GyroSensorE
 .rodata._ZTVN7ecrobot11SonarSensorE
                0x0010f260       0x10 build/test_move.o
                0x0010f260                _ZTVN7ecrobot11SonarSensorE
 .rodata.str1.1
                0x0010f270       0x48 build/test_move.o
 .rodata.str1.1
                0x0010f2b8        0xe ../../../ecrobot/../ecrobot/libecrobot++.a(GyroSensor.o)
 .rodata.str1.1
                0x0010f2c6        0xb ../../../ecrobot/../ecrobot/libecrobot++.a(I2c.o)
 *fill*         0x0010f2d1        0x7 00
 .rodata._ZTVN7ecrobot3I2cE
                0x0010f2d8       0x10 ../../../ecrobot/../ecrobot/libecrobot++.a(I2c.o)
                0x0010f2d8                _ZTVN7ecrobot3I2cE
 .rodata._ZTVN7ecrobot11LightSensorE
                0x0010f2e8       0x10 ../../../ecrobot/../ecrobot/libecrobot++.a(LightSensor.o)
                0x0010f2e8                _ZTVN7ecrobot11LightSensorE
 .rodata.str1.1
                0x00000000        0xe ../../../ecrobot/../ecrobot/libecrobot++.a(LightSensor.o)
 .rodata.str1.1
                0x0010f2f8        0xd ../../../ecrobot/../ecrobot/libecrobot++.a(Motor.o)
 .rodata.str1.1
                0x00000000        0xe ../../../ecrobot/../ecrobot/libecrobot++.a(TouchSensor.o)
 *fill*         0x0010f305        0x3 00
 .rodata        0x0010f308        0x4 /Users/e135733/etrobo/yagarto-4.6.2/bin/../lib/gcc/arm-none-eabi/4.6.2/../../../../arm-none-eabi/lib/thumb/libc.a(lib_a-impure.o)
                0x0010f308                _global_impure_ptr
 .rodata.str1.4
                0x0010f30c        0x4 /Users/e135733/etrobo/yagarto-4.6.2/bin/../lib/gcc/arm-none-eabi/4.6.2/../../../../arm-none-eabi/lib/thumb/libc.a(lib_a-impure.o)
                0x0010f310                . = ALIGN (0x10)
 *(*.gnu.linkonce.* .gcc_except_table)
                0x0010f310                . = ALIGN (0x10)

.vfp11_veneer   0x0010f310        0x0
 .vfp11_veneer  0x00000000        0x0 linker stubs

.v4_bx          0x0010f310        0x0
 .v4_bx         0x00000000        0x0 linker stubs

.ARM.exidx      0x0010f310        0x8
                0x0010f310                __exidx_start = .
 *(.ARM.exidx* .gnu.linkonce.armexidx.*)
 .ARM.exidx.text.__aeabi_atexit
                0x0010f310        0x8 /Users/e135733/etrobo/yagarto-4.6.2/bin/../lib/gcc/arm-none-eabi/4.6.2/../../../../arm-none-eabi/lib/thumb/libstdc++.a(atexit_arm.o)
 */()
                0x0010f318                __exidx_end = .

.tors           0x0010f318       0x18
                0x0010f320                . = ALIGN (0x10)
 *fill*         0x0010f318        0x8 00
                0x0010f320                __ctor_begin = .
 *(*.ctors*)
 *(.init_array)
 .init_array    0x0010f320        0x4 build/test_move.o
                0x0010f324                __ctor_end = .
                0x0010f330                . = ALIGN (0x10)
 *fill*         0x0010f324        0xc 00
                0x0010f330                __dtor_begin = .
 *(*.dtors*)
 *(.fini_array)
                0x0010f330                __dtor_end = .
                0x0010f330                . = ALIGN (0x10)
                0x0010f330                __rom_end__ = __dtor_end

.bss            0x00203920     0x10c0
 *(*.bss *.bss.*)
 .bss.ready_queue_first
                0x00203920       0x10 build/kernel/task.o
 .bss.ready_primap
                0x00203930        0x2 build/kernel/task.o
 .bss.ready_queue_last
                0x00203932       0x10 build/kernel/task.o
 *fill*         0x00203942        0x2 00
 .bss._stack_TaskMain
                0x00203944      0x200 build/./kernel_cfg.o
 .bss.sleeperTask_ID
                0x00203b44        0x8 build/rtoscalls.o
 .bss.sleeperI2C_ID
                0x00203b4c        0x4 build/rtoscalls.o
 .bss.sleepTaskCounter
                0x00203b50       0x20 build/rtoscalls.o
 .bss.isTaskSleeping
                0x00203b70        0x8 build/rtoscalls.o
 .bss.isI2cSleeping
                0x00203b78        0x4 build/rtoscalls.o
 .bss.heap_ptr  0x00203b7c        0x4 build/syscalls.o
 .bss.last_act_time.2836
                0x00203b80        0x4 build/ecrobot_base.o
 .bss.lcd.2794  0x00203b84      0x320 build/ecrobot_base.o
 .bss.status_bar_position
                0x00203ea4        0x4 build/ecrobot_base.o
 .bss.status_bar
                0x00203ea8       0x10 build/ecrobot_base.o
 .bss.OS_flag   0x00203eb8        0x4 build/ecrobot_base.o
 .bss.motorA    0x00203ebc        0x3 build/test_move.o
                0x00203ebc                motorA
 .bss.motorB    0x00203ebf        0x3 build/test_move.o
                0x00203ebf                motorB
 .bss.motorC    0x00203ec2        0x3 build/test_move.o
                0x00203ec2                motorC
 *fill*         0x00203ec5        0x3 00
 .bss.gyro      0x00203ec8        0x8 build/test_move.o
                0x00203ec8                gyro
 .bss.sonar     0x00203ed0        0x8 build/test_move.o
                0x00203ed0                sonar
 .bss.light     0x00203ed8        0x8 build/test_move.o
                0x00203ed8                light
 .bss._ZL4diff  0x00203ee0        0x8 build/test_move.o
 .bss.touch     0x00203ee8        0x8 build/test_move.o
                0x00203ee8                touch
 .bss._ZL8integral
                0x00203ef0        0x4 build/test_move.o
 .bss.ecrobot_inputs
                0x00203ef4        0x8 ../../../ecrobot/../ecrobot/libecrobot.a(ecrobot_interface.o)
 .bss.buttons_states
                0x00203efc       0x14 ../../../ecrobot/../ecrobot/libecrobot.a(ecrobot_interface.o)
 .bss.buttons_i
                0x00203f10        0x4 ../../../ecrobot/../ecrobot/libecrobot.a(ecrobot_interface.o)
 .bss.systick_ms
                0x00203f14        0x4 ../../../ecrobot/../ecrobot/libecrobot.a(systick.oram)
 .bss.newAddress
                0x00203f18        0x4 ../../../ecrobot/../ecrobot/libecrobot.a(udp.oram)
 .bss.outCnt    0x00203f1c        0x4 ../../../ecrobot/../ecrobot/libecrobot.a(udp.oram)
 .bss.currentConfig
                0x00203f20        0x1 ../../../ecrobot/../ecrobot/libecrobot.a(udp.oram)
 *fill*         0x00203f21        0x3 00
 .bss.outPtr    0x00203f24        0x4 ../../../ecrobot/../ecrobot/libecrobot.a(udp.oram)
 .bss.currentFeatures
                0x00203f28        0x4 ../../../ecrobot/../ecrobot/libecrobot.a(udp.oram)
 .bss.delayedEnable
                0x00203f2c        0x1 ../../../ecrobot/../ecrobot/libecrobot.a(udp.oram)
 *fill*         0x00203f2d        0x3 00
 .bss.currentRxBank
                0x00203f30        0x4 ../../../ecrobot/../ecrobot/libecrobot.a(udp.oram)
 .bss.twi_state
                0x00203f34        0x1 ../../../ecrobot/../ecrobot/libecrobot.a(twi.oram)
 *fill*         0x00203f35        0x3 00
 .bss.twi_ptr   0x00203f38        0x4 ../../../ecrobot/../ecrobot/libecrobot.a(twi.oram)
 .bss.twi_pending
                0x00203f3c        0x4 ../../../ecrobot/../ecrobot/libecrobot.a(twi.oram)
 .bss.twi_mask  0x00203f40        0x4 ../../../ecrobot/../ecrobot/libecrobot.a(twi.oram)
 .bss.dirty     0x00203f44        0x1 ../../../ecrobot/../ecrobot/libecrobot.a(nxt_spi.oram)
                0x00203f44                dirty
 .bss.page      0x00203f45        0x1 ../../../ecrobot/../ecrobot/libecrobot.a(nxt_spi.oram)
                0x00203f45                page
 *fill*         0x00203f46        0x2 00
 .bss.display   0x00203f48        0x4 ../../../ecrobot/../ecrobot/libecrobot.a(nxt_spi.oram)
                0x00203f48                display
 .bss.motor     0x00203f4c       0x30 ../../../ecrobot/../ecrobot/libecrobot.a(nxt_motors.oram)
 .bss.nxt_motor_initialised
                0x00203f7c        0x4 ../../../ecrobot/../ecrobot/libecrobot.a(nxt_motors.oram)
 .bss.interrupts_this_period
                0x00203f80        0x4 ../../../ecrobot/../ecrobot/libecrobot.a(nxt_motors.oram)
 .bss.display_array
                0x00203f84      0x388 ../../../ecrobot/../ecrobot/libecrobot.a(display.oram)
 .bss.display_tick
                0x0020430c        0x4 ../../../ecrobot/../ecrobot/libecrobot.a(display.oram)
                0x0020430c                display_tick
 .bss.i2c_port  0x00204310      0x170 ../../../ecrobot/../ecrobot/libecrobot.a(i2c.oram)
 .bss.i2c_int_count
                0x00204480        0x4 ../../../ecrobot/../ecrobot/libecrobot.a(i2c.oram)
 .bss.sound_mode
                0x00204484        0x1 ../../../ecrobot/../ecrobot/libecrobot.a(sound.oram)
                0x00204484                sound_mode
 .bss.in_buf    0x00204485      0x100 ../../../ecrobot/../ecrobot/libecrobot.a(bt.oram)
 .bss.out_buf_ptr
                0x00204585        0x1 ../../../ecrobot/../ecrobot/libecrobot.a(bt.oram)
 *fill*         0x00204586        0x2 00
 .bss.buf_ptr   0x00204588        0x4 ../../../ecrobot/../ecrobot/libecrobot.a(bt.oram)
 .bss.in_buf_in_ptr
                0x0020458c        0x1 ../../../ecrobot/../ecrobot/libecrobot.a(bt.oram)
 *fill*         0x0020458d        0x3 00
 .bss.in_buf_idx
                0x00204590        0x4 ../../../ecrobot/../ecrobot/libecrobot.a(bt.oram)
 .bss.update_count
                0x00204594        0x4 ../../../ecrobot/../ecrobot/libecrobot.a(nxt_avr.oram)
 .bss.debounce_state
                0x00204598        0x2 ../../../ecrobot/../ecrobot/libecrobot.a(nxt_avr.oram)
 .bss.button_state
                0x0020459a        0x2 ../../../ecrobot/../ecrobot/libecrobot.a(nxt_avr.oram)
 .bss.from_buf  0x0020459c        0x4 ../../../ecrobot/../ecrobot/libecrobot.a(nxt_avr.oram)
 .bss.io_from_avr
                0x002045a0        0x4 ../../../ecrobot/../ecrobot/libecrobot.a(nxt_avr.oram)
 .bss.data_from_avr
                0x002045a4       0x1a ../../../ecrobot/../ecrobot/libecrobot.a(nxt_avr.oram)
 .bss.debounce_cnt
                0x002045be        0x2 ../../../ecrobot/../ecrobot/libecrobot.a(nxt_avr.oram)
 .bss.nxt_avr_stats
                0x002045c0       0x14 ../../../ecrobot/../ecrobot/libecrobot.a(nxt_avr.oram)
 .bss.link_state
                0x002045d4        0x4 ../../../ecrobot/../ecrobot/libecrobot.a(nxt_avr.oram)
 .bss.io_to_avr
                0x002045d8        0x8 ../../../ecrobot/../ecrobot/libecrobot.a(nxt_avr.oram)
 .bss.prev_buttons
                0x002045e0        0x2 ../../../ecrobot/../ecrobot/libecrobot.a(nxt_avr.oram)
 .bss.data_to_avr
                0x002045e2        0x9 ../../../ecrobot/../ecrobot/libecrobot.a(nxt_avr.oram)
 *fill*         0x002045eb        0x1 00
 .bss.display   0x002045ec        0x4 ../../../ecrobot/../ecrobot/libecrobot.a(nxt_lcd.oram)
 .bss           0x002045f0       0x34 /Users/e135733/etrobo/yagarto-4.6.2/bin/../lib/gcc/arm-none-eabi/4.6.2/../../../../arm-none-eabi/lib/thumb/libc.a(lib_a-mallocr.o)
                0x002045f0                __malloc_top_pad
                0x002045f4                __malloc_current_mallinfo
                0x0020461c                __malloc_max_sbrked_mem
                0x00204620                __malloc_max_total_mem
                0x00000000                PROVIDE (__dso_handle, 0x0)
                0x00204630                . = ALIGN (0x10)
 *fill*         0x00204624        0xc 00
                0x00204630                __bss_end__ = .
 COMMON         0x00204630        0x2 build/kernel/interrupt.o
                0x00204630                runisr
                0x00204631                sus_all_cnt
 *fill*         0x00204632        0x2 00
 COMMON         0x00204634       0x10 build/kernel/osctl.o
                0x00204634                callevel
                0x00204635                _errorhook_svcid
                0x00204636                appmode
                0x00204638                _errorhook_par1
                0x0020463c                _errorhook_par3
                0x00204640                _errorhook_par2
 COMMON         0x00204644        0x3 build/kernel/task.o
                0x00204644                runtsk
                0x00204645                schedtsk
                0x00204646                nextpri
 *fill*         0x00204647        0x1 00
 COMMON         0x00204648       0x2c build/./kernel_cfg.o
                0x00204648                tcb_waievt
                0x0020464c                rescb_prevpri
                0x0020464d                almcb_prev
                0x0020464e                tcb_lastres
                0x00204650                almcb_almval
                0x00204654                tcxb_pc
                0x00204658                tcb_next
                0x00204659                tcb_curpri
                0x0020465a                tcb_tstat
                0x0020465b                isrcb_lastres
                0x0020465c                cntcb_almque
                0x0020465d                rescb_prevres
                0x0020465e                tcb_actcnt
                0x00204660                tcb_curevt
                0x00204664                almcb_cycle
                0x00204668                tcxb_sp
                0x0020466c                almcb_next
                0x00204670                cntcb_curval
 COMMON         0x00204674       0x44 ../../../ecrobot/../ecrobot/libecrobot.a(uart.oram)
                0x00204674                uart
 COMMON         0x002046b8        0x4 ../../../ecrobot/../ecrobot/libecrobot.a(data_abort.oram)
                0x002046b8                data_abort_pc
 COMMON         0x002046bc        0x8 ../../../ecrobot/../ecrobot/libecrobot.a(display.oram)
                0x002046bc                display_x
                0x002046c0                display_y
 COMMON         0x002046c4      0x31c ../../../ecrobot/../ecrobot/libecrobot.a(sound.oram)
                0x002046c4                sample
                0x00203920                __bss_start__ = ADDR (.bss)
                0x002049e0                __bss_end__ = (ADDR (.bss) + SIZEOF (.bss))
                0x002049e0                PROVIDE (end, .)

.heap_area      0x002049e0     0xb198
                0x0020fb78                . = (. + (0x20fb78 - end))
 *fill*         0x002049e0     0xb198 00

.stack          0x0020fb78      0x488
                0x0020fbf8                . = (. + 0x80)
 *fill*         0x0020fb78       0x80 00
                0x0020fc00                . = ALIGN (0x10)
 *fill*         0x0020fbf8        0x8 00
                0x0020fc00                __irq_stack__ = .
                0x0020fc00                __system_stack_bottom__ = .
                0x00210000                . = (. + 0x400)
 *fill*         0x0020fc00      0x400 00
                0x00210000                . = ALIGN (0x10)
                0x00210000                __system_stack__ = .
                0x00210000                __system_stack_top__ = .
                0x0020fb78                __stack_start__ = ADDR (.stack)
                0x00210000                __stack_end__ = (ADDR (.stack) + SIZEOF (.stack))

/DISCARD/
 *(.debug*)
OUTPUT(nxtsensors_rom.elf elf32-littlearm)

.comment        0x00000000       0x11
 .comment       0x00000000       0x11 build/kernel/alarm.o
                                 0x12 (size before relaxing)
 .comment       0x00000000       0x12 build/kernel/event.o
 .comment       0x00000000       0x12 build/kernel/interrupt.o
 .comment       0x00000000       0x12 build/kernel/osctl.o
 .comment       0x00000000       0x12 build/kernel/resource.o
 .comment       0x00000000       0x12 build/kernel/task.o
 .comment       0x00000000       0x12 build/kernel/task_manage.o
 .comment       0x00000000       0x12 build/config/at91sam7s-gnu/cpu_config.o
 .comment       0x00000000       0x12 build/config/at91sam7s-gnu/lego_nxt/sys_config.o
 .comment       0x00000000       0x12 build/./kernel_cfg.o
 .comment       0x00000000       0x12 build/rtoscalls.o
 .comment       0x00000000       0x12 build/syscalls.o
 .comment       0x00000000       0x12 build/ecrobot_bluetooth.o
 .comment       0x00000000       0x12 build/ecrobot_base.o
 .comment       0x00000000       0x12 build/ecrobot.o
 .comment       0x00000000       0x12 build/syslib/at91sam7s-gnu/lego_nxt/hw_sys_timer.oram
 .comment       0x00000000       0x12 build/test_move.o
 .comment       0x00000000       0x12 ../../../ecrobot/../ecrobot/libecrobot++.a(Clock.o)
 .comment       0x00000000       0x12 ../../../ecrobot/../ecrobot/libecrobot++.a(GyroSensor.o)
 .comment       0x00000000       0x12 ../../../ecrobot/../ecrobot/libecrobot++.a(I2c.o)
 .comment       0x00000000       0x12 ../../../ecrobot/../ecrobot/libecrobot++.a(Lcd.o)
 .comment       0x00000000       0x12 ../../../ecrobot/../ecrobot/libecrobot++.a(LightSensor.o)
 .comment       0x00000000       0x12 ../../../ecrobot/../ecrobot/libecrobot++.a(Motor.o)
 .comment       0x00000000       0x12 ../../../ecrobot/../ecrobot/libecrobot++.a(SonarSensor.o)
 .comment       0x00000000       0x12 ../../../ecrobot/../ecrobot/libecrobot++.a(TouchSensor.o)
 .comment       0x00000000       0x12 ../../../ecrobot/../ecrobot/libecrobot++.a(New.o)
 .comment       0x00000000       0x12 ../../../ecrobot/../ecrobot/libecrobot.a(ecrobot_device_hook.o)
 .comment       0x00000000       0x12 ../../../ecrobot/../ecrobot/libecrobot.a(ecrobot_interface.o)
 .comment       0x00000000       0x12 ../../../ecrobot/../ecrobot/libecrobot.a(colorsensor.o)
 .comment       0x00000000       0x12 ../../../ecrobot/../ecrobot/libecrobot.a(osek_hook.o)
 .comment       0x00000000       0x12 ../../../ecrobot/../ecrobot/libecrobot.a(uart.oram)
 .comment       0x00000000       0x12 ../../../ecrobot/../ecrobot/libecrobot.a(systick.oram)
 .comment       0x00000000       0x12 ../../../ecrobot/../ecrobot/libecrobot.a(byte_fifo.oram)
 .comment       0x00000000       0x12 ../../../ecrobot/../ecrobot/libecrobot.a(aic.oram)
 .comment       0x00000000       0x12 ../../../ecrobot/../ecrobot/libecrobot.a(udp.oram)
 .comment       0x00000000       0x12 ../../../ecrobot/../ecrobot/libecrobot.a(twi.oram)
 .comment       0x00000000       0x12 ../../../ecrobot/../ecrobot/libecrobot.a(nxt_spi.oram)
 .comment       0x00000000       0x12 ../../../ecrobot/../ecrobot/libecrobot.a(nxt_motors.oram)
 .comment       0x00000000       0x12 ../../../ecrobot/../ecrobot/libecrobot.a(data_abort.oram)
 .comment       0x00000000       0x12 ../../../ecrobot/../ecrobot/libecrobot.a(display.oram)
 .comment       0x00000000       0x12 ../../../ecrobot/../ecrobot/libecrobot.a(i2c.oram)
 .comment       0x00000000       0x12 ../../../ecrobot/../ecrobot/libecrobot.a(sound.oram)
 .comment       0x00000000       0x12 ../../../ecrobot/../ecrobot/libecrobot.a(bt.oram)
 .comment       0x00000000       0x12 ../../../ecrobot/../ecrobot/libecrobot.a(nxt_avr.oram)
 .comment       0x00000000       0x12 ../../../ecrobot/../ecrobot/libecrobot.a(sensors.oram)
 .comment       0x00000000       0x12 ../../../ecrobot/../ecrobot/libecrobot.a(sensors1.oram)
 .comment       0x00000000       0x12 ../../../ecrobot/../ecrobot/libecrobot.a(nxt_lcd.oram)
 .comment       0x00000000       0x12 ../../../ecrobot/../ecrobot/libecrobot.a(flash_loader.oram)
 .comment       0x00000000       0x12 ../../../ecrobot/../ecrobot/libecrobot.a(ecrobot_usb.o)
 .comment       0x00000000       0x12 ../../../ecrobot/../ecrobot/libecrobot.a(flashprog.oram)
 .comment       0x00000000       0x12 /Users/e135733/etrobo/yagarto-4.6.2/bin/../lib/gcc/arm-none-eabi/4.6.2/../../../../arm-none-eabi/lib/thumb/libstdc++.a(atexit_arm.o)
 .comment       0x00000000       0x12 /Users/e135733/etrobo/yagarto-4.6.2/bin/../lib/gcc/arm-none-eabi/4.6.2/thumb/libgcc.a(_muldi3.o)
 .comment       0x00000000       0x12 /Users/e135733/etrobo/yagarto-4.6.2/bin/../lib/gcc/arm-none-eabi/4.6.2/thumb/libgcc.a(bpabi.o)
 .comment       0x00000000       0x12 /Users/e135733/etrobo/yagarto-4.6.2/bin/../lib/gcc/arm-none-eabi/4.6.2/thumb/libgcc.a(unwind-arm.o)
 .comment       0x00000000       0x12 /Users/e135733/etrobo/yagarto-4.6.2/bin/../lib/gcc/arm-none-eabi/4.6.2/thumb/libgcc.a(pr-support.o)
 .comment       0x00000000       0x12 /Users/e135733/etrobo/yagarto-4.6.2/bin/../lib/gcc/arm-none-eabi/4.6.2/thumb/libgcc.a(_divdi3.o)
 .comment       0x00000000       0x12 /Users/e135733/etrobo/yagarto-4.6.2/bin/../lib/gcc/arm-none-eabi/4.6.2/thumb/libgcc.a(_udivdi3.o)
 .comment       0x00000000       0x12 /Users/e135733/etrobo/yagarto-4.6.2/bin/../lib/gcc/arm-none-eabi/4.6.2/../../../../arm-none-eabi/lib/thumb/libc.a(lib_a-abort.o)
 .comment       0x00000000       0x12 /Users/e135733/etrobo/yagarto-4.6.2/bin/../lib/gcc/arm-none-eabi/4.6.2/../../../../arm-none-eabi/lib/thumb/libc.a(lib_a-cxa_atexit.o)
 .comment       0x00000000       0x12 /Users/e135733/etrobo/yagarto-4.6.2/bin/../lib/gcc/arm-none-eabi/4.6.2/../../../../arm-none-eabi/lib/thumb/libc.a(lib_a-cxa_finalize.o)
 .comment       0x00000000       0x12 /Users/e135733/etrobo/yagarto-4.6.2/bin/../lib/gcc/arm-none-eabi/4.6.2/../../../../arm-none-eabi/lib/thumb/libc.a(lib_a-malloc.o)
 .comment       0x00000000       0x12 /Users/e135733/etrobo/yagarto-4.6.2/bin/../lib/gcc/arm-none-eabi/4.6.2/../../../../arm-none-eabi/lib/thumb/libc.a(lib_a-mallocr.o)
 .comment       0x00000000       0x12 /Users/e135733/etrobo/yagarto-4.6.2/bin/../lib/gcc/arm-none-eabi/4.6.2/../../../../arm-none-eabi/lib/thumb/libc.a(lib_a-memcpy.o)
 .comment       0x00000000       0x12 /Users/e135733/etrobo/yagarto-4.6.2/bin/../lib/gcc/arm-none-eabi/4.6.2/../../../../arm-none-eabi/lib/thumb/libc.a(lib_a-memset.o)
 .comment       0x00000000       0x12 /Users/e135733/etrobo/yagarto-4.6.2/bin/../lib/gcc/arm-none-eabi/4.6.2/../../../../arm-none-eabi/lib/thumb/libc.a(lib_a-mlock.o)
 .comment       0x00000000       0x12 /Users/e135733/etrobo/yagarto-4.6.2/bin/../lib/gcc/arm-none-eabi/4.6.2/../../../../arm-none-eabi/lib/thumb/libc.a(lib_a-signal.o)
 .comment       0x00000000       0x12 /Users/e135733/etrobo/yagarto-4.6.2/bin/../lib/gcc/arm-none-eabi/4.6.2/../../../../arm-none-eabi/lib/thumb/libc.a(lib_a-signalr.o)
 .comment       0x00000000       0x12 /Users/e135733/etrobo/yagarto-4.6.2/bin/../lib/gcc/arm-none-eabi/4.6.2/../../../../arm-none-eabi/lib/thumb/libc.a(lib_a-strcmp.o)
 .comment       0x00000000       0x12 /Users/e135733/etrobo/yagarto-4.6.2/bin/../lib/gcc/arm-none-eabi/4.6.2/../../../../arm-none-eabi/lib/thumb/libc.a(lib_a-strcpy.o)
 .comment       0x00000000       0x12 /Users/e135733/etrobo/yagarto-4.6.2/bin/../lib/gcc/arm-none-eabi/4.6.2/../../../../arm-none-eabi/lib/thumb/libc.a(lib_a-strlen.o)
 .comment       0x00000000       0x12 /Users/e135733/etrobo/yagarto-4.6.2/bin/../lib/gcc/arm-none-eabi/4.6.2/../../../../arm-none-eabi/lib/thumb/libc.a(lib_a-strncpy.o)
 .comment       0x00000000       0x12 /Users/e135733/etrobo/yagarto-4.6.2/bin/../lib/gcc/arm-none-eabi/4.6.2/../../../../arm-none-eabi/lib/thumb/libc.a(lib_a-__atexit.o)
 .comment       0x00000000       0x12 /Users/e135733/etrobo/yagarto-4.6.2/bin/../lib/gcc/arm-none-eabi/4.6.2/../../../../arm-none-eabi/lib/thumb/libc.a(lib_a-__call_atexit.o)
 .comment       0x00000000       0x12 /Users/e135733/etrobo/yagarto-4.6.2/bin/../lib/gcc/arm-none-eabi/4.6.2/../../../../arm-none-eabi/lib/thumb/libc.a(lib_a-freer.o)
 .comment       0x00000000       0x12 /Users/e135733/etrobo/yagarto-4.6.2/bin/../lib/gcc/arm-none-eabi/4.6.2/../../../../arm-none-eabi/lib/thumb/libc.a(lib_a-impure.o)
 .comment       0x00000000       0x12 /Users/e135733/etrobo/yagarto-4.6.2/bin/../lib/gcc/arm-none-eabi/4.6.2/../../../../arm-none-eabi/lib/thumb/libc.a(lib_a-reent.o)

.ARM.attributes
                0x00000000       0x2e
 .ARM.attributes
                0x00000000       0x32 build/kernel/alarm.o
 .ARM.attributes
                0x00000032       0x32 build/kernel/event.o
 .ARM.attributes
                0x00000064       0x32 build/kernel/interrupt.o
 .ARM.attributes
                0x00000096       0x32 build/kernel/osctl.o
 .ARM.attributes
                0x000000c8       0x32 build/kernel/resource.o
 .ARM.attributes
                0x000000fa       0x32 build/kernel/task.o
 .ARM.attributes
                0x0000012c       0x32 build/kernel/task_manage.o
 .ARM.attributes
                0x0000015e       0x32 build/config/at91sam7s-gnu/cpu_config.o
 .ARM.attributes
                0x00000190       0x32 build/config/at91sam7s-gnu/lego_nxt/sys_config.o
 .ARM.attributes
                0x000001c2       0x32 build/./kernel_cfg.o
 .ARM.attributes
                0x000001f4       0x32 build/rtoscalls.o
 .ARM.attributes
                0x00000226       0x32 build/syscalls.o
 .ARM.attributes
                0x00000258       0x32 build/ecrobot_bluetooth.o
 .ARM.attributes
                0x0000028a       0x32 build/ecrobot_base.o
 .ARM.attributes
                0x000002bc       0x32 build/ecrobot.o
 .ARM.attributes
                0x000002ee       0x32 build/syslib/at91sam7s-gnu/lego_nxt/hw_sys_timer.oram
 .ARM.attributes
                0x00000320       0x32 build/test_move.o
 .ARM.attributes
                0x00000352       0x22 build/nxtvm/platform/nxt/vectors.o
 .ARM.attributes
                0x00000374       0x22 build/config/at91sam7s-gnu/debug.o
 .ARM.attributes
                0x00000396       0x22 build/config/at91sam7s-gnu/lego_nxt/sys_support.o
 .ARM.attributes
                0x000003b8       0x22 build/nxt_binary_header.o
 .ARM.attributes
                0x000003da       0x22 build/nxt_entry_point.o
 .ARM.attributes
                0x000003fc       0x22 build/ecrobot_init.o
 .ARM.attributes
                0x0000041e       0x22 build/config/at91sam7s-gnu/cpu_support.oram
 .ARM.attributes
                0x00000440       0x22 build/config/at91sam7s-gnu/irq.oram
 .ARM.attributes
                0x00000462       0x32 ../../../ecrobot/../ecrobot/libecrobot++.a(Clock.o)
 .ARM.attributes
                0x00000494       0x32 ../../../ecrobot/../ecrobot/libecrobot++.a(GyroSensor.o)
 .ARM.attributes
                0x000004c6       0x32 ../../../ecrobot/../ecrobot/libecrobot++.a(I2c.o)
 .ARM.attributes
                0x000004f8       0x32 ../../../ecrobot/../ecrobot/libecrobot++.a(Lcd.o)
 .ARM.attributes
                0x0000052a       0x32 ../../../ecrobot/../ecrobot/libecrobot++.a(LightSensor.o)
 .ARM.attributes
                0x0000055c       0x32 ../../../ecrobot/../ecrobot/libecrobot++.a(Motor.o)
 .ARM.attributes
                0x0000058e       0x32 ../../../ecrobot/../ecrobot/libecrobot++.a(SonarSensor.o)
 .ARM.attributes
                0x000005c0       0x32 ../../../ecrobot/../ecrobot/libecrobot++.a(TouchSensor.o)
 .ARM.attributes
                0x000005f2       0x32 ../../../ecrobot/../ecrobot/libecrobot++.a(New.o)
 .ARM.attributes
                0x00000624       0x32 ../../../ecrobot/../ecrobot/libecrobot.a(ecrobot_device_hook.o)
 .ARM.attributes
                0x00000656       0x32 ../../../ecrobot/../ecrobot/libecrobot.a(ecrobot_interface.o)
 .ARM.attributes
                0x00000688       0x32 ../../../ecrobot/../ecrobot/libecrobot.a(colorsensor.o)
 .ARM.attributes
                0x000006ba       0x32 ../../../ecrobot/../ecrobot/libecrobot.a(osek_hook.o)
 .ARM.attributes
                0x000006ec       0x32 ../../../ecrobot/../ecrobot/libecrobot.a(uart.oram)
 .ARM.attributes
                0x0000071e       0x32 ../../../ecrobot/../ecrobot/libecrobot.a(systick.oram)
 .ARM.attributes
                0x00000750       0x32 ../../../ecrobot/../ecrobot/libecrobot.a(byte_fifo.oram)
 .ARM.attributes
                0x00000782       0x32 ../../../ecrobot/../ecrobot/libecrobot.a(aic.oram)
 .ARM.attributes
                0x000007b4       0x32 ../../../ecrobot/../ecrobot/libecrobot.a(udp.oram)
 .ARM.attributes
                0x000007e6       0x32 ../../../ecrobot/../ecrobot/libecrobot.a(twi.oram)
 .ARM.attributes
                0x00000818       0x32 ../../../ecrobot/../ecrobot/libecrobot.a(nxt_spi.oram)
 .ARM.attributes
                0x0000084a       0x32 ../../../ecrobot/../ecrobot/libecrobot.a(nxt_motors.oram)
 .ARM.attributes
                0x0000087c       0x32 ../../../ecrobot/../ecrobot/libecrobot.a(data_abort.oram)
 .ARM.attributes
                0x000008ae       0x32 ../../../ecrobot/../ecrobot/libecrobot.a(display.oram)
 .ARM.attributes
                0x000008e0       0x32 ../../../ecrobot/../ecrobot/libecrobot.a(i2c.oram)
 .ARM.attributes
                0x00000912       0x32 ../../../ecrobot/../ecrobot/libecrobot.a(sound.oram)
 .ARM.attributes
                0x00000944       0x32 ../../../ecrobot/../ecrobot/libecrobot.a(bt.oram)
 .ARM.attributes
                0x00000976       0x32 ../../../ecrobot/../ecrobot/libecrobot.a(nxt_avr.oram)
 .ARM.attributes
                0x000009a8       0x32 ../../../ecrobot/../ecrobot/libecrobot.a(sensors.oram)
 .ARM.attributes
                0x000009da       0x32 ../../../ecrobot/../ecrobot/libecrobot.a(sensors1.oram)
 .ARM.attributes
                0x00000a0c       0x32 ../../../ecrobot/../ecrobot/libecrobot.a(nxt_lcd.oram)
 .ARM.attributes
                0x00000a3e       0x32 ../../../ecrobot/../ecrobot/libecrobot.a(flash_loader.oram)
 .ARM.attributes
                0x00000a70       0x22 ../../../ecrobot/../ecrobot/libecrobot.a(interrupts.oram)
 .ARM.attributes
                0x00000a92       0x32 ../../../ecrobot/../ecrobot/libecrobot.a(ecrobot_usb.o)
 .ARM.attributes
                0x00000ac4       0x32 ../../../ecrobot/../ecrobot/libecrobot.a(flashprog.oram)
 .ARM.attributes
                0x00000af6       0x32 /Users/e135733/etrobo/yagarto-4.6.2/bin/../lib/gcc/arm-none-eabi/4.6.2/../../../../arm-none-eabi/lib/thumb/libstdc++.a(atexit_arm.o)
 .ARM.attributes
                0x00000b28       0x18 /Users/e135733/etrobo/yagarto-4.6.2/bin/../lib/gcc/arm-none-eabi/4.6.2/thumb/libgcc.a(_thumb1_case_uqi.o)
 .ARM.attributes
                0x00000b40       0x18 /Users/e135733/etrobo/yagarto-4.6.2/bin/../lib/gcc/arm-none-eabi/4.6.2/thumb/libgcc.a(_thumb1_case_uhi.o)
 .ARM.attributes
                0x00000b58       0x1a /Users/e135733/etrobo/yagarto-4.6.2/bin/../lib/gcc/arm-none-eabi/4.6.2/thumb/libgcc.a(_udivsi3.o)
 .ARM.attributes
                0x00000b72       0x1a /Users/e135733/etrobo/yagarto-4.6.2/bin/../lib/gcc/arm-none-eabi/4.6.2/thumb/libgcc.a(_divsi3.o)
 .ARM.attributes
                0x00000b8c       0x18 /Users/e135733/etrobo/yagarto-4.6.2/bin/../lib/gcc/arm-none-eabi/4.6.2/thumb/libgcc.a(_dvmd_tls.o)
 .ARM.attributes
                0x00000ba4       0x1a /Users/e135733/etrobo/yagarto-4.6.2/bin/../lib/gcc/arm-none-eabi/4.6.2/thumb/libgcc.a(_arm_addsubdf3.o)
 .ARM.attributes
                0x00000bbe       0x1a /Users/e135733/etrobo/yagarto-4.6.2/bin/../lib/gcc/arm-none-eabi/4.6.2/thumb/libgcc.a(_arm_muldivdf3.o)
 .ARM.attributes
                0x00000bd8       0x1a /Users/e135733/etrobo/yagarto-4.6.2/bin/../lib/gcc/arm-none-eabi/4.6.2/thumb/libgcc.a(_arm_cmpdf2.o)
 .ARM.attributes
                0x00000bf2       0x1a /Users/e135733/etrobo/yagarto-4.6.2/bin/../lib/gcc/arm-none-eabi/4.6.2/thumb/libgcc.a(_arm_truncdfsf2.o)
 .ARM.attributes
                0x00000c0c       0x1a /Users/e135733/etrobo/yagarto-4.6.2/bin/../lib/gcc/arm-none-eabi/4.6.2/thumb/libgcc.a(_arm_addsubsf3.o)
 .ARM.attributes
                0x00000c26       0x1a /Users/e135733/etrobo/yagarto-4.6.2/bin/../lib/gcc/arm-none-eabi/4.6.2/thumb/libgcc.a(_arm_muldivsf3.o)
 .ARM.attributes
                0x00000c40       0x1a /Users/e135733/etrobo/yagarto-4.6.2/bin/../lib/gcc/arm-none-eabi/4.6.2/thumb/libgcc.a(_arm_cmpsf2.o)
 .ARM.attributes
                0x00000c5a       0x1a /Users/e135733/etrobo/yagarto-4.6.2/bin/../lib/gcc/arm-none-eabi/4.6.2/thumb/libgcc.a(_arm_fixsfsi.o)
 .ARM.attributes
                0x00000c74       0x1a /Users/e135733/etrobo/yagarto-4.6.2/bin/../lib/gcc/arm-none-eabi/4.6.2/thumb/libgcc.a(_aeabi_ldivmod.o)
 .ARM.attributes
                0x00000c8e       0x32 /Users/e135733/etrobo/yagarto-4.6.2/bin/../lib/gcc/arm-none-eabi/4.6.2/thumb/libgcc.a(_muldi3.o)
 .ARM.attributes
                0x00000cc0       0x32 /Users/e135733/etrobo/yagarto-4.6.2/bin/../lib/gcc/arm-none-eabi/4.6.2/thumb/libgcc.a(bpabi.o)
 .ARM.attributes
                0x00000cf2       0x32 /Users/e135733/etrobo/yagarto-4.6.2/bin/../lib/gcc/arm-none-eabi/4.6.2/thumb/libgcc.a(unwind-arm.o)
 .ARM.attributes
                0x00000d24       0x1e /Users/e135733/etrobo/yagarto-4.6.2/bin/../lib/gcc/arm-none-eabi/4.6.2/thumb/libgcc.a(libunwind.o)
 .ARM.attributes
                0x00000d42       0x32 /Users/e135733/etrobo/yagarto-4.6.2/bin/../lib/gcc/arm-none-eabi/4.6.2/thumb/libgcc.a(pr-support.o)
 .ARM.attributes
                0x00000d74       0x32 /Users/e135733/etrobo/yagarto-4.6.2/bin/../lib/gcc/arm-none-eabi/4.6.2/thumb/libgcc.a(_divdi3.o)
 .ARM.attributes
                0x00000da6       0x32 /Users/e135733/etrobo/yagarto-4.6.2/bin/../lib/gcc/arm-none-eabi/4.6.2/thumb/libgcc.a(_udivdi3.o)
 .ARM.attributes
                0x00000dd8       0x1a /Users/e135733/etrobo/yagarto-4.6.2/bin/../lib/gcc/arm-none-eabi/4.6.2/thumb/libgcc.a(_clzsi2.o)
 .ARM.attributes
                0x00000df2       0x32 /Users/e135733/etrobo/yagarto-4.6.2/bin/../lib/gcc/arm-none-eabi/4.6.2/../../../../arm-none-eabi/lib/thumb/libc.a(lib_a-abort.o)
 .ARM.attributes
                0x00000e24       0x32 /Users/e135733/etrobo/yagarto-4.6.2/bin/../lib/gcc/arm-none-eabi/4.6.2/../../../../arm-none-eabi/lib/thumb/libc.a(lib_a-cxa_atexit.o)
 .ARM.attributes
                0x00000e56       0x32 /Users/e135733/etrobo/yagarto-4.6.2/bin/../lib/gcc/arm-none-eabi/4.6.2/../../../../arm-none-eabi/lib/thumb/libc.a(lib_a-cxa_finalize.o)
 .ARM.attributes
                0x00000e88       0x32 /Users/e135733/etrobo/yagarto-4.6.2/bin/../lib/gcc/arm-none-eabi/4.6.2/../../../../arm-none-eabi/lib/thumb/libc.a(lib_a-malloc.o)
 .ARM.attributes
                0x00000eba       0x32 /Users/e135733/etrobo/yagarto-4.6.2/bin/../lib/gcc/arm-none-eabi/4.6.2/../../../../arm-none-eabi/lib/thumb/libc.a(lib_a-mallocr.o)
 .ARM.attributes
                0x00000eec       0x32 /Users/e135733/etrobo/yagarto-4.6.2/bin/../lib/gcc/arm-none-eabi/4.6.2/../../../../arm-none-eabi/lib/thumb/libc.a(lib_a-memcpy.o)
 .ARM.attributes
                0x00000f1e       0x32 /Users/e135733/etrobo/yagarto-4.6.2/bin/../lib/gcc/arm-none-eabi/4.6.2/../../../../arm-none-eabi/lib/thumb/libc.a(lib_a-memset.o)
 .ARM.attributes
                0x00000f50       0x32 /Users/e135733/etrobo/yagarto-4.6.2/bin/../lib/gcc/arm-none-eabi/4.6.2/../../../../arm-none-eabi/lib/thumb/libc.a(lib_a-mlock.o)
 .ARM.attributes
                0x00000f82       0x32 /Users/e135733/etrobo/yagarto-4.6.2/bin/../lib/gcc/arm-none-eabi/4.6.2/../../../../arm-none-eabi/lib/thumb/libc.a(lib_a-signal.o)
 .ARM.attributes
                0x00000fb4       0x32 /Users/e135733/etrobo/yagarto-4.6.2/bin/../lib/gcc/arm-none-eabi/4.6.2/../../../../arm-none-eabi/lib/thumb/libc.a(lib_a-signalr.o)
 .ARM.attributes
                0x00000fe6       0x32 /Users/e135733/etrobo/yagarto-4.6.2/bin/../lib/gcc/arm-none-eabi/4.6.2/../../../../arm-none-eabi/lib/thumb/libc.a(lib_a-strcmp.o)
 .ARM.attributes
                0x00001018       0x32 /Users/e135733/etrobo/yagarto-4.6.2/bin/../lib/gcc/arm-none-eabi/4.6.2/../../../../arm-none-eabi/lib/thumb/libc.a(lib_a-strcpy.o)
 .ARM.attributes
                0x0000104a       0x32 /Users/e135733/etrobo/yagarto-4.6.2/bin/../lib/gcc/arm-none-eabi/4.6.2/../../../../arm-none-eabi/lib/thumb/libc.a(lib_a-strlen.o)
 .ARM.attributes
                0x0000107c       0x32 /Users/e135733/etrobo/yagarto-4.6.2/bin/../lib/gcc/arm-none-eabi/4.6.2/../../../../arm-none-eabi/lib/thumb/libc.a(lib_a-strncpy.o)
 .ARM.attributes
                0x000010ae       0x32 /Users/e135733/etrobo/yagarto-4.6.2/bin/../lib/gcc/arm-none-eabi/4.6.2/../../../../arm-none-eabi/lib/thumb/libc.a(lib_a-__atexit.o)
 .ARM.attributes
                0x000010e0       0x32 /Users/e135733/etrobo/yagarto-4.6.2/bin/../lib/gcc/arm-none-eabi/4.6.2/../../../../arm-none-eabi/lib/thumb/libc.a(lib_a-__call_atexit.o)
 .ARM.attributes
                0x00001112       0x32 /Users/e135733/etrobo/yagarto-4.6.2/bin/../lib/gcc/arm-none-eabi/4.6.2/../../../../arm-none-eabi/lib/thumb/libc.a(lib_a-freer.o)
 .ARM.attributes
                0x00001144       0x32 /Users/e135733/etrobo/yagarto-4.6.2/bin/../lib/gcc/arm-none-eabi/4.6.2/../../../../arm-none-eabi/lib/thumb/libc.a(lib_a-impure.o)
 .ARM.attributes
                0x00001176       0x32 /Users/e135733/etrobo/yagarto-4.6.2/bin/../lib/gcc/arm-none-eabi/4.6.2/../../../../arm-none-eabi/lib/thumb/libc.a(lib_a-reent.o)
 .ARM.attributes
                0x000011a8       0x22 build/nxtvm/platform/nxt/vectors.o

Cross Reference Table

Symbol                                            File
ActivateTask                                      build/kernel/task_manage.o
AssertDeviceConstructor                           build/rtoscalls.o
                                                  ../../../ecrobot/../ecrobot/libecrobot++.a(TouchSensor.o)
                                                  ../../../ecrobot/../ecrobot/libecrobot++.a(Motor.o)
                                                  ../../../ecrobot/../ecrobot/libecrobot++.a(LightSensor.o)
                                                  ../../../ecrobot/../ecrobot/libecrobot++.a(I2c.o)
                                                  ../../../ecrobot/../ecrobot/libecrobot++.a(GyroSensor.o)
CancelAlarm                                       build/kernel/alarm.o
ChainTask                                         build/kernel/task_manage.o
ClearEvent                                        build/kernel/event.o
                                                  build/rtoscalls.o
DELTA_T                                           build/test_move.o
DisableAllInterrupts                              build/kernel/interrupt.o
EnableAllInterrupts                               build/kernel/interrupt.o
ErrorHook                                         ../../../ecrobot/../ecrobot/libecrobot.a(osek_hook.o)
                                                  build/kernel/osctl.o
EventSleep                                        build/./kernel_cfg.o
                                                  build/rtoscalls.o
EventSleepI2C                                     build/./kernel_cfg.o
                                                  build/rtoscalls.o
GetActiveApplicationMode                          build/kernel/osctl.o
GetAlarm                                          build/kernel/alarm.o
GetAlarmBase                                      build/kernel/alarm.o
GetEvent                                          build/kernel/event.o
GetResource                                       build/kernel/resource.o
GetTaskID                                         build/kernel/task_manage.o
                                                  build/rtoscalls.o
GetTaskState                                      build/kernel/task_manage.o
KD                                                build/test_move.o
KI                                                build/test_move.o
KP                                                build/test_move.o
Line_in                                           build/test_move.o
Line_out                                          build/test_move.o
NXT_COLORSENSOR_PROTOCOLS                         ../../../ecrobot/../ecrobot/libecrobot.a(ecrobot_interface.o)
NXT_Entry_Point                                   build/nxt_entry_point.o
                                                  build/nxt_binary_header.o
PostTaskHook                                      ../../../ecrobot/../ecrobot/libecrobot.a(osek_hook.o)
                                                  build/config/at91sam7s-gnu/cpu_support.oram
                                                  build/kernel/osctl.o
PreTaskHook                                       ../../../ecrobot/../ecrobot/libecrobot.a(osek_hook.o)
                                                  build/config/at91sam7s-gnu/cpu_support.oram
                                                  build/kernel/osctl.o
ReleaseResource                                   build/kernel/resource.o
ResumeAllInterrupts                               build/kernel/interrupt.o
ResumeOSInterrupts                                build/kernel/interrupt.o
Schedule                                          build/kernel/task_manage.o
SetAbsAlarm                                       build/kernel/alarm.o
SetEvent                                          build/kernel/event.o
                                                  build/rtoscalls.o
SetRelAlarm                                       build/kernel/alarm.o
ShutdownHook                                      ../../../ecrobot/../ecrobot/libecrobot.a(osek_hook.o)
                                                  build/kernel/osctl.o
ShutdownOS                                        build/kernel/osctl.o
SignalCounter                                     build/kernel/alarm.o
Sleep                                             build/rtoscalls.o
                                                  ../../../ecrobot/../ecrobot/libecrobot++.a(Clock.o)
SleepI2C                                          build/rtoscalls.o
                                                  ../../../ecrobot/../ecrobot/libecrobot++.a(I2c.o)
SleeperMonitor                                    build/rtoscalls.o
                                                  build/test_move.o
StartOS                                           build/kernel/osctl.o