Archive member included because of file (symbol)

../../../ecrobot/../ecrobot/libecrobot++.a(Clock.o)
                              build/sample.o (_ZN7ecrobot5ClockC1Ev)
../../../ecrobot/../ecrobot/libecrobot++.a(GyroSensor.o)
                              build/sample.o (_ZN7ecrobot10GyroSensorC1E6ePortS)
../../../ecrobot/../ecrobot/libecrobot++.a(I2c.o)
                              build/sample.o (_ZN7ecrobot3I2cD2Ev)
../../../ecrobot/../ecrobot/libecrobot++.a(Lcd.o)
                              build/sample.o (_ZN7ecrobot3Lcd5clearEb)
../../../ecrobot/../ecrobot/libecrobot++.a(LightSensor.o)
                              build/sample.o (_ZN7ecrobot11LightSensorD1Ev)
../../../ecrobot/../ecrobot/libecrobot++.a(Motor.o)
                              build/sample.o (_ZN7ecrobot5MotorC1E6ePortMb)
../../../ecrobot/../ecrobot/libecrobot++.a(SonarSensor.o)
                              build/sample.o (_ZN7ecrobot11SonarSensorC1E6ePortS)
../../../ecrobot/../ecrobot/libecrobot++.a(TouchSensor.o)
                              build/sample.o (_ZNK7ecrobot11TouchSensor9isPressedEv)
../../../ecrobot/../ecrobot/libecrobot++.a(New.o)
                              build/sample.o (_ZdlPv)
../../../ecrobot/../ecrobot/libecrobot.a(ecrobot_device_hook.o)
                              build/ecrobot.o (ecrobot_device_initialize)
../../../ecrobot/../ecrobot/libecrobot.a(ecrobot_interface.o)
                              build/ecrobot_base.o (ecrobot_get_battery_voltage)
../../../ecrobot/../ecrobot/libecrobot.a(colorsensor.o)
                              ../../../ecrobot/../ecrobot/libecrobot.a(ecrobot_interface.o) (colorsensor_init)
../../../ecrobot/../ecrobot/libecrobot.a(osek_hook.o)
                              build/kernel/osctl.o (StartupHook)
../../../ecrobot/../ecrobot/libecrobot.a(uart.oram)
                              build/config/at91sam7s-gnu/irq.oram (uart_isr_C_0)
../../../ecrobot/../ecrobot/libecrobot.a(systick.oram)
                              build/syslib/at91sam7s-gnu/lego_nxt/hw_sys_timer.oram (systick_low_priority_C)
../../../ecrobot/../ecrobot/libecrobot.a(byte_fifo.oram)
                              ../../../ecrobot/../ecrobot/libecrobot.a(uart.oram) (byte_fifo_init)
../../../ecrobot/../ecrobot/libecrobot.a(aic.oram)
                              ../../../ecrobot/../ecrobot/libecrobot.a(uart.oram) (aic_set_vector)
../../../ecrobot/../ecrobot/libecrobot.a(udp.oram)
                              build/config/at91sam7s-gnu/irq.oram (udp_isr_C)
../../../ecrobot/../ecrobot/libecrobot.a(twi.oram)
                              build/config/at91sam7s-gnu/irq.oram (twi_isr_C)
../../../ecrobot/../ecrobot/libecrobot.a(nxt_spi.oram)
                              build/config/at91sam7s-gnu/irq.oram (spi_isr_C)
../../../ecrobot/../ecrobot/libecrobot.a(nxt_motors.oram)
                              ../../../ecrobot/../ecrobot/libecrobot.a(ecrobot_interface.o) (nxt_motor_get_count)
../../../ecrobot/../ecrobot/libecrobot.a(data_abort.oram)
                              build/ecrobot_init.o (data_abort_C)
../../../ecrobot/../ecrobot/libecrobot.a(display.oram)
                              build/rtoscalls.o (display_update)
../../../ecrobot/../ecrobot/libecrobot.a(i2c.oram)
                              build/config/at91sam7s-gnu/irq.oram (i2c_timer_isr_C)
../../../ecrobot/../ecrobot/libecrobot.a(sound.oram)
                              ../../../ecrobot/../ecrobot/libecrobot.a(ecrobot_interface.o) (sound_freq_vol)
../../../ecrobot/../ecrobot/libecrobot.a(bt.oram)
                              build/ecrobot_bluetooth.o (bt_send)
../../../ecrobot/../ecrobot/libecrobot.a(nxt_avr.oram)
                              build/ecrobot_base.o (nxt_avr_power_down)
../../../ecrobot/../ecrobot/libecrobot.a(sensors.oram)
                              ../../../ecrobot/../ecrobot/libecrobot++.a(LightSensor.o) (set_digi0)
../../../ecrobot/../ecrobot/libecrobot.a(sensors1.oram)
                              ../../../ecrobot/../ecrobot/libecrobot.a(colorsensor.o) (sp_read)
../../../ecrobot/../ecrobot/libecrobot.a(nxt_lcd.oram)
                              ../../../ecrobot/../ecrobot/libecrobot.a(display.oram) (nxt_lcd_force_update)
../../../ecrobot/../ecrobot/libecrobot.a(flash_loader.oram)
                              build/ecrobot.o (set_flash_request)
../../../ecrobot/../ecrobot/libecrobot.a(interrupts.oram)
                              ../../../ecrobot/../ecrobot/libecrobot.a(uart.oram) (interrupts_get_and_disable)
../../../ecrobot/../ecrobot/libecrobot.a(nxtosek_splash.obmp)
                              build/ecrobot_base.o (nxtosek_splash_bmp_start)
../../../ecrobot/../ecrobot/libecrobot.a(ecrobot_usb.o)
                              ../../../ecrobot/../ecrobot/libecrobot.a(flash_loader.oram) (ecrobot_init_usb)
../../../ecrobot/../ecrobot/libecrobot.a(flashprog.oram)
                              ../../../ecrobot/../ecrobot/libecrobot.a(flash_loader.oram) (flash_write_page)
[...]
Memory Configuration

Name             Origin             Length             Attributes
header_ram       0x001ffff0         0x00000010
vector_ram       0x00200000         0x00000040
ram              0x00200040         0x0000ffc0
*default*        0x00000000         0xffffffff

Linker script and memory map

LOAD build/kernel/alarm.o
LOAD build/kernel/event.o
LOAD build/kernel/interrupt.o
LOAD build/kernel/osctl.o
LOAD build/kernel/resource.o
LOAD build/kernel/task.o
LOAD build/kernel/task_manage.o
LOAD build/config/at91sam7s-gnu/cpu_config.o
LOAD build/config/at91sam7s-gnu/lego_nxt/sys_config.o
LOAD build/./kernel_cfg.o
LOAD build/rtoscalls.o
LOAD build/syscalls.o
LOAD build/ecrobot_bluetooth.o
LOAD build/ecrobot_base.o
LOAD build/ecrobot.o
LOAD build/syslib/at91sam7s-gnu/lego_nxt/hw_sys_timer.oram
LOAD build/sample.o
LOAD build/nxtvm/platform/nxt/vectors.o
LOAD build/config/at91sam7s-gnu/debug.o
LOAD build/config/at91sam7s-gnu/lego_nxt/sys_support.o
LOAD build/nxt_binary_header.o
LOAD build/nxt_entry_point.o
LOAD build/ecrobot_init.o
LOAD build/config/at91sam7s-gnu/cpu_support.oram
LOAD build/config/at91sam7s-gnu/irq.oram
LOAD ../../../ecrobot/../ecrobot/libecrobot++.a
LOAD ../../../ecrobot/../ecrobot/libecrobot.a
LOAD /Users/e135712/etrobo/yagarto-4.6.2/bin/../lib/gcc/arm-none-eabi/4.6.2/../../../../arm-none-eabi/lib/thumb/libstdc++.a
LOAD /Users/e135712/etrobo/yagarto-4.6.2/bin/../lib/gcc/arm-none-eabi/4.6.2/../../../../arm-none-eabi/lib/thumb/libm.a
START GROUP
LOAD /Users/e135712/etrobo/yagarto-4.6.2/bin/../lib/gcc/arm-none-eabi/4.6.2/thumb/libgcc.a
LOAD /Users/e135712/etrobo/yagarto-4.6.2/bin/../lib/gcc/arm-none-eabi/4.6.2/../../../../arm-none-eabi/lib/thumb/libc.a
END GROUP
                0x00200000                RAM_BASE = 0x200000
                0x00010000                RAM_SIZE = 0x10000

.header         0x001ffff0       0x10
 *nxt_binary_header.o(*.text *.text.*)
 .text          0x001ffff0       0x10 build/nxt_binary_header.o
                0x00200000                . = ALIGN (0x10)

.vectors        0x00200000       0x40
 vectors.o(*.text *.text.*)
 .text          0x00200000       0x38 build/nxtvm/platform/nxt/vectors.o
                0x00200040                . = ALIGN (0x10)
 *fill*         0x00200038        0x8 00
                0x00200000                __vectors_ram_start__ = ADDR (.vectors)
                0x00200040                __vectors_ram_end__ = (ADDR (.vectors) + SIZEOF (.vectors))
                0x00200000                __vectors_load_start__ = LOADADDR (.vectors)
                0x00200040                __vectors_load_end__ = (LOADADDR (.vectors) + SIZEOF (.vectors))

.entry          0x00200040       0x40
 *nxt_entry_point.o(*.text *.text.*)
 .text          0x00200040       0x38 build/nxt_entry_point.o
                0x00200040                NXT_Entry_Point
                0x00200080                . = ALIGN (0x10)
 *fill*         0x00200078        0x8 00

.init           0x00200080      0x280
 *ecrobot_init.o(*.text *.text.*)
 .text          0x00200080      0x280 build/ecrobot_init.o
                0x00200080                start
                0x002001ec                undef_handler
                0x002001f0                swi_handler
                0x002001f4                prefetch_abort_handler
                0x002001f8                data_abort_handler
                0x00200214                reserved_handler
                0x00200300                . = ALIGN (0x10)

.ram_text       0x00200300     0x2f30
                0x00200300                . = ALIGN (0x10)
 *.oram(*.text *.text.* *.glue*)
 .text.systick_isr_C1
                0x00200300       0x28 build/syslib/at91sam7s-gnu/lego_nxt/hw_sys_timer.oram
                0x00200300                systick_isr_C1
 *fill*         0x00200328        0x8 00
 .text          0x00200330      0x230 build/config/at91sam7s-gnu/cpu_support.oram
                0x00200330                dispatch
                0x00200370                activate_r
                0x002003a0                exit_and_dispatch
                0x002003b0                start_dispatch
                0x0020046c                _interrupt
                0x002004dc                int_return
                0x00200508                disable_int
                0x00200510                enable_int
                0x00200518                nop
 .text          0x00200560      0x2c0 build/config/at91sam7s-gnu/irq.oram
                0x00200560                default_isr
                0x00200560                spurious_isr
                0x00200560                default_fiq
                0x00200564                systick_isr_entry
                0x002005ac                systick_low_priority_entry
                0x002005ec                udp_isr_entry
                0x0020062c                spi_isr_entry
                0x0020066c                twi_isr_entry
                0x002006ac                sound_isr_entry
                0x002006ec                uart_isr_entry_0
                0x0020072c                uart_isr_entry_1
                0x0020076c                nxt_motor_isr_entry
                0x002007ac                i2c_timer_isr_entry
 .text.uart_isr_C_0
                0x00200820       0x74 ../../../ecrobot/../ecrobot/libecrobot.a(uart.oram)
                0x00200820                uart_isr_C_0
 .text.uart_isr_C_1
                0x00200894        0x2 ../../../ecrobot/../ecrobot/libecrobot.a(uart.oram)
                0x00200894                uart_isr_C_1
 *fill*         0x00200896        0x2 00
 .text.systick_low_priority_C
                0x00200898       0x1c ../../../ecrobot/../ecrobot/libecrobot.a(systick.oram)
                0x00200898                systick_low_priority_C
 .text.systick_isr_C
                0x002008b4       0x24 ../../../ecrobot/../ecrobot/libecrobot.a(systick.oram)
                0x002008b4                systick_isr_C
 .text.systick_get_ms
                0x002008d8        0xc ../../../ecrobot/../ecrobot/libecrobot.a(systick.oram)
                0x002008d8                systick_get_ms
 .text.systick_wait_ms
                0x002008e4       0x1c ../../../ecrobot/../ecrobot/libecrobot.a(systick.oram)
                0x002008e4                systick_wait_ms
 .text.systick_wait_ns
                0x00200900       0x1c ../../../ecrobot/../ecrobot/libecrobot.a(systick.oram)
                0x00200900                systick_wait_ns
 .text.systick_init
                0x0020091c       0x58 ../../../ecrobot/../ecrobot/libecrobot.a(systick.oram)
                0x0020091c                systick_init
 .text.systick_suspend
                0x00200974        0xe ../../../ecrobot/../ecrobot/libecrobot.a(systick.oram)
                0x00200974                systick_suspend
 .text.systick_resume
                0x00200982        0xe ../../../ecrobot/../ecrobot/libecrobot.a(systick.oram)
                0x00200982                systick_resume
 .text.byte_fifo_put
                0x00200990       0x4a ../../../ecrobot/../ecrobot/libecrobot.a(byte_fifo.oram)
                0x00200990                byte_fifo_put
 .text.byte_fifo_get
                0x002009da       0x2c ../../../ecrobot/../ecrobot/libecrobot.a(byte_fifo.oram)
                0x002009da                byte_fifo_get
 *fill*         0x00200a06        0x2 00
 .text.aic_initialise
                0x00200a08       0x5c ../../../ecrobot/../ecrobot/libecrobot.a(aic.oram)
                0x00200a08                aic_initialise
 .text.aic_set_vector
                0x00200a64       0x30 ../../../ecrobot/../ecrobot/libecrobot.a(aic.oram)
                0x00200a64                aic_set_vector
 .text.aic_mask_on
                0x00200a94       0x24 ../../../ecrobot/../ecrobot/libecrobot.a(aic.oram)
                0x00200a94                aic_mask_on
 .text.aic_mask_off
                0x00200ab8       0x24 ../../../ecrobot/../ecrobot/libecrobot.a(aic.oram)
                0x00200ab8                aic_mask_off
 .text.aic_clear
                0x00200adc       0x24 ../../../ecrobot/../ecrobot/libecrobot.a(aic.oram)
                0x00200adc                aic_clear
 .text.reset    0x00200b00       0x4c ../../../ecrobot/../ecrobot/libecrobot.a(udp.oram)
 .text.udp_send_null
                0x00200b4c       0x2c ../../../ecrobot/../ecrobot/libecrobot.a(udp.oram)
 .text.udp_send_stall
                0x00200b78       0x2c ../../../ecrobot/../ecrobot/libecrobot.a(udp.oram)
 .text.udp_send_control
                0x00200ba4       0x54 ../../../ecrobot/../ecrobot/libecrobot.a(udp.oram)
 .text.udp_isr_C
                0x00200bf8      0x728 ../../../ecrobot/../ecrobot/libecrobot.a(udp.oram)
                0x00200bf8                udp_isr_C
 .text.twi_status
                0x00201320       0x1c ../../../ecrobot/../ecrobot/libecrobot.a(twi.oram)
                0x00201320                twi_status
 .text.twi_isr_C
                0x0020133c       0xbc ../../../ecrobot/../ecrobot/libecrobot.a(twi.oram)
                0x0020133c                twi_isr_C
 .text.twi_reset
                0x002013f8       0xc4 ../../../ecrobot/../ecrobot/libecrobot.a(twi.oram)
                0x002013f8                twi_reset
 .text.twi_init
                0x002014bc       0x4c ../../../ecrobot/../ecrobot/libecrobot.a(twi.oram)
                0x002014bc                twi_init
 .text.twi_start_read
                0x00201508       0x5c ../../../ecrobot/../ecrobot/libecrobot.a(twi.oram)
                0x00201508                twi_start_read
 .text.twi_start_write
                0x00201564       0x5c ../../../ecrobot/../ecrobot/libecrobot.a(twi.oram)
                0x00201564                twi_start_write
 .text.spi_set_mode
                0x002015c0       0x40 ../../../ecrobot/../ecrobot/libecrobot.a(nxt_spi.oram)
 .text.spi_isr_C
                0x00201600       0x6c ../../../ecrobot/../ecrobot/libecrobot.a(nxt_spi.oram)
                0x00201600                spi_isr_C
 .text.nxt_spi_init
                0x0020166c      0x140 ../../../ecrobot/../ecrobot/libecrobot.a(nxt_spi.oram)
                0x0020166c                nxt_spi_init
 .text.nxt_spi_write
                0x002017ac       0x44 ../../../ecrobot/../ecrobot/libecrobot.a(nxt_spi.oram)
                0x002017ac                nxt_spi_write
 .text.nxt_spi_set_display
                0x002017f0       0x14 ../../../ecrobot/../ecrobot/libecrobot.a(nxt_spi.oram)
                0x002017f0                nxt_spi_set_display
 .text.nxt_spi_refresh
                0x00201804       0x28 ../../../ecrobot/../ecrobot/libecrobot.a(nxt_spi.oram)
                0x00201804                nxt_spi_refresh
 .text.nxt_motor_set_count
                0x0020182c       0x14 ../../../ecrobot/../ecrobot/libecrobot.a(nxt_motors.oram)
                0x0020182c                nxt_motor_set_count
 .text.nxt_motor_set_speed
                0x00201840       0x30 ../../../ecrobot/../ecrobot/libecrobot.a(nxt_motors.oram)
                0x00201840                nxt_motor_set_speed
 .text.nxt_motor_1kHz_process
                0x00201870       0x2c ../../../ecrobot/../ecrobot/libecrobot.a(nxt_motors.oram)
                0x00201870                nxt_motor_1kHz_process
 .text.nxt_motor_quad_decode
                0x0020189c       0x48 ../../../ecrobot/../ecrobot/libecrobot.a(nxt_motors.oram)
                0x0020189c                nxt_motor_quad_decode
 .text.nxt_motor_isr_C
                0x002018e4       0x84 ../../../ecrobot/../ecrobot/libecrobot.a(nxt_motors.oram)
                0x002018e4                nxt_motor_isr_C
 .text.nxt_motor_init
                0x00201968       0x78 ../../../ecrobot/../ecrobot/libecrobot.a(nxt_motors.oram)
                0x00201968                nxt_motor_init
 .text.data_abort_C
                0x002019e0       0x7c ../../../ecrobot/../ecrobot/libecrobot.a(data_abort.oram)
                0x002019e0                data_abort_C
 .text.display_update
                0x00201a5c       0x18 ../../../ecrobot/../ecrobot/libecrobot.a(display.oram)
                0x00201a5c                display_update
 .text.display_force_update
                0x00201a74        0xc ../../../ecrobot/../ecrobot/libecrobot.a(display.oram)
                0x00201a74                display_force_update
 .text.display_clear
                0x00201a80       0x24 ../../../ecrobot/../ecrobot/libecrobot.a(display.oram)
                0x00201a80                display_clear
 .text.display_goto_xy
                0x00201aa4       0x14 ../../../ecrobot/../ecrobot/libecrobot.a(display.oram)
                0x00201aa4                display_goto_xy
 .text.display_char
                0x00201ab8       0x58 ../../../ecrobot/../ecrobot/libecrobot.a(display.oram)
                0x00201ab8                display_char
 .text.display_string
                0x00201b10       0x40 ../../../ecrobot/../ecrobot/libecrobot.a(display.oram)
                0x00201b10                display_string
 .text.display_unsigned_worker
                0x00201b50       0x72 ../../../ecrobot/../ecrobot/libecrobot.a(display.oram)
 *fill*         0x00201bc2        0x2 00
 .text.display_hex
                0x00201bc4       0x48 ../../../ecrobot/../ecrobot/libecrobot.a(display.oram)
                0x00201bc4                display_hex
 .text.display_unsigned
                0x00201c0c        0xe ../../../ecrobot/../ecrobot/libecrobot.a(display.oram)
                0x00201c0c                display_unsigned
 .text.display_int
                0x00201c1a       0x16 ../../../ecrobot/../ecrobot/libecrobot.a(display.oram)
                0x00201c1a                display_int
 .text.display_bitmap_copy
                0x00201c30       0x78 ../../../ecrobot/../ecrobot/libecrobot.a(display.oram)
                0x00201c30                display_bitmap_copy
 .text.display_init
                0x00201ca8       0x48 ../../../ecrobot/../ecrobot/libecrobot.a(display.oram)
                0x00201ca8                display_init
 .text.i2c_timer_isr_C
                0x00201cf0      0x2fc ../../../ecrobot/../ecrobot/libecrobot.a(i2c.oram)
                0x00201cf0                i2c_timer_isr_C
 .text.i2c_disable
                0x00201fec       0x24 ../../../ecrobot/../ecrobot/libecrobot.a(i2c.oram)
                0x00201fec                i2c_disable
 .text.i2c_enable
                0x00202010       0x50 ../../../ecrobot/../ecrobot/libecrobot.a(i2c.oram)
                0x00202010                i2c_enable
 .text.i2c_init
                0x00202060       0xb4 ../../../ecrobot/../ecrobot/libecrobot.a(i2c.oram)
                0x00202060                i2c_init
 .text.i2c_busy
                0x00202114       0x28 ../../../ecrobot/../ecrobot/libecrobot.a(i2c.oram)
                0x00202114                i2c_busy
 .text.sound_interrupt_enable
                0x0020213c       0x1c ../../../ecrobot/../ecrobot/libecrobot.a(sound.oram)
                0x0020213c                sound_interrupt_enable
 .text.sound_interrupt_disable
                0x00202158       0x14 ../../../ecrobot/../ecrobot/libecrobot.a(sound.oram)
                0x00202158                sound_interrupt_disable
 .text.sound_init
                0x0020216c       0xb0 ../../../ecrobot/../ecrobot/libecrobot.a(sound.oram)
                0x0020216c                sound_init
 .text.sound_fill_sample_buffer
                0x0020221c       0xe4 ../../../ecrobot/../ecrobot/libecrobot.a(sound.oram)
                0x0020221c                sound_fill_sample_buffer
 .text.sound_isr_C
                0x00202300      0x108 ../../../ecrobot/../ecrobot/libecrobot.a(sound.oram)
                0x00202300                sound_isr_C
 .text.bt_init  0x00202408      0x1d4 ../../../ecrobot/../ecrobot/libecrobot.a(bt.oram)
                0x00202408                bt_init
 .text.nxt_avr_power_down
                0x002025dc       0x10 ../../../ecrobot/../ecrobot/libecrobot.a(nxt_avr.oram)
                0x002025dc                nxt_avr_power_down
 .text.nxt_avr_link_init
                0x002025ec       0x20 ../../../ecrobot/../ecrobot/libecrobot.a(nxt_avr.oram)
                0x002025ec                nxt_avr_link_init
 .text.nxt_avr_init
                0x0020260c       0x68 ../../../ecrobot/../ecrobot/libecrobot.a(nxt_avr.oram)
                0x0020260c                nxt_avr_init
 .text.nxt_avr_1kHz_update
                0x00202674      0x1b0 ../../../ecrobot/../ecrobot/libecrobot.a(nxt_avr.oram)
                0x00202674                nxt_avr_1kHz_update
 .text.buttons_get
                0x00202824        0xc ../../../ecrobot/../ecrobot/libecrobot.a(nxt_avr.oram)
                0x00202824                buttons_get
 .text.battery_voltage
                0x00202830       0x20 ../../../ecrobot/../ecrobot/libecrobot.a(nxt_avr.oram)
                0x00202830                battery_voltage
 .text.sensor_adc
                0x00202850       0x24 ../../../ecrobot/../ecrobot/libecrobot.a(nxt_avr.oram)
                0x00202850                sensor_adc
 .text.nxt_avr_set_motor
                0x00202874       0x28 ../../../ecrobot/../ecrobot/libecrobot.a(nxt_avr.oram)
                0x00202874                nxt_avr_set_motor
 .text.nxt_avr_set_input_power
                0x0020289c       0x3c ../../../ecrobot/../ecrobot/libecrobot.a(nxt_avr.oram)
                0x0020289c                nxt_avr_set_input_power
 .text.set_digi0
                0x002028d8       0x48 ../../../ecrobot/../ecrobot/libecrobot.a(sensors.oram)
                0x002028d8                set_digi0
 .text.unset_digi0
                0x00202920       0x48 ../../../ecrobot/../ecrobot/libecrobot.a(sensors.oram)
                0x00202920                unset_digi0
 .text.unset_digi1
                0x00202968       0x48 ../../../ecrobot/../ecrobot/libecrobot.a(sensors.oram)
                0x00202968                unset_digi1
 .text.init_sensors
                0x002029b0       0x58 ../../../ecrobot/../ecrobot/libecrobot.a(sensors.oram)
                0x002029b0                init_sensors
 .text.nxt_lcd_command
                0x00202a08       0x16 ../../../ecrobot/../ecrobot/libecrobot.a(nxt_lcd.oram)
                0x00202a08                nxt_lcd_command
 .text.nxt_lcd_set_col
                0x00202a1e       0x1e ../../../ecrobot/../ecrobot/libecrobot.a(nxt_lcd.oram)
                0x00202a1e                nxt_lcd_set_col
 .text.nxt_lcd_set_multiplex_rate
                0x00202a3c       0x14 ../../../ecrobot/../ecrobot/libecrobot.a(nxt_lcd.oram)
                0x00202a3c                nxt_lcd_set_multiplex_rate
 .text.nxt_lcd_set_page_address
                0x00202a50       0x14 ../../../ecrobot/../ecrobot/libecrobot.a(nxt_lcd.oram)
                0x00202a50                nxt_lcd_set_page_address
 .text.nxt_lcd_set_pot
                0x00202a64       0x18 ../../../ecrobot/../ecrobot/libecrobot.a(nxt_lcd.oram)
                0x00202a64                nxt_lcd_set_pot
 .text.nxt_lcd_set_ram_address_control
                0x00202a7c       0x14 ../../../ecrobot/../ecrobot/libecrobot.a(nxt_lcd.oram)
                0x00202a7c                nxt_lcd_set_ram_address_control
 .text.nxt_lcd_enable
                0x00202a90       0x14 ../../../ecrobot/../ecrobot/libecrobot.a(nxt_lcd.oram)
                0x00202a90                nxt_lcd_enable
 .text.nxt_lcd_set_map_control
                0x00202aa4       0x16 ../../../ecrobot/../ecrobot/libecrobot.a(nxt_lcd.oram)
                0x00202aa4                nxt_lcd_set_map_control
 .text.nxt_lcd_reset
                0x00202aba        0xe ../../../ecrobot/../ecrobot/libecrobot.a(nxt_lcd.oram)
                0x00202aba                nxt_lcd_reset
 .text.nxt_lcd_set_bias_ratio
                0x00202ac8       0x14 ../../../ecrobot/../ecrobot/libecrobot.a(nxt_lcd.oram)
                0x00202ac8                nxt_lcd_set_bias_ratio
 .text.nxt_lcd_force_update
                0x00202adc       0x30 ../../../ecrobot/../ecrobot/libecrobot.a(nxt_lcd.oram)
                0x00202adc                nxt_lcd_force_update
 .text.nxt_lcd_update
                0x00202b0c        0xc ../../../ecrobot/../ecrobot/libecrobot.a(nxt_lcd.oram)
                0x00202b0c                nxt_lcd_update
 .text.nxt_lcd_power_up
                0x00202b18       0x48 ../../../ecrobot/../ecrobot/libecrobot.a(nxt_lcd.oram)
                0x00202b18                nxt_lcd_power_up
 .text.nxt_lcd_power_down
                0x00202b60        0xc ../../../ecrobot/../ecrobot/libecrobot.a(nxt_lcd.oram)
                0x00202b60                nxt_lcd_power_down
 .text.nxt_lcd_init
                0x00202b6c       0x18 ../../../ecrobot/../ecrobot/libecrobot.a(nxt_lcd.oram)
                0x00202b6c                nxt_lcd_init
 .text.verify_flash_page
                0x00202b84       0x2e ../../../ecrobot/../ecrobot/libecrobot.a(flash_loader.oram)
 *fill*         0x00202bb2        0x2 00
 .text.set_flash_request
                0x00202bb4       0x38 ../../../ecrobot/../ecrobot/libecrobot.a(flash_loader.oram)
                0x00202bb4                set_flash_request
 .text.nxt_device_init
                0x00202bec       0x38 ../../../ecrobot/../ecrobot/libecrobot.a(flash_loader.oram)
                0x00202bec                nxt_device_init
 .text          0x00202c24       0x68 ../../../ecrobot/../ecrobot/libecrobot.a(interrupts.oram)
                0x00202c24                interrupts_get_and_disable
                0x00202c48                interrupts_enable
                0x00202c58                fiq_get_and_disable
                0x00202c7c                fiq_enable
 .text.flash_write_page
                0x00202c8c       0xb8 ../../../ecrobot/../ecrobot/libecrobot.a(flashprog.oram)
                0x00202c8c                flash_write_page
 *fill*         0x00202d44        0x4 00
 .text.flash_write_page.stub
                0x00202d48       0x38 linker stubs
                0x00202d80                . = ALIGN (0x10)
 *fill*         0x00202d88        0x8 00
 *.oram(*.rodata *.rodata.*)
 .rodata.dd     0x00202d90       0x12 ../../../ecrobot/../ecrobot/libecrobot.a(udp.oram)
 .rodata.ld     0x00202da2        0x4 ../../../ecrobot/../ecrobot/libecrobot.a(udp.oram)
 .rodata.cfd    0x00202da6       0x20 ../../../ecrobot/../ecrobot/libecrobot.a(udp.oram)
 .rodata.str1.1
                0x00202dc6       0x1d ../../../ecrobot/../ecrobot/libecrobot.a(data_abort.oram)
 .rodata.str1.1
                0x00202de3       0x67 ../../../ecrobot/../ecrobot/libecrobot.a(display.oram)
 .rodata.font   0x00202e4a      0x280 ../../../ecrobot/../ecrobot/libecrobot.a(display.oram)
 *fill*         0x002030ca        0x2 00
 .rodata.i2c_pin
                0x002030cc       0x20 ../../../ecrobot/../ecrobot/libecrobot.a(i2c.oram)
 .rodata        0x002030ec        0x9 ../../../ecrobot/../ecrobot/libecrobot.a(sound.oram)
 *fill*         0x002030f5        0x3 00
 .rodata.sample_pattern
                0x002030f8       0x84 ../../../ecrobot/../ecrobot/libecrobot.a(sound.oram)
                0x002030f8                sample_pattern
 .rodata.silence
                0x0020317c       0x40 ../../../ecrobot/../ecrobot/libecrobot.a(sound.oram)
                0x0020317c                silence
 .rodata.avr_brainwash_string
                0x002031bc       0x30 ../../../ecrobot/../ecrobot/libecrobot.a(nxt_avr.oram)
                0x002031bc                avr_brainwash_string
 .rodata        0x002031ec       0x20 ../../../ecrobot/../ecrobot/libecrobot.a(sensors.oram)
 .rodata.str1.1
                0x0020320c       0x21 ../../../ecrobot/../ecrobot/libecrobot.a(flash_loader.oram)
                0x00203230                . = ALIGN (0x10)
 *fill*         0x0020322d        0x3 00
                0x00200300                __ramtext_ram_start__ = ADDR (.ram_text)
                0x00203230                __ramtext_ram_end__ = (ADDR (.ram_text) + SIZEOF (.ram_text))
                0x00200300                __ramtext_load_start__ = LOADADDR (.ram_text)
                0x00203230                __ramtext_load_end__ = (__ramtext_load_start__ + SIZEOF (.ram_text))

.wav_data       0x00203230        0x0
 *.owav(*.data *.data.*)
                0x00203230                . = ALIGN (0x10)

.bmp_data       0x00203230      0x440
 *.obmp(*.data *.data.*)
 .data          0x00203230      0x43e ../../../ecrobot/../ecrobot/libecrobot.a(nxtosek_splash.obmp)
                0x00203230                nxtosek_splash_bmp_start
                0x0020366e                nxtosek_splash_bmp_end
                0x00203670                . = ALIGN (0x10)
 *fill*         0x0020366e        0x2 00

.spr_data       0x00203670        0x0
 *.ospr(*.data *.data.*)
                0x00203670                . = ALIGN (0x10)

.data           0x00203670      0x890
 *(*.data *.data.*)
 .data.deviceStatus
                0x00203670        0x1 ../../../ecrobot/../ecrobot/libecrobot.a(ecrobot_interface.o)
 .data.named    0x00203671       0x22 ../../../ecrobot/../ecrobot/libecrobot.a(udp.oram)
 .data.snd      0x00203693       0x1a ../../../ecrobot/../ecrobot/libecrobot.a(udp.oram)
 *fill*         0x002036ad        0x3 00
 .data.configured
                0x002036b0        0x4 ../../../ecrobot/../ecrobot/libecrobot.a(udp.oram)
 .bss.data      0x002036b4        0x4 ../../../ecrobot/../ecrobot/libecrobot.a(nxt_spi.oram)
                0x002036b4                data
 .data.mode     0x002036b8        0x1 ../../../ecrobot/../ecrobot/libecrobot.a(nxt_spi.oram)
                0x002036b8                mode
 *fill*         0x002036b9        0x3 00
 .data.display_auto_update
                0x002036bc        0x4 ../../../ecrobot/../ecrobot/libecrobot.a(display.oram)
                0x002036bc                display_auto_update
 .data          0x002036c0      0x410 /Users/e135712/etrobo/yagarto-4.6.2/bin/../lib/gcc/arm-none-eabi/4.6.2/../../../../arm-none-eabi/lib/thumb/libc.a(lib_a-mallocr.o)
                0x002036c0                __malloc_av_
                0x00203ac8                __malloc_sbrk_base
                0x00203acc                __malloc_trim_threshold
 .data          0x00203ad0      0x430 /Users/e135712/etrobo/yagarto-4.6.2/bin/../lib/gcc/arm-none-eabi/4.6.2/../../../../arm-none-eabi/lib/thumb/libc.a(lib_a-impure.o)
                0x00203ad0                _impure_ptr
                0x00203f00                . = ALIGN (0x10)
                0x00203670                __data_ram_start__ = ADDR (.data)
                0x00203f00                __data_ram_end__ = (ADDR (.data) + SIZEOF (.data))
                0x00203670                __data_load_start__ = LOADADDR (.data)
                0x00203f00                __data_load_end__ = (__data_load_start__ + SIZEOF (.data))

.text           0x00203f00     0x1cf0
                0x00203f00                . = ALIGN (0x10)
 *(.text .text.* *.glue*)
 .glue_7        0x00000000        0x0 linker stubs
 .glue_7t       0x00000000        0x0 linker stubs
 .text.SetEvent
                0x00203f00       0xa4 build/kernel/event.o
                0x00203f00                SetEvent
 .text.call_posttaskhook
                0x00203fa4       0x24 build/kernel/osctl.o
                0x00203fa4                call_posttaskhook
 .text.call_pretaskhook
                0x00203fc8       0x24 build/kernel/osctl.o
                0x00203fc8                call_pretaskhook
 .text.StartOS  0x00203fec       0x54 build/kernel/osctl.o
                0x00203fec                StartOS
 .text.ShutdownOS
                0x00204040       0x48 build/kernel/osctl.o
                0x00204040                ShutdownOS
 .text.call_errorhook
                0x00204088       0x6c build/kernel/osctl.o
                0x00204088                call_errorhook
 .text.make_runnable
                0x002040f4       0x98 build/kernel/task.o
                0x002040f4                make_runnable
 .text.make_active
                0x0020418c       0x74 build/kernel/task.o
                0x0020418c                make_active
 .text.task_initialize
                0x00204200       0x80 build/kernel/task.o
                0x00204200                task_initialize
 .text.cpu_initialize
                0x00204280        0x2 build/config/at91sam7s-gnu/cpu_config.o
                0x00204280                cpu_initialize
 .text.cpu_terminate
                0x00204282        0x2 build/config/at91sam7s-gnu/cpu_config.o
                0x00204282                cpu_terminate
 .text.sys_initialize
                0x00204284        0x2 build/config/at91sam7s-gnu/lego_nxt/sys_config.o
                0x00204284                sys_initialize
 .text.sys_exit
                0x00204286        0x2 build/config/at91sam7s-gnu/lego_nxt/sys_config.o
                0x00204286                sys_exit
 .text.object_initialize
                0x00204288        0xc build/./kernel_cfg.o
                0x00204288                object_initialize
 .text.SleeperMonitor
                0x00204294       0x78 build/rtoscalls.o
                0x00204294                SleeperMonitor
 .text.AssertDeviceConstructor
                0x0020430c       0x2c build/rtoscalls.o
                0x0020430c                AssertDeviceConstructor
 .text._sbrk_r  0x00204338       0x20 build/syscalls.o
                0x00204338                _sbrk_r
 .text.init_OS_flag
                0x00204358        0xc build/ecrobot_base.o
                0x00204358                init_OS_flag
 .text.set_OS_flag
                0x00204364        0xc build/ecrobot_base.o
                0x00204364                set_OS_flag
 .text.get_OS_flag
                0x00204370        0xc build/ecrobot_base.o
                0x00204370                get_OS_flag
 .text.cpp_constructor
                0x0020437c       0x28 build/ecrobot_base.o
                0x0020437c                cpp_constructor
 .text.cpp_destructor
                0x002043a4        0xe build/ecrobot_base.o
                0x002043a4                cpp_destructor
 *fill*         0x002043b2        0x2 00
 .text.execution_mode
                0x002043b4       0x14 build/ecrobot_base.o
                0x002043b4                execution_mode
 .text.show_splash_screen
                0x002043c8       0x98 build/ecrobot_base.o
                0x002043c8                show_splash_screen
 .text.show_main_screen
                0x00204460       0x48 build/ecrobot_base.o
                0x00204460                show_main_screen
 .text.display_status_bar
                0x002044a8       0x5c build/ecrobot_base.o
                0x002044a8                display_status_bar
 .text.add_status_info
                0x00204504       0x68 build/ecrobot_base.o
                0x00204504                add_status_info
 .text.restart_NXT
                0x0020456c       0x2e build/ecrobot_base.o
                0x0020456c                restart_NXT
 .text.shutdown_NXT
                0x0020459a       0x2e build/ecrobot_base.o
                0x0020459a                shutdown_NXT
 .text.check_NXT_buttons
                0x002045c8       0x3c build/ecrobot_base.o
                0x002045c8                check_NXT_buttons
 .text.startup.main
                0x00204604      0x108 build/ecrobot.o
                0x00204604                main
 .text._ZN7ecrobot6SensorD2Ev
                0x0020470c       0x1c build/sample.o
                0x0020470c                _ZN7ecrobot6SensorD1Ev
                0x0020470c                _ZN7ecrobot6SensorD2Ev
 .text._ZN7ecrobot11TouchSensorD2Ev
                0x00204728       0x18 build/sample.o
                0x00204728                _ZN7ecrobot11TouchSensorD2Ev
                0x00204728                _ZN7ecrobot11TouchSensorD1Ev
 .text._ZN7ecrobot11TouchSensorD0Ev
                0x00204740       0x20 build/sample.o
                0x00204740                _ZN7ecrobot11TouchSensorD0Ev
 .text._ZN7ecrobot10GyroSensorD2Ev
                0x00204760       0x18 build/sample.o
                0x00204760                _ZN7ecrobot10GyroSensorD2Ev
                0x00204760                _ZN7ecrobot10GyroSensorD1Ev
 .text._ZN7ecrobot10GyroSensorD0Ev
                0x00204778       0x20 build/sample.o
                0x00204778                _ZN7ecrobot10GyroSensorD0Ev
 .text._ZN7ecrobot6SensorD0Ev
                0x00204798       0x16 build/sample.o
                0x00204798                _ZN7ecrobot6SensorD0Ev
 *fill*         0x002047ae        0x2 00
 .text._ZN7ecrobot11SonarSensorD2Ev
                0x002047b0       0x18 build/sample.o
                0x002047b0                _ZN7ecrobot11SonarSensorD1Ev
                0x002047b0                _ZN7ecrobot11SonarSensorD2Ev
 .text._ZN7ecrobot11SonarSensorD0Ev
                0x002047c8       0x20 build/sample.o
                0x002047c8                _ZN7ecrobot11SonarSensorD0Ev
 .text.user_1ms_isr_type2
                0x002047e8        0xc build/sample.o
                0x002047e8                user_1ms_isr_type2
 .text.TaskMainTaskMain
                0x002047f4       0x7c build/sample.o
                0x002047f4                TaskMainTaskMain
 .text.startup._GLOBAL__sub_I_light
                0x00204870       0xd4 build/sample.o
 .text._ZN7ecrobot5ClockC2Ev
                0x00204944       0x12 ../../../ecrobot/../ecrobot/libecrobot++.a(Clock.o)
                0x00204944                _ZN7ecrobot5ClockC2Ev
                0x00204944                _ZN7ecrobot5ClockC1Ev
 *fill*         0x00204956        0x2 00
 .text._ZN7ecrobot10GyroSensorC2E6ePortS
                0x00204958       0x3c ../../../ecrobot/../ecrobot/libecrobot++.a(GyroSensor.o)
                0x00204958                _ZN7ecrobot10GyroSensorC2E6ePortS
                0x00204958                _ZN7ecrobot10GyroSensorC1E6ePortS
 .text._ZN7ecrobot3I2cD2Ev
                0x00204994       0x24 ../../../ecrobot/../ecrobot/libecrobot++.a(I2c.o)
                0x00204994                _ZN7ecrobot3I2cD1Ev
                0x00204994                _ZN7ecrobot3I2cD2Ev
 .text._ZN7ecrobot3I2cD0Ev
                0x002049b8       0x16 ../../../ecrobot/../ecrobot/libecrobot++.a(I2c.o)
                0x002049b8                _ZN7ecrobot3I2cD0Ev
 *fill*         0x002049ce        0x2 00
 .text._ZN7ecrobot3I2cC2E6ePortS6ePower
                0x002049d0       0x34 ../../../ecrobot/../ecrobot/libecrobot++.a(I2c.o)
                0x002049d0                _ZN7ecrobot3I2cC2E6ePortS6ePower
                0x002049d0                _ZN7ecrobot3I2cC1E6ePortS6ePower
 .text._ZN7ecrobot3LcdC2Ev
                0x00204a04        0x6 ../../../ecrobot/../ecrobot/libecrobot++.a(Lcd.o)
                0x00204a04                _ZN7ecrobot3LcdC2Ev
                0x00204a04                _ZN7ecrobot3LcdC1Ev
 .text._ZN7ecrobot3Lcd5clearEb
                0x00204a0a       0x1a ../../../ecrobot/../ecrobot/libecrobot++.a(Lcd.o)
                0x00204a0a                _ZN7ecrobot3Lcd5clearEb
 .text._ZN7ecrobot3Lcd4putfEPKcz
                0x00204a24       0x98 ../../../ecrobot/../ecrobot/libecrobot++.a(Lcd.o)
                0x00204a24                _ZN7ecrobot3Lcd4putfEPKcz
 .text._ZN7ecrobot3Lcd4dispEv
                0x00204abc        0xc ../../../ecrobot/../ecrobot/libecrobot++.a(Lcd.o)
                0x00204abc                _ZN7ecrobot3Lcd4dispEv
 .text._ZN7ecrobot11LightSensorD2Ev
                0x00204ac8       0x24 ../../../ecrobot/../ecrobot/libecrobot++.a(LightSensor.o)
                0x00204ac8                _ZN7ecrobot11LightSensorD2Ev
                0x00204ac8                _ZN7ecrobot11LightSensorD1Ev
 .text._ZN7ecrobot11LightSensorD0Ev
                0x00204aec       0x16 ../../../ecrobot/../ecrobot/libecrobot++.a(LightSensor.o)
                0x00204aec                _ZN7ecrobot11LightSensorD0Ev
 *fill*         0x00204b02        0x2 00
 .text._ZNK7ecrobot11LightSensor13getBrightnessEv
                0x00204b04       0x1c ../../../ecrobot/../ecrobot/libecrobot++.a(LightSensor.o)
                0x00204b04                _ZNK7ecrobot11LightSensor13getBrightnessEv
 .text._ZN7ecrobot11LightSensor7setLampEb
                0x00204b20       0x18 ../../../ecrobot/../ecrobot/libecrobot++.a(LightSensor.o)
                0x00204b20                _ZN7ecrobot11LightSensor7setLampEb
 .text._ZN7ecrobot11LightSensorC2E6ePortSb
                0x00204b38       0x40 ../../../ecrobot/../ecrobot/libecrobot++.a(LightSensor.o)
                0x00204b38                _ZN7ecrobot11LightSensorC1E6ePortSb
                0x00204b38                _ZN7ecrobot11LightSensorC2E6ePortSb
 .text._ZN7ecrobot5MotorC2E6ePortMb
                0x00204b78       0x20 ../../../ecrobot/../ecrobot/libecrobot++.a(Motor.o)
                0x00204b78                _ZN7ecrobot5MotorC1E6ePortMb
                0x00204b78                _ZN7ecrobot5MotorC2E6ePortMb
 .text._ZN7ecrobot5MotorD2Ev
                0x00204b98       0x16 ../../../ecrobot/../ecrobot/libecrobot++.a(Motor.o)
                0x00204b98                _ZN7ecrobot5MotorD2Ev
                0x00204b98                _ZN7ecrobot5MotorD1Ev
 *fill*         0x00204bae        0x2 00
 .text._ZN7ecrobot11SonarSensorC2E6ePortS
                0x00204bb0       0x1c ../../../ecrobot/../ecrobot/libecrobot++.a(SonarSensor.o)
                0x00204bb0                _ZN7ecrobot11SonarSensorC1E6ePortS
                0x00204bb0                _ZN7ecrobot11SonarSensorC2E6ePortS
 .text._ZN7ecrobot11TouchSensorC2E6ePortS
                0x00204bcc       0x34 ../../../ecrobot/../ecrobot/libecrobot++.a(TouchSensor.o)
                0x00204bcc                _ZN7ecrobot11TouchSensorC1E6ePortS
                0x00204bcc                _ZN7ecrobot11TouchSensorC2E6ePortS
 .text._ZNK7ecrobot11TouchSensor9isPressedEv
                0x00204c00       0x24 ../../../ecrobot/../ecrobot/libecrobot++.a(TouchSensor.o)
                0x00204c00                _ZNK7ecrobot11TouchSensor9isPressedEv
 .text._ZdlPv   0x00204c24        0xc ../../../ecrobot/../ecrobot/libecrobot++.a(New.o)
                0x00204c24                _ZdlPv
 .text.ecrobot_device_initialize
                0x00204c30        0x2 ../../../ecrobot/../ecrobot/libecrobot.a(ecrobot_device_hook.o)
                0x00204c30                ecrobot_device_initialize
 .text.ecrobot_device_terminate
                0x00204c32        0x2 ../../../ecrobot/../ecrobot/libecrobot.a(ecrobot_device_hook.o)
                0x00204c32                ecrobot_device_terminate
 .text.ecrobot_get_battery_voltage
                0x00204c34        0xc ../../../ecrobot/../ecrobot/libecrobot.a(ecrobot_interface.o)
                0x00204c34                ecrobot_get_battery_voltage
 .text.ecrobot_init_nxtstate
                0x00204c40       0x28 ../../../ecrobot/../ecrobot/libecrobot.a(ecrobot_interface.o)
                0x00204c40                ecrobot_init_nxtstate
 .text.ecrobot_get_button_state
                0x00204c68        0xc ../../../ecrobot/../ecrobot/libecrobot.a(ecrobot_interface.o)
                0x00204c68                ecrobot_get_button_state
 .text.ecrobot_poll_nxtstate
                0x00204c74       0x60 ../../../ecrobot/../ecrobot/libecrobot.a(ecrobot_interface.o)
                0x00204c74                ecrobot_poll_nxtstate
 .text.ecrobot_setDeviceInitialized
                0x00204cd4       0x18 ../../../ecrobot/../ecrobot/libecrobot.a(ecrobot_interface.o)
                0x00204cd4                ecrobot_setDeviceInitialized
 .text.ecrobot_initDeviceStatus
                0x00204cec        0xc ../../../ecrobot/../ecrobot/libecrobot.a(ecrobot_interface.o)
                0x00204cec                ecrobot_initDeviceStatus
 .text.ecrobot_bmp2lcd
                0x00204cf8      0x1b0 ../../../ecrobot/../ecrobot/libecrobot.a(ecrobot_interface.o)
                0x00204cf8                ecrobot_bmp2lcd
 .text.StartupHook
                0x00204ea8        0x2 ../../../ecrobot/../ecrobot/libecrobot.a(osek_hook.o)
                0x00204ea8                StartupHook
 .text.PreTaskHook
                0x00204eaa        0x2 ../../../ecrobot/../ecrobot/libecrobot.a(osek_hook.o)
                0x00204eaa                PreTaskHook
 .text.PostTaskHook
                0x00204eac        0x2 ../../../ecrobot/../ecrobot/libecrobot.a(osek_hook.o)
                0x00204eac                PostTaskHook
 .text.ErrorHook
                0x00204eae        0x2 ../../../ecrobot/../ecrobot/libecrobot.a(osek_hook.o)
                0x00204eae                ErrorHook
 .text.ShutdownHook
                0x00204eb0        0x2 ../../../ecrobot/../ecrobot/libecrobot.a(osek_hook.o)
                0x00204eb0                ShutdownHook
 *fill*         0x00204eb2        0x2 00
 .text.__aeabi_atexit
                0x00204eb4       0x14 /Users/e135712/etrobo/yagarto-4.6.2/bin/../lib/gcc/arm-none-eabi/4.6.2/../../../../arm-none-eabi/lib/thumb/libstdc++.a(atexit_arm.o)
                0x00204eb4                __aeabi_atexit
 .text          0x00204ec8       0x14 /Users/e135712/etrobo/yagarto-4.6.2/bin/../lib/gcc/arm-none-eabi/4.6.2/thumb/libgcc.a(_thumb1_case_uqi.o)
                0x00204ec8                __gnu_thumb1_case_uqi
 .text          0x00204edc       0x14 /Users/e135712/etrobo/yagarto-4.6.2/bin/../lib/gcc/arm-none-eabi/4.6.2/thumb/libgcc.a(_thumb1_case_uhi.o)
                0x00204edc                __gnu_thumb1_case_uhi
 .text          0x00204ef0      0x11c /Users/e135712/etrobo/yagarto-4.6.2/bin/../lib/gcc/arm-none-eabi/4.6.2/thumb/libgcc.a(_udivsi3.o)
                0x00204ef0                __udivsi3
                0x00204ef0                __aeabi_uidiv
                0x00204fec                __aeabi_uidivmod
 .text          0x0020500c        0x4 /Users/e135712/etrobo/yagarto-4.6.2/bin/../lib/gcc/arm-none-eabi/4.6.2/thumb/libgcc.a(_dvmd_tls.o)
                0x0020500c                __aeabi_ldiv0
                0x0020500c                __aeabi_idiv0
 .text          0x00205010       0x18 /Users/e135712/etrobo/yagarto-4.6.2/bin/../lib/gcc/arm-none-eabi/4.6.2/../../../../arm-none-eabi/lib/thumb/libc.a(lib_a-cxa_atexit.o)
                0x00205010                __cxa_atexit
 .text          0x00205028       0x10 /Users/e135712/etrobo/yagarto-4.6.2/bin/../lib/gcc/arm-none-eabi/4.6.2/../../../../arm-none-eabi/lib/thumb/libc.a(lib_a-cxa_finalize.o)
                0x00205028                __cxa_finalize
 .text          0x00205038       0x30 /Users/e135712/etrobo/yagarto-4.6.2/bin/../lib/gcc/arm-none-eabi/4.6.2/../../../../arm-none-eabi/lib/thumb/libc.a(lib_a-malloc.o)
                0x00205038                malloc
                0x00205050                free
 .text          0x00205068      0x514 /Users/e135712/etrobo/yagarto-4.6.2/bin/../lib/gcc/arm-none-eabi/4.6.2/../../../../arm-none-eabi/lib/thumb/libc.a(lib_a-mallocr.o)
                0x00205068                _malloc_r
 .text          0x0020557c       0x98 /Users/e135712/etrobo/yagarto-4.6.2/bin/../lib/gcc/arm-none-eabi/4.6.2/../../../../arm-none-eabi/lib/thumb/libc.a(lib_a-memset.o)
                0x0020557c                memset
 .text          0x00205614        0x8 /Users/e135712/etrobo/yagarto-4.6.2/bin/../lib/gcc/arm-none-eabi/4.6.2/../../../../arm-none-eabi/lib/thumb/libc.a(lib_a-mlock.o)
                0x00205614                __malloc_lock
                0x00205618                __malloc_unlock
 .text          0x0020561c       0x10 /Users/e135712/etrobo/yagarto-4.6.2/bin/../lib/gcc/arm-none-eabi/4.6.2/../../../../arm-none-eabi/lib/thumb/libc.a(lib_a-strcpy.o)
                0x0020561c                strcpy
 .text          0x0020562c       0x10 /Users/e135712/etrobo/yagarto-4.6.2/bin/../lib/gcc/arm-none-eabi/4.6.2/../../../../arm-none-eabi/lib/thumb/libc.a(lib_a-strlen.o)
                0x0020562c                strlen
 .text          0x0020563c       0xd4 /Users/e135712/etrobo/yagarto-4.6.2/bin/../lib/gcc/arm-none-eabi/4.6.2/../../../../arm-none-eabi/lib/thumb/libc.a(lib_a-__atexit.o)
                0x0020563c                __register_exitproc
 .text          0x00205710      0x114 /Users/e135712/etrobo/yagarto-4.6.2/bin/../lib/gcc/arm-none-eabi/4.6.2/../../../../arm-none-eabi/lib/thumb/libc.a(lib_a-__call_atexit.o)
                0x00205710                __call_exitprocs
 .text          0x00205824      0x248 /Users/e135712/etrobo/yagarto-4.6.2/bin/../lib/gcc/arm-none-eabi/4.6.2/../../../../arm-none-eabi/lib/thumb/libc.a(lib_a-freer.o)
                0x00205824                _malloc_trim_r
                0x002058d0                _free_r
 *fill*         0x00205a6c        0x4 00
 .text.stub     0x00205a70       0x3c linker stubs
                0x00205ab0                . = ALIGN (0x10)
 *fill*         0x00205ab0        0x0 00
 *(*.rodata *.rodata.*)
 .rodata.tnum_task
                0x00205ab0        0x1 build/./kernel_cfg.o
                0x00205ab0                tnum_task
 *fill*         0x00205ab1        0x3 00
 .rodata.EventSleep
                0x00205ab4        0x4 build/./kernel_cfg.o
                0x00205ab4                EventSleep
 .rodata.tinib_stksz
                0x00205ab8        0x2 build/./kernel_cfg.o
                0x00205ab8                tinib_stksz
 *fill*         0x00205aba        0x2 00
 .rodata.EventSleepI2C
                0x00205abc        0x4 build/./kernel_cfg.o
                0x00205abc                EventSleepI2C
 .rodata.tinib_inipri
                0x00205ac0        0x1 build/./kernel_cfg.o
                0x00205ac0                tinib_inipri
 *fill*         0x00205ac1        0x3 00
 .rodata.tinib_stk
                0x00205ac4        0x4 build/./kernel_cfg.o
                0x00205ac4                tinib_stk
 .rodata.tnum_exttask
                0x00205ac8        0x1 build/./kernel_cfg.o
                0x00205ac8                tnum_exttask
 .rodata.tinib_exepri
                0x00205ac9        0x1 build/./kernel_cfg.o
                0x00205ac9                tinib_exepri
 .rodata.tinib_autoact
                0x00205aca        0x1 build/./kernel_cfg.o
                0x00205aca                tinib_autoact
 *fill*         0x00205acb        0x1 00
 .rodata.tinib_task
                0x00205acc        0x4 build/./kernel_cfg.o
                0x00205acc                tinib_task
 .rodata.str1.1
                0x00205ad0       0x6c build/ecrobot_base.o
 .rodata.exec_addr
                0x00205b3c        0x4 build/ecrobot_base.o
                0x00205b3c                exec_addr
 .rodata._ZTVN7ecrobot11TouchSensorE
                0x00205b40       0x10 build/sample.o
                0x00205b40                _ZTVN7ecrobot11TouchSensorE
 .rodata._ZTVN7ecrobot6SensorE
                0x00205b50       0x10 build/sample.o
                0x00205b50                _ZTVN7ecrobot6SensorE
 .rodata._ZTVN7ecrobot10GyroSensorE
                0x00205b60       0x10 build/sample.o
                0x00205b60                _ZTVN7ecrobot10GyroSensorE
 .rodata._ZTVN7ecrobot11SonarSensorE
                0x00205b70       0x10 build/sample.o
                0x00205b70                _ZTVN7ecrobot11SonarSensorE
 .rodata.str1.1
                0x00205b80       0x17 build/sample.o
 .rodata.str1.1
                0x00205b97        0xe ../../../ecrobot/../ecrobot/libecrobot++.a(GyroSensor.o)
 .rodata.str1.1
                0x00205ba5        0xb ../../../ecrobot/../ecrobot/libecrobot++.a(I2c.o)
 .rodata._ZTVN7ecrobot3I2cE
                0x00205bb0       0x10 ../../../ecrobot/../ecrobot/libecrobot++.a(I2c.o)
                0x00205bb0                _ZTVN7ecrobot3I2cE
 .rodata._ZTVN7ecrobot11LightSensorE
                0x00205bc0       0x10 ../../../ecrobot/../ecrobot/libecrobot++.a(LightSensor.o)
                0x00205bc0                _ZTVN7ecrobot11LightSensorE
 .rodata.str1.1
                0x00000000        0xe ../../../ecrobot/../ecrobot/libecrobot++.a(LightSensor.o)
 .rodata.str1.1
                0x00205bd0        0xd ../../../ecrobot/../ecrobot/libecrobot++.a(Motor.o)
 .rodata.str1.1
                0x00000000        0xe ../../../ecrobot/../ecrobot/libecrobot++.a(TouchSensor.o)
 *fill*         0x00205bdd        0x3 00
 .rodata        0x00205be0        0x4 /Users/e135712/etrobo/yagarto-4.6.2/bin/../lib/gcc/arm-none-eabi/4.6.2/../../../../arm-none-eabi/lib/thumb/libc.a(lib_a-impure.o)
                0x00205be0                _global_impure_ptr
 .rodata.str1.4
                0x00205be4        0x4 /Users/e135712/etrobo/yagarto-4.6.2/bin/../lib/gcc/arm-none-eabi/4.6.2/../../../../arm-none-eabi/lib/thumb/libc.a(lib_a-impure.o)
                0x00205bf0                . = ALIGN (0x10)
 *fill*         0x00205be8        0x8 00
 *(*.gnu.linkonce.* .gcc_except_table)
                0x00205bf0                . = ALIGN (0x10)

.vfp11_veneer   0x00205bf0        0x0
 .vfp11_veneer  0x00000000        0x0 linker stubs

.v4_bx          0x00205bf0        0x0
 .v4_bx         0x00000000        0x0 linker stubs

.ARM.exidx      0x00205bf0        0x8
                0x00205bf0                __exidx_start = .
 *(.ARM.exidx* .gnu.linkonce.armexidx.*)
 .ARM.exidx.text.__aeabi_atexit
                0x00205bf0        0x8 /Users/e135712/etrobo/yagarto-4.6.2/bin/../lib/gcc/arm-none-eabi/4.6.2/../../../../arm-none-eabi/lib/thumb/libstdc++.a(atexit_arm.o)
 */()
                0x00205bf8                __exidx_end = .

.tors           0x00205bf8       0x18
                0x00205c00                . = ALIGN (0x10)
 *fill*         0x00205bf8        0x8 00
                0x00205c00                __ctor_begin = .
 *(*.ctors*)
 *(.init_array)
 .init_array    0x00205c00        0x4 build/sample.o
                0x00205c04                __ctor_end = .
                0x00205c10                . = ALIGN (0x10)
 *fill*         0x00205c04        0xc 00
                0x00205c10                __dtor_begin = .
 *(*.dtors*)
 *(.fini_array)
                0x00205c10                __dtor_end = .
                0x00205c10                . = ALIGN (0x10)

.bss            0x00205c10     0x10b0
 *(*.bss *.bss.*)
 .bss.ready_queue_first
                0x00205c10       0x10 build/kernel/task.o
 .bss.ready_primap
                0x00205c20        0x2 build/kernel/task.o
 .bss.ready_queue_last
                0x00205c22       0x10 build/kernel/task.o
 *fill*         0x00205c32        0x2 00
 .bss._stack_TaskMain
                0x00205c34      0x200 build/./kernel_cfg.o
 .bss.sleeperTask_ID
                0x00205e34        0x8 build/rtoscalls.o
 .bss.sleeperI2C_ID
                0x00205e3c        0x4 build/rtoscalls.o
 .bss.sleepTaskCounter
                0x00205e40       0x20 build/rtoscalls.o
 .bss.isTaskSleeping
                0x00205e60        0x8 build/rtoscalls.o
 .bss.isI2cSleeping
                0x00205e68        0x4 build/rtoscalls.o
 .bss.heap_ptr  0x00205e6c        0x4 build/syscalls.o
 .bss.last_act_time.2836
                0x00205e70        0x4 build/ecrobot_base.o
 .bss.lcd.2794  0x00205e74      0x320 build/ecrobot_base.o
 .bss.status_bar_position
                0x00206194        0x4 build/ecrobot_base.o
 .bss.status_bar
                0x00206198       0x10 build/ecrobot_base.o
 .bss.OS_flag   0x002061a8        0x4 build/ecrobot_base.o
 .bss.motorA    0x002061ac        0x3 build/sample.o
                0x002061ac                motorA
 .bss.motorB    0x002061af        0x3 build/sample.o
                0x002061af                motorB
 .bss.motorC    0x002061b2        0x3 build/sample.o
                0x002061b2                motorC
 *fill*         0x002061b5        0x3 00
 .bss.gyro      0x002061b8        0x8 build/sample.o
                0x002061b8                gyro
 .bss.light     0x002061c0        0x8 build/sample.o
                0x002061c0                light
 .bss.touch     0x002061c8        0x8 build/sample.o
                0x002061c8                touch
 .bss.sonar     0x002061d0        0x8 build/sample.o
                0x002061d0                sonar
 .bss.ecrobot_inputs
                0x002061d8        0x8 ../../../ecrobot/../ecrobot/libecrobot.a(ecrobot_interface.o)
 .bss.buttons_states
                0x002061e0       0x14 ../../../ecrobot/../ecrobot/libecrobot.a(ecrobot_interface.o)
 .bss.buttons_i
                0x002061f4        0x4 ../../../ecrobot/../ecrobot/libecrobot.a(ecrobot_interface.o)
 .bss.systick_ms
                0x002061f8        0x4 ../../../ecrobot/../ecrobot/libecrobot.a(systick.oram)
 .bss.newAddress
                0x002061fc        0x4 ../../../ecrobot/../ecrobot/libecrobot.a(udp.oram)
 .bss.outCnt    0x00206200        0x4 ../../../ecrobot/../ecrobot/libecrobot.a(udp.oram)
 .bss.currentConfig
                0x00206204        0x1 ../../../ecrobot/../ecrobot/libecrobot.a(udp.oram)
 *fill*         0x00206205        0x3 00
 .bss.outPtr    0x00206208        0x4 ../../../ecrobot/../ecrobot/libecrobot.a(udp.oram)
 .bss.currentFeatures
                0x0020620c        0x4 ../../../ecrobot/../ecrobot/libecrobot.a(udp.oram)
 .bss.delayedEnable
                0x00206210        0x1 ../../../ecrobot/../ecrobot/libecrobot.a(udp.oram)
 *fill*         0x00206211        0x3 00
 .bss.currentRxBank
                0x00206214        0x4 ../../../ecrobot/../ecrobot/libecrobot.a(udp.oram)
 .bss.twi_state
                0x00206218        0x1 ../../../ecrobot/../ecrobot/libecrobot.a(twi.oram)
 *fill*         0x00206219        0x3 00
 .bss.twi_ptr   0x0020621c        0x4 ../../../ecrobot/../ecrobot/libecrobot.a(twi.oram)
 .bss.twi_pending
                0x00206220        0x4 ../../../ecrobot/../ecrobot/libecrobot.a(twi.oram)
 .bss.twi_mask  0x00206224        0x4 ../../../ecrobot/../ecrobot/libecrobot.a(twi.oram)
 .bss.dirty     0x00206228        0x1 ../../../ecrobot/../ecrobot/libecrobot.a(nxt_spi.oram)
                0x00206228                dirty
 .bss.page      0x00206229        0x1 ../../../ecrobot/../ecrobot/libecrobot.a(nxt_spi.oram)
                0x00206229                page
 *fill*         0x0020622a        0x2 00
 .bss.display   0x0020622c        0x4 ../../../ecrobot/../ecrobot/libecrobot.a(nxt_spi.oram)
                0x0020622c                display
 .bss.motor     0x00206230       0x30 ../../../ecrobot/../ecrobot/libecrobot.a(nxt_motors.oram)
 .bss.nxt_motor_initialised
                0x00206260        0x4 ../../../ecrobot/../ecrobot/libecrobot.a(nxt_motors.oram)
 .bss.interrupts_this_period
                0x00206264        0x4 ../../../ecrobot/../ecrobot/libecrobot.a(nxt_motors.oram)
 .bss.display_array
                0x00206268      0x388 ../../../ecrobot/../ecrobot/libecrobot.a(display.oram)
 .bss.display_tick
                0x002065f0        0x4 ../../../ecrobot/../ecrobot/libecrobot.a(display.oram)
                0x002065f0                display_tick
 .bss.i2c_port  0x002065f4      0x170 ../../../ecrobot/../ecrobot/libecrobot.a(i2c.oram)
 .bss.i2c_int_count
                0x00206764        0x4 ../../../ecrobot/../ecrobot/libecrobot.a(i2c.oram)
 .bss.sound_mode
                0x00206768        0x1 ../../../ecrobot/../ecrobot/libecrobot.a(sound.oram)
                0x00206768                sound_mode
 .bss.in_buf    0x00206769      0x100 ../../../ecrobot/../ecrobot/libecrobot.a(bt.oram)
 .bss.out_buf_ptr
                0x00206869        0x1 ../../../ecrobot/../ecrobot/libecrobot.a(bt.oram)
 *fill*         0x0020686a        0x2 00
 .bss.buf_ptr   0x0020686c        0x4 ../../../ecrobot/../ecrobot/libecrobot.a(bt.oram)
 .bss.in_buf_in_ptr
                0x00206870        0x1 ../../../ecrobot/../ecrobot/libecrobot.a(bt.oram)
 *fill*         0x00206871        0x3 00
 .bss.in_buf_idx
                0x00206874        0x4 ../../../ecrobot/../ecrobot/libecrobot.a(bt.oram)
 .bss.update_count
                0x00206878        0x4 ../../../ecrobot/../ecrobot/libecrobot.a(nxt_avr.oram)
 .bss.debounce_state
                0x0020687c        0x2 ../../../ecrobot/../ecrobot/libecrobot.a(nxt_avr.oram)
 .bss.button_state
                0x0020687e        0x2 ../../../ecrobot/../ecrobot/libecrobot.a(nxt_avr.oram)
 .bss.from_buf  0x00206880        0x4 ../../../ecrobot/../ecrobot/libecrobot.a(nxt_avr.oram)
 .bss.io_from_avr
                0x00206884        0x4 ../../../ecrobot/../ecrobot/libecrobot.a(nxt_avr.oram)
 .bss.data_from_avr
                0x00206888       0x1a ../../../ecrobot/../ecrobot/libecrobot.a(nxt_avr.oram)
 .bss.debounce_cnt
                0x002068a2        0x2 ../../../ecrobot/../ecrobot/libecrobot.a(nxt_avr.oram)
 .bss.nxt_avr_stats
                0x002068a4       0x14 ../../../ecrobot/../ecrobot/libecrobot.a(nxt_avr.oram)
 .bss.link_state
                0x002068b8        0x4 ../../../ecrobot/../ecrobot/libecrobot.a(nxt_avr.oram)
 .bss.io_to_avr
                0x002068bc        0x8 ../../../ecrobot/../ecrobot/libecrobot.a(nxt_avr.oram)
 .bss.prev_buttons
                0x002068c4        0x2 ../../../ecrobot/../ecrobot/libecrobot.a(nxt_avr.oram)
 .bss.data_to_avr
                0x002068c6        0x9 ../../../ecrobot/../ecrobot/libecrobot.a(nxt_avr.oram)
 *fill*         0x002068cf        0x1 00
 .bss.display   0x002068d0        0x4 ../../../ecrobot/../ecrobot/libecrobot.a(nxt_lcd.oram)
 .bss           0x002068d4       0x34 /Users/e135712/etrobo/yagarto-4.6.2/bin/../lib/gcc/arm-none-eabi/4.6.2/../../../../arm-none-eabi/lib/thumb/libc.a(lib_a-mallocr.o)
                0x002068d4                __malloc_top_pad
                0x002068d8                __malloc_current_mallinfo
                0x00206900                __malloc_max_sbrked_mem
                0x00206904                __malloc_max_total_mem
                0x00000000                PROVIDE (__dso_handle, 0x0)
                0x00206910                . = ALIGN (0x10)
 *fill*         0x00206908        0x8 00
                0x00206910                __bss_end__ = .
 COMMON         0x00206910        0x2 build/kernel/interrupt.o
                0x00206910                runisr
                0x00206911                sus_all_cnt
 *fill*         0x00206912        0x2 00
 COMMON         0x00206914       0x10 build/kernel/osctl.o
                0x00206914                callevel
                0x00206915                _errorhook_svcid
                0x00206916                appmode
                0x00206918                _errorhook_par1
                0x0020691c                _errorhook_par3
                0x00206920                _errorhook_par2
 COMMON         0x00206924        0x3 build/kernel/task.o
                0x00206924                runtsk
                0x00206925                schedtsk
                0x00206926                nextpri
 *fill*         0x00206927        0x1 00
 COMMON         0x00206928       0x2c build/./kernel_cfg.o
                0x00206928                tcb_waievt
                0x0020692c                rescb_prevpri
                0x0020692d                almcb_prev
                0x0020692e                tcb_lastres
                0x00206930                almcb_almval
                0x00206934                tcxb_pc
                0x00206938                tcb_next
                0x00206939                tcb_curpri
                0x0020693a                tcb_tstat
                0x0020693b                isrcb_lastres
                0x0020693c                cntcb_almque
                0x0020693d                rescb_prevres
                0x0020693e                tcb_actcnt
                0x00206940                tcb_curevt
                0x00206944                almcb_cycle
                0x00206948                tcxb_sp
                0x0020694c                almcb_next
                0x00206950                cntcb_curval
 COMMON         0x00206954       0x44 ../../../ecrobot/../ecrobot/libecrobot.a(uart.oram)
                0x00206954                uart
 COMMON         0x00206998        0x4 ../../../ecrobot/../ecrobot/libecrobot.a(data_abort.oram)
                0x00206998                data_abort_pc
 COMMON         0x0020699c        0x8 ../../../ecrobot/../ecrobot/libecrobot.a(display.oram)
                0x0020699c                display_x
                0x002069a0                display_y
 COMMON         0x002069a4      0x31c ../../../ecrobot/../ecrobot/libecrobot.a(sound.oram)
                0x002069a4                sample
                0x00205c10                __bss_start__ = ADDR (.bss)
                0x00206cc0                __bss_end__ = (ADDR (.bss) + SIZEOF (.bss))
                0x00206cc0                PROVIDE (end, .)

.heap_area      0x00206cc0     0x8eb8
                0x0020fb78                . = (. + (0x20fb78 - end))
 *fill*         0x00206cc0     0x8eb8 00

.stack          0x0020fb78      0x488
                0x0020fbf8                . = (. + 0x80)
 *fill*         0x0020fb78       0x80 00
                0x0020fc00                . = ALIGN (0x10)
 *fill*         0x0020fbf8        0x8 00
                0x0020fc00                __irq_stack__ = .
                0x0020fc00                __system_stack_bottom__ = .
                0x00210000                . = (. + 0x400)
 *fill*         0x0020fc00      0x400 00
                0x00210000                . = ALIGN (0x10)
                0x00210000                __system_stack__ = .
                0x00210000                __system_stack_top__ = .
                0x0020fb78                __stack_start__ = ADDR (.stack)
                0x00210000                __stack_end__ = (ADDR (.stack) + SIZEOF (.stack))

/DISCARD/
 *(.debug*)
OUTPUT(benchmark_rxe.elf elf32-littlearm)

.comment        0x00000000       0x11
 .comment       0x00000000       0x11 build/kernel/alarm.o
                                 0x12 (size before relaxing)
 .comment       0x00000000       0x12 build/kernel/event.o
 .comment       0x00000000       0x12 build/kernel/interrupt.o
 .comment       0x00000000       0x12 build/kernel/osctl.o
 .comment       0x00000000       0x12 build/kernel/resource.o
 .comment       0x00000000       0x12 build/kernel/task.o
 .comment       0x00000000       0x12 build/kernel/task_manage.o
 .comment       0x00000000       0x12 build/config/at91sam7s-gnu/cpu_config.o
 .comment       0x00000000       0x12 build/config/at91sam7s-gnu/lego_nxt/sys_config.o
 .comment       0x00000000       0x12 build/./kernel_cfg.o
 .comment       0x00000000       0x12 build/rtoscalls.o
 .comment       0x00000000       0x12 build/syscalls.o
 .comment       0x00000000       0x12 build/ecrobot_bluetooth.o
 .comment       0x00000000       0x12 build/ecrobot_base.o
 .comment       0x00000000       0x12 build/ecrobot.o
 .comment       0x00000000       0x12 build/syslib/at91sam7s-gnu/lego_nxt/hw_sys_timer.oram
 .comment       0x00000000       0x12 build/sample.o
 .comment       0x00000000       0x12 ../../../ecrobot/../ecrobot/libecrobot++.a(Clock.o)
 .comment       0x00000000       0x12 ../../../ecrobot/../ecrobot/libecrobot++.a(GyroSensor.o)
 .comment       0x00000000       0x12 ../../../ecrobot/../ecrobot/libecrobot++.a(I2c.o)
 .comment       0x00000000       0x12 ../../../ecrobot/../ecrobot/libecrobot++.a(Lcd.o)
 .comment       0x00000000       0x12 ../../../ecrobot/../ecrobot/libecrobot++.a(LightSensor.o)
 .comment       0x00000000       0x12 ../../../ecrobot/../ecrobot/libecrobot++.a(Motor.o)
 .comment       0x00000000       0x12 ../../../ecrobot/../ecrobot/libecrobot++.a(SonarSensor.o)
 .comment       0x00000000       0x12 ../../../ecrobot/../ecrobot/libecrobot++.a(TouchSensor.o)
 .comment       0x00000000       0x12 ../../../ecrobot/../ecrobot/libecrobot++.a(New.o)
 .comment       0x00000000       0x12 ../../../ecrobot/../ecrobot/libecrobot.a(ecrobot_device_hook.o)
 .comment       0x00000000       0x12 ../../../ecrobot/../ecrobot/libecrobot.a(ecrobot_interface.o)
 .comment       0x00000000       0x12 ../../../ecrobot/../ecrobot/libecrobot.a(colorsensor.o)
 .comment       0x00000000       0x12 ../../../ecrobot/../ecrobot/libecrobot.a(osek_hook.o)
 .comment       0x00000000       0x12 ../../../ecrobot/../ecrobot/libecrobot.a(uart.oram)
 .comment       0x00000000       0x12 ../../../ecrobot/../ecrobot/libecrobot.a(systick.oram)
 .comment       0x00000000       0x12 ../../../ecrobot/../ecrobot/libecrobot.a(byte_fifo.oram)
 .comment       0x00000000       0x12 ../../../ecrobot/../ecrobot/libecrobot.a(aic.oram)
 .comment       0x00000000       0x12 ../../../ecrobot/../ecrobot/libecrobot.a(udp.oram)
 .comment       0x00000000       0x12 ../../../ecrobot/../ecrobot/libecrobot.a(twi.oram)
 .comment       0x00000000       0x12 ../../../ecrobot/../ecrobot/libecrobot.a(nxt_spi.oram)
 .comment       0x00000000       0x12 ../../../ecrobot/../ecrobot/libecrobot.a(nxt_motors.oram)
 .comment       0x00000000       0x12 ../../../ecrobot/../ecrobot/libecrobot.a(data_abort.oram)
 .comment       0x00000000       0x12 ../../../ecrobot/../ecrobot/libecrobot.a(display.oram)
 .comment       0x00000000       0x12 ../../../ecrobot/../ecrobot/libecrobot.a(i2c.oram)
 .comment       0x00000000       0x12 ../../../ecrobot/../ecrobot/libecrobot.a(sound.oram)
 .comment       0x00000000       0x12 ../../../ecrobot/../ecrobot/libecrobot.a(bt.oram)
 .comment       0x00000000       0x12 ../../../ecrobot/../ecrobot/libecrobot.a(nxt_avr.oram)
 .comment       0x00000000       0x12 ../../../ecrobot/../ecrobot/libecrobot.a(sensors.oram)
 .comment       0x00000000       0x12 ../../../ecrobot/../ecrobot/libecrobot.a(sensors1.oram)
 .comment       0x00000000       0x12 ../../../ecrobot/../ecrobot/libecrobot.a(nxt_lcd.oram)
 .comment       0x00000000       0x12 ../../../ecrobot/../ecrobot/libecrobot.a(flash_loader.oram)
 .comment       0x00000000       0x12 ../../../ecrobot/../ecrobot/libecrobot.a(ecrobot_usb.o)
 .comment       0x00000000       0x12 ../../../ecrobot/../ecrobot/libecrobot.a(flashprog.oram)
 .comment       0x00000000       0x12 /Users/e135712/etrobo/yagarto-4.6.2/bin/../lib/gcc/arm-none-eabi/4.6.2/../../../../arm-none-eabi/lib/thumb/libstdc++.a(atexit_arm.o)
 .comment       0x00000000       0x12 /Users/e135712/etrobo/yagarto-4.6.2/bin/../lib/gcc/arm-none-eabi/4.6.2/thumb/libgcc.a(_muldi3.o)
 .comment       0x00000000       0x12 /Users/e135712/etrobo/yagarto-4.6.2/bin/../lib/gcc/arm-none-eabi/4.6.2/thumb/libgcc.a(bpabi.o)
 .comment       0x00000000       0x12 /Users/e135712/etrobo/yagarto-4.6.2/bin/../lib/gcc/arm-none-eabi/4.6.2/thumb/libgcc.a(unwind-arm.o)
 .comment       0x00000000       0x12 /Users/e135712/etrobo/yagarto-4.6.2/bin/../lib/gcc/arm-none-eabi/4.6.2/thumb/libgcc.a(pr-support.o)
 .comment       0x00000000       0x12 /Users/e135712/etrobo/yagarto-4.6.2/bin/../lib/gcc/arm-none-eabi/4.6.2/thumb/libgcc.a(_divdi3.o)
 .comment       0x00000000       0x12 /Users/e135712/etrobo/yagarto-4.6.2/bin/../lib/gcc/arm-none-eabi/4.6.2/thumb/libgcc.a(_udivdi3.o)
 .comment       0x00000000       0x12 /Users/e135712/etrobo/yagarto-4.6.2/bin/../lib/gcc/arm-none-eabi/4.6.2/../../../../arm-none-eabi/lib/thumb/libc.a(lib_a-abort.o)
 .comment       0x00000000       0x12 /Users/e135712/etrobo/yagarto-4.6.2/bin/../lib/gcc/arm-none-eabi/4.6.2/../../../../arm-none-eabi/lib/thumb/libc.a(lib_a-cxa_atexit.o)
 .comment       0x00000000       0x12 /Users/e135712/etrobo/yagarto-4.6.2/bin/../lib/gcc/arm-none-eabi/4.6.2/../../../../arm-none-eabi/lib/thumb/libc.a(lib_a-cxa_finalize.o)
 .comment       0x00000000       0x12 /Users/e135712/etrobo/yagarto-4.6.2/bin/../lib/gcc/arm-none-eabi/4.6.2/../../../../arm-none-eabi/lib/thumb/libc.a(lib_a-malloc.o)
 .comment       0x00000000       0x12 /Users/e135712/etrobo/yagarto-4.6.2/bin/../lib/gcc/arm-none-eabi/4.6.2/../../../../arm-none-eabi/lib/thumb/libc.a(lib_a-mallocr.o)
 .comment       0x00000000       0x12 /Users/e135712/etrobo/yagarto-4.6.2/bin/../lib/gcc/arm-none-eabi/4.6.2/../../../../arm-none-eabi/lib/thumb/libc.a(lib_a-memcpy.o)
 .comment       0x00000000       0x12 /Users/e135712/etrobo/yagarto-4.6.2/bin/../lib/gcc/arm-none-eabi/4.6.2/../../../../arm-none-eabi/lib/thumb/libc.a(lib_a-memset.o)
 .comment       0x00000000       0x12 /Users/e135712/etrobo/yagarto-4.6.2/bin/../lib/gcc/arm-none-eabi/4.6.2/../../../../arm-none-eabi/lib/thumb/libc.a(lib_a-mlock.o)
 .comment       0x00000000       0x12 /Users/e135712/etrobo/yagarto-4.6.2/bin/../lib/gcc/arm-none-eabi/4.6.2/../../../../arm-none-eabi/lib/thumb/libc.a(lib_a-signal.o)
 .comment       0x00000000       0x12 /Users/e135712/etrobo/yagarto-4.6.2/bin/../lib/gcc/arm-none-eabi/4.6.2/../../../../arm-none-eabi/lib/thumb/libc.a(lib_a-signalr.o)
 .comment       0x00000000       0x12 /Users/e135712/etrobo/yagarto-4.6.2/bin/../lib/gcc/arm-none-eabi/4.6.2/../../../../arm-none-eabi/lib/thumb/libc.a(lib_a-strcmp.o)
 .comment       0x00000000       0x12 /Users/e135712/etrobo/yagarto-4.6.2/bin/../lib/gcc/arm-none-eabi/4.6.2/../../../../arm-none-eabi/lib/thumb/libc.a(lib_a-strcpy.o)
 .comment       0x00000000       0x12 /Users/e135712/etrobo/yagarto-4.6.2/bin/../lib/gcc/arm-none-eabi/4.6.2/../../../../arm-none-eabi/lib/thumb/libc.a(lib_a-strlen.o)
 .comment       0x00000000       0x12 /Users/e135712/etrobo/yagarto-4.6.2/bin/../lib/gcc/arm-none-eabi/4.6.2/../../../../arm-none-eabi/lib/thumb/libc.a(lib_a-strncpy.o)
 .comment       0x00000000       0x12 /Users/e135712/etrobo/yagarto-4.6.2/bin/../lib/gcc/arm-none-eabi/4.6.2/../../../../arm-none-eabi/lib/thumb/libc.a(lib_a-__atexit.o)
 .comment       0x00000000       0x12 /Users/e135712/etrobo/yagarto-4.6.2/bin/../lib/gcc/arm-none-eabi/4.6.2/../../../../arm-none-eabi/lib/thumb/libc.a(lib_a-__call_atexit.o)
 .comment       0x00000000       0x12 /Users/e135712/etrobo/yagarto-4.6.2/bin/../lib/gcc/arm-none-eabi/4.6.2/../../../../arm-none-eabi/lib/thumb/libc.a(lib_a-freer.o)
 .comment       0x00000000       0x12 /Users/e135712/etrobo/yagarto-4.6.2/bin/../lib/gcc/arm-none-eabi/4.6.2/../../../../arm-none-eabi/lib/thumb/libc.a(lib_a-impure.o)
 .comment       0x00000000       0x12 /Users/e135712/etrobo/yagarto-4.6.2/bin/../lib/gcc/arm-none-eabi/4.6.2/../../../../arm-none-eabi/lib/thumb/libc.a(lib_a-reent.o)

.ARM.attributes
                0x00000000       0x2e
 .ARM.attributes
                0x00000000       0x32 build/kernel/alarm.o
 .ARM.attributes
                0x00000032       0x32 build/kernel/event.o
 .ARM.attributes
                0x00000064       0x32 build/kernel/interrupt.o
 .ARM.attributes
                0x00000096       0x32 build/kernel/osctl.o
 .ARM.attributes
                0x000000c8       0x32 build/kernel/resource.o
 .ARM.attributes
                0x000000fa       0x32 build/kernel/task.o
 .ARM.attributes
                0x0000012c       0x32 build/kernel/task_manage.o
 .ARM.attributes
                0x0000015e       0x32 build/config/at91sam7s-gnu/cpu_config.o
 .ARM.attributes
                0x00000190       0x32 build/config/at91sam7s-gnu/lego_nxt/sys_config.o
 .ARM.attributes
                0x000001c2       0x32 build/./kernel_cfg.o
 .ARM.attributes
                0x000001f4       0x32 build/rtoscalls.o
 .ARM.attributes
                0x00000226       0x32 build/syscalls.o
 .ARM.attributes
                0x00000258       0x32 build/ecrobot_bluetooth.o
 .ARM.attributes
                0x0000028a       0x32 build/ecrobot_base.o
 .ARM.attributes
                0x000002bc       0x32 build/ecrobot.o
 .ARM.attributes
                0x000002ee       0x32 build/syslib/at91sam7s-gnu/lego_nxt/hw_sys_timer.oram
 .ARM.attributes
                0x00000320       0x32 build/sample.o
 .ARM.attributes
                0x00000352       0x22 build/nxtvm/platform/nxt/vectors.o
 .ARM.attributes
                0x00000374       0x22 build/config/at91sam7s-gnu/debug.o
 .ARM.attributes
                0x00000396       0x22 build/config/at91sam7s-gnu/lego_nxt/sys_support.o
 .ARM.attributes
                0x000003b8       0x22 build/nxt_binary_header.o
 .ARM.attributes
                0x000003da       0x22 build/nxt_entry_point.o
 .ARM.attributes
                0x000003fc       0x22 build/ecrobot_init.o
 .ARM.attributes
                0x0000041e       0x22 build/config/at91sam7s-gnu/cpu_support.oram
 .ARM.attributes
                0x00000440       0x22 build/config/at91sam7s-gnu/irq.oram
 .ARM.attributes
                0x00000462       0x32 ../../../ecrobot/../ecrobot/libecrobot++.a(Clock.o)
 .ARM.attributes
                0x00000494       0x32 ../../../ecrobot/../ecrobot/libecrobot++.a(GyroSensor.o)
 .ARM.attributes
                0x000004c6       0x32 ../../../ecrobot/../ecrobot/libecrobot++.a(I2c.o)
 .ARM.attributes
                0x000004f8       0x32 ../../../ecrobot/../ecrobot/libecrobot++.a(Lcd.o)
 .ARM.attributes
                0x0000052a       0x32 ../../../ecrobot/../ecrobot/libecrobot++.a(LightSensor.o)
 .ARM.attributes
                0x0000055c       0x32 ../../../ecrobot/../ecrobot/libecrobot++.a(Motor.o)
 .ARM.attributes
                0x0000058e       0x32 ../../../ecrobot/../ecrobot/libecrobot++.a(SonarSensor.o)
 .ARM.attributes
                0x000005c0       0x32 ../../../ecrobot/../ecrobot/libecrobot++.a(TouchSensor.o)
 .ARM.attributes
                0x000005f2       0x32 ../../../ecrobot/../ecrobot/libecrobot++.a(New.o)
 .ARM.attributes
                0x00000624       0x32 ../../../ecrobot/../ecrobot/libecrobot.a(ecrobot_device_hook.o)
 .ARM.attributes
                0x00000656       0x32 ../../../ecrobot/../ecrobot/libecrobot.a(ecrobot_interface.o)
 .ARM.attributes
                0x00000688       0x32 ../../../ecrobot/../ecrobot/libecrobot.a(colorsensor.o)
 .ARM.attributes
                0x000006ba       0x32 ../../../ecrobot/../ecrobot/libecrobot.a(osek_hook.o)
 .ARM.attributes
                0x000006ec       0x32 ../../../ecrobot/../ecrobot/libecrobot.a(uart.oram)
 .ARM.attributes
                0x0000071e       0x32 ../../../ecrobot/../ecrobot/libecrobot.a(systick.oram)
 .ARM.attributes
                0x00000750       0x32 ../../../ecrobot/../ecrobot/libecrobot.a(byte_fifo.oram)
 .ARM.attributes
                0x00000782       0x32 ../../../ecrobot/../ecrobot/libecrobot.a(aic.oram)
 .ARM.attributes
                0x000007b4       0x32 ../../../ecrobot/../ecrobot/libecrobot.a(udp.oram)
 .ARM.attributes
                0x000007e6       0x32 ../../../ecrobot/../ecrobot/libecrobot.a(twi.oram)
 .ARM.attributes
                0x00000818       0x32 ../../../ecrobot/../ecrobot/libecrobot.a(nxt_spi.oram)
 .ARM.attributes
                0x0000084a       0x32 ../../../ecrobot/../ecrobot/libecrobot.a(nxt_motors.oram)
 .ARM.attributes
                0x0000087c       0x32 ../../../ecrobot/../ecrobot/libecrobot.a(data_abort.oram)
 .ARM.attributes
                0x000008ae       0x32 ../../../ecrobot/../ecrobot/libecrobot.a(display.oram)
 .ARM.attributes
                0x000008e0       0x32 ../../../ecrobot/../ecrobot/libecrobot.a(i2c.oram)
 .ARM.attributes
                0x00000912       0x32 ../../../ecrobot/../ecrobot/libecrobot.a(sound.oram)
 .ARM.attributes
                0x00000944       0x32 ../../../ecrobot/../ecrobot/libecrobot.a(bt.oram)
 .ARM.attributes
                0x00000976       0x32 ../../../ecrobot/../ecrobot/libecrobot.a(nxt_avr.oram)
 .ARM.attributes
                0x000009a8       0x32 ../../../ecrobot/../ecrobot/libecrobot.a(sensors.oram)
 .ARM.attributes
                0x000009da       0x32 ../../../ecrobot/../ecrobot/libecrobot.a(sensors1.oram)
 .ARM.attributes
                0x00000a0c       0x32 ../../../ecrobot/../ecrobot/libecrobot.a(nxt_lcd.oram)
 .ARM.attributes
                0x00000a3e       0x32 ../../../ecrobot/../ecrobot/libecrobot.a(flash_loader.oram)
 .ARM.attributes
                0x00000a70       0x22 ../../../ecrobot/../ecrobot/libecrobot.a(interrupts.oram)
 .ARM.attributes
                0x00000a92       0x32 ../../../ecrobot/../ecrobot/libecrobot.a(ecrobot_usb.o)
 .ARM.attributes
                0x00000ac4       0x32 ../../../ecrobot/../ecrobot/libecrobot.a(flashprog.oram)
 .ARM.attributes
                0x00000af6       0x32 /Users/e135712/etrobo/yagarto-4.6.2/bin/../lib/gcc/arm-none-eabi/4.6.2/../../../../arm-none-eabi/lib/thumb/libstdc++.a(atexit_arm.o)
 .ARM.attributes
                0x00000b28       0x18 /Users/e135712/etrobo/yagarto-4.6.2/bin/../lib/gcc/arm-none-eabi/4.6.2/thumb/libgcc.a(_thumb1_case_uqi.o)
 .ARM.attributes
                0x00000b40       0x18 /Users/e135712/etrobo/yagarto-4.6.2/bin/../lib/gcc/arm-none-eabi/4.6.2/thumb/libgcc.a(_thumb1_case_uhi.o)
 .ARM.attributes
                0x00000b58       0x1a /Users/e135712/etrobo/yagarto-4.6.2/bin/../lib/gcc/arm-none-eabi/4.6.2/thumb/libgcc.a(_udivsi3.o)
 .ARM.attributes
                0x00000b72       0x1a /Users/e135712/etrobo/yagarto-4.6.2/bin/../lib/gcc/arm-none-eabi/4.6.2/thumb/libgcc.a(_divsi3.o)
 .ARM.attributes
                0x00000b8c       0x18 /Users/e135712/etrobo/yagarto-4.6.2/bin/../lib/gcc/arm-none-eabi/4.6.2/thumb/libgcc.a(_dvmd_tls.o)
 .ARM.attributes
                0x00000ba4       0x1a /Users/e135712/etrobo/yagarto-4.6.2/bin/../lib/gcc/arm-none-eabi/4.6.2/thumb/libgcc.a(_arm_addsubdf3.o)
 .ARM.attributes
                0x00000bbe       0x1a /Users/e135712/etrobo/yagarto-4.6.2/bin/../lib/gcc/arm-none-eabi/4.6.2/thumb/libgcc.a(_arm_muldivdf3.o)
 .ARM.attributes
                0x00000bd8       0x1a /Users/e135712/etrobo/yagarto-4.6.2/bin/../lib/gcc/arm-none-eabi/4.6.2/thumb/libgcc.a(_arm_cmpdf2.o)
 .ARM.attributes
                0x00000bf2       0x1a /Users/e135712/etrobo/yagarto-4.6.2/bin/../lib/gcc/arm-none-eabi/4.6.2/thumb/libgcc.a(_aeabi_ldivmod.o)
 .ARM.attributes
                0x00000c0c       0x32 /Users/e135712/etrobo/yagarto-4.6.2/bin/../lib/gcc/arm-none-eabi/4.6.2/thumb/libgcc.a(_muldi3.o)
 .ARM.attributes
                0x00000c3e       0x32 /Users/e135712/etrobo/yagarto-4.6.2/bin/../lib/gcc/arm-none-eabi/4.6.2/thumb/libgcc.a(bpabi.o)
 .ARM.attributes
                0x00000c70       0x32 /Users/e135712/etrobo/yagarto-4.6.2/bin/../lib/gcc/arm-none-eabi/4.6.2/thumb/libgcc.a(unwind-arm.o)
 .ARM.attributes
                0x00000ca2       0x1e /Users/e135712/etrobo/yagarto-4.6.2/bin/../lib/gcc/arm-none-eabi/4.6.2/thumb/libgcc.a(libunwind.o)
 .ARM.attributes
                0x00000cc0       0x32 /Users/e135712/etrobo/yagarto-4.6.2/bin/../lib/gcc/arm-none-eabi/4.6.2/thumb/libgcc.a(pr-support.o)
 .ARM.attributes
                0x00000cf2       0x32 /Users/e135712/etrobo/yagarto-4.6.2/bin/../lib/gcc/arm-none-eabi/4.6.2/thumb/libgcc.a(_divdi3.o)
 .ARM.attributes
                0x00000d24       0x32 /Users/e135712/etrobo/yagarto-4.6.2/bin/../lib/gcc/arm-none-eabi/4.6.2/thumb/libgcc.a(_udivdi3.o)
 .ARM.attributes
                0x00000d56       0x1a /Users/e135712/etrobo/yagarto-4.6.2/bin/../lib/gcc/arm-none-eabi/4.6.2/thumb/libgcc.a(_clzsi2.o)
 .ARM.attributes
                0x00000d70       0x32 /Users/e135712/etrobo/yagarto-4.6.2/bin/../lib/gcc/arm-none-eabi/4.6.2/../../../../arm-none-eabi/lib/thumb/libc.a(lib_a-abort.o)
 .ARM.attributes
                0x00000da2       0x32 /Users/e135712/etrobo/yagarto-4.6.2/bin/../lib/gcc/arm-none-eabi/4.6.2/../../../../arm-none-eabi/lib/thumb/libc.a(lib_a-cxa_atexit.o)
 .ARM.attributes
                0x00000dd4       0x32 /Users/e135712/etrobo/yagarto-4.6.2/bin/../lib/gcc/arm-none-eabi/4.6.2/../../../../arm-none-eabi/lib/thumb/libc.a(lib_a-cxa_finalize.o)
 .ARM.attributes
                0x00000e06       0x32 /Users/e135712/etrobo/yagarto-4.6.2/bin/../lib/gcc/arm-none-eabi/4.6.2/../../../../arm-none-eabi/lib/thumb/libc.a(lib_a-malloc.o)
 .ARM.attributes
                0x00000e38       0x32 /Users/e135712/etrobo/yagarto-4.6.2/bin/../lib/gcc/arm-none-eabi/4.6.2/../../../../arm-none-eabi/lib/thumb/libc.a(lib_a-mallocr.o)
 .ARM.attributes
                0x00000e6a       0x32 /Users/e135712/etrobo/yagarto-4.6.2/bin/../lib/gcc/arm-none-eabi/4.6.2/../../../../arm-none-eabi/lib/thumb/libc.a(lib_a-memcpy.o)
 .ARM.attributes
                0x00000e9c       0x32 /Users/e135712/etrobo/yagarto-4.6.2/bin/../lib/gcc/arm-none-eabi/4.6.2/../../../../arm-none-eabi/lib/thumb/libc.a(lib_a-memset.o)
 .ARM.attributes
                0x00000ece       0x32 /Users/e135712/etrobo/yagarto-4.6.2/bin/../lib/gcc/arm-none-eabi/4.6.2/../../../../arm-none-eabi/lib/thumb/libc.a(lib_a-mlock.o)
 .ARM.attributes
                0x00000f00       0x32 /Users/e135712/etrobo/yagarto-4.6.2/bin/../lib/gcc/arm-none-eabi/4.6.2/../../../../arm-none-eabi/lib/thumb/libc.a(lib_a-signal.o)
 .ARM.attributes
                0x00000f32       0x32 /Users/e135712/etrobo/yagarto-4.6.2/bin/../lib/gcc/arm-none-eabi/4.6.2/../../../../arm-none-eabi/lib/thumb/libc.a(lib_a-signalr.o)
 .ARM.attributes
                0x00000f64       0x32 /Users/e135712/etrobo/yagarto-4.6.2/bin/../lib/gcc/arm-none-eabi/4.6.2/../../../../arm-none-eabi/lib/thumb/libc.a(lib_a-strcmp.o)
 .ARM.attributes
                0x00000f96       0x32 /Users/e135712/etrobo/yagarto-4.6.2/bin/../lib/gcc/arm-none-eabi/4.6.2/../../../../arm-none-eabi/lib/thumb/libc.a(lib_a-strcpy.o)
 .ARM.attributes
                0x00000fc8       0x32 /Users/e135712/etrobo/yagarto-4.6.2/bin/../lib/gcc/arm-none-eabi/4.6.2/../../../../arm-none-eabi/lib/thumb/libc.a(lib_a-strlen.o)
 .ARM.attributes
                0x00000ffa       0x32 /Users/e135712/etrobo/yagarto-4.6.2/bin/../lib/gcc/arm-none-eabi/4.6.2/../../../../arm-none-eabi/lib/thumb/libc.a(lib_a-strncpy.o)
 .ARM.attributes
                0x0000102c       0x32 /Users/e135712/etrobo/yagarto-4.6.2/bin/../lib/gcc/arm-none-eabi/4.6.2/../../../../arm-none-eabi/lib/thumb/libc.a(lib_a-__atexit.o)
 .ARM.attributes
                0x0000105e       0x32 /Users/e135712/etrobo/yagarto-4.6.2/bin/../lib/gcc/arm-none-eabi/4.6.2/../../../../arm-none-eabi/lib/thumb/libc.a(lib_a-__call_atexit.o)
 .ARM.attributes
                0x00001090       0x32 /Users/e135712/etrobo/yagarto-4.6.2/bin/../lib/gcc/arm-none-eabi/4.6.2/../../../../arm-none-eabi/lib/thumb/libc.a(lib_a-freer.o)
 .ARM.attributes
                0x000010c2       0x32 /Users/e135712/etrobo/yagarto-4.6.2/bin/../lib/gcc/arm-none-eabi/4.6.2/../../../../arm-none-eabi/lib/thumb/libc.a(lib_a-impure.o)
 .ARM.attributes
                0x000010f4       0x32 /Users/e135712/etrobo/yagarto-4.6.2/bin/../lib/gcc/arm-none-eabi/4.6.2/../../../../arm-none-eabi/lib/thumb/libc.a(lib_a-reent.o)
 .ARM.attributes
                0x00001126       0x22 build/nxtvm/platform/nxt/vectors.o

Cross Reference Table

Symbol                                            File
ActivateTask                                      build/kernel/task_manage.o
AssertDeviceConstructor                           build/rtoscalls.o
                                                  ../../../ecrobot/../ecrobot/libecrobot++.a(TouchSensor.o)
                                                  ../../../ecrobot/../ecrobot/libecrobot++.a(Motor.o)
                                                  ../../../ecrobot/../ecrobot/libecrobot++.a(LightSensor.o)
                                                  ../../../ecrobot/../ecrobot/libecrobot++.a(I2c.o)
                                                  ../../../ecrobot/../ecrobot/libecrobot++.a(GyroSensor.o)
CancelAlarm                                       build/kernel/alarm.o
ChainTask                                         build/kernel/task_manage.o
ClearEvent                                        build/kernel/event.o
                                                  build/rtoscalls.o
DisableAllInterrupts                              build/kernel/interrupt.o
EnableAllInterrupts                               build/kernel/interrupt.o
ErrorHook                                         ../../../ecrobot/../ecrobot/libecrobot.a(osek_hook.o)
                                                  build/kernel/osctl.o
EventSleep                                        build/./kernel_cfg.o
                                                  build/rtoscalls.o
EventSleepI2C                                     build/./kernel_cfg.o
                                                  build/rtoscalls.o
GetActiveApplicationMode                          build/kernel/osctl.o
GetAlarm                                          build/kernel/alarm.o
GetAlarmBase                                      build/kernel/alarm.o
GetEvent                                          build/kernel/event.o
GetResource                                       build/kernel/resource.o
GetTaskID                                         build/kernel/task_manage.o
                                                  build/rtoscalls.o
GetTaskState                                      build/kernel/task_manage.o
NXT_COLORSENSOR_PROTOCOLS                         ../../../ecrobot/../ecrobot/libecrobot.a(ecrobot_interface.o)
NXT_Entry_Point                                   build/nxt_entry_point.o
                                                  build/nxt_binary_header.o
PostTaskHook                                      ../../../ecrobot/../ecrobot/libecrobot.a(osek_hook.o)
                                                  build/config/at91sam7s-gnu/cpu_support.oram
                                                  build/kernel/osctl.o
PreTaskHook                                       ../../../ecrobot/../ecrobot/libecrobot.a(osek_hook.o)
                                                  build/config/at91sam7s-gnu/cpu_support.oram
                                                  build/kernel/osctl.o
ReleaseResource                                   build/kernel/resource.o
ResumeAllInterrupts                               build/kernel/interrupt.o
ResumeOSInterrupts                                build/kernel/interrupt.o
Schedule                                          build/kernel/task_manage.o
SetAbsAlarm                                       build/kernel/alarm.o
SetEvent                                          build/kernel/event.o
                                                  build/rtoscalls.o
SetRelAlarm                                       build/kernel/alarm.o
ShutdownHook                                      ../../../ecrobot/../ecrobot/libecrobot.a(osek_hook.o)
                                                  build/kernel/osctl.o
ShutdownOS                                        build/kernel/osctl.o
SignalCounter                                     build/kernel/alarm.o
Sleep                                             build/rtoscalls.o
                                                  ../../../ecrobot/../ecrobot/libecrobot++.a(Clock.o)
SleepI2C                                          build/rtoscalls.o
                                                  ../../../ecrobot/../ecrobot/libecrobot++.a(I2c.o)
SleeperMonitor                                    build/rtoscalls.o
                                                  build/sample.o
StartOS                                           build/kernel/osctl.o
                                                  build/ecrobot.o
StartupHook                                       ../../../ecrobot/../ecrobot/libecrobot.a(osek_hook.o)
                                                  build/kernel/osctl.o
SuspendAllInterrupts                              build/kernel/interrupt.o
SuspendOSInterrupts                               build/kernel/interrupt.o
TaskMain                                          build/./kernel_cfg.o
TaskMainTaskMain                                  build/sample.o
                                                  build/./kernel_cfg.o
TerminateTask                                     build/kernel/task_manage.o
WaitEvent                                         build/kernel/event.o
                                                  build/rtoscalls.o
_Unwind_Backtrace                                 /Users/e135712/etrobo/yagarto-4.6.2/bin/../lib/gcc/arm-none-eabi/4.6.2/thumb/libgcc.a(libunwind.o)
_Unwind_Complete                                  /Users/e135712/etrobo/yagarto-4.6.2/bin/../lib/gcc/arm-none-eabi/4.6.2/thumb/libgcc.a(unwind-arm.o)
_Unwind_DeleteException                           /Users/e135712/etrobo/yagarto-4.6.2/bin/../lib/gcc/arm-none-eabi/4.6.2/thumb/libgcc.a(unwind-arm.o)
_Unwind_ForcedUnwind                              /Users/e135712/etrobo/yagarto-4.6.2/bin/../lib/gcc/arm-none-eabi/4.6.2/thumb/libgcc.a(libunwind.o)
_Unwind_GetCFA                                    /Users/e135712/etrobo/yagarto-4.6.2/bin/../lib/gcc/arm-none-eabi/4.6.2/thumb/libgcc.a(unwind-arm.o)
_Unwind_GetDataRelBase                            /Users/e135712/etrobo/yagarto-4.6.2/bin/../lib/gcc/arm-none-eabi/4.6.2/thumb/libgcc.a(pr-support.o)
_Unwind_GetLanguageSpecificData                   /Users/e135712/etrobo/yagarto-4.6.2/bin/../lib/gcc/arm-none-eabi/4.6.2/thumb/libgcc.a(pr-support.o)
_Unwind_GetRegionStart                            /Users/e135712/etrobo/yagarto-4.6.2/bin/../lib/gcc/arm-none-eabi/4.6.2/thumb/libgcc.a(pr-support.o)
_Unwind_GetTextRelBase                            /Users/e135712/etrobo/yagarto-4.6.2/bin/../lib/gcc/arm-none-eabi/4.6.2/thumb/libgcc.a(pr-support.o)
_Unwind_RaiseException                            /Users/e135712/etrobo/yagarto-4.6.2/bin/../lib/gcc/arm-none-eabi/4.6.2/thumb/libgcc.a(libunwind.o)
_Unwind_Resume                                    /Users/e135712/etrobo/yagarto-4.6.2/bin/../lib/gcc/arm-none-eabi/4.6.2/thumb/libgcc.a(libunwind.o)
_Unwind_Resume_or_Rethrow                         /Users/e135712/etrobo/yagarto-4.6.2/bin/../lib/gcc/arm-none-eabi/4.6.2/thumb/libgcc.a(libunwind.o)
_Unwind_VRS_Get                                   /Users/e135712/etrobo/yagarto-4.6.2/bin/../lib/gcc/arm-none-eabi/4.6.2/thumb/libgcc.a(unwind-arm.o)
                                                  /Users/e135712/etrobo/yagarto-4.6.2/bin/../lib/gcc/arm-none-eabi/4.6.2/thumb/libgcc.a(pr-support.o)
_Unwind_VRS_Pop                                   /Users/e135712/etrobo/yagarto-4.6.2/bin/../lib/gcc/arm-none-eabi/4.6.2/thumb/libgcc.a(unwind-arm.o)
                                                  /Users/e135712/etrobo/yagarto-4.6.2/bin/../lib/gcc/arm-none-eabi/4.6.2/thumb/libgcc.a(pr-support.o)
_Unwind_VRS_Set                                   /Users/e135712/etrobo/yagarto-4.6.2/bin/../lib/gcc/arm-none-eabi/4.6.2/thumb/libgcc.a(unwind-arm.o)
                                                  /Users/e135712/etrobo/yagarto-4.6.2/bin/../lib/gcc/arm-none-eabi/4.6.2/thumb/libgcc.a(pr-support.o)
___Unwind_Backtrace                               /Users/e135712/etrobo/yagarto-4.6.2/bin/../lib/gcc/arm-none-eabi/4.6.2/thumb/libgcc.a(libunwind.o)
___Unwind_ForcedUnwind                            /Users/e135712/etrobo/yagarto-4.6.2/bin/../lib/gcc/arm-none-eabi/4.6.2/thumb/libgcc.a(libunwind.o)
___Unwind_RaiseException                          /Users/e135712/etrobo/yagarto-4.6.2/bin/../lib/gcc/arm-none-eabi/4.6.2/thumb/libgcc.a(libunwind.o)
___Unwind_Resume                                  /Users/e135712/etrobo/yagarto-4.6.2/bin/../lib/gcc/arm-none-eabi/4.6.2/thumb/libgcc.a(libunwind.o)
___Unwind_Resume_or_Rethrow                       /Users/e135712/etrobo/yagarto-4.6.2/bin/../lib/gcc/arm-none-eabi/4.6.2/thumb/libgcc.a(libunwind.o)
__adddf3                                          /Users/e135712/etrobo/yagarto-4.6.2/bin/../lib/gcc/arm-none-eabi/4.6.2/thumb/libgcc.a(_arm_addsubdf3.o)
__aeabi_atexit                                    /Users/e135712/etrobo/yagarto-4.6.2/bin/../lib/gcc/arm-none-eabi/4.6.2/../../../../arm-none-eabi/lib/thumb/libstdc++.a(atexit_arm.o)
                                                  build/sample.o
__aeabi_cdcmpeq                                   /Users/e135712/etrobo/yagarto-4.6.2/bin/../lib/gcc/arm-none-eabi/4.6.2/thumb/libgcc.a(_arm_cmpdf2.o)
__aeabi_cdcmple                                   /Users/e135712/etrobo/yagarto-4.6.2/bin/../lib/gcc/arm-none-eabi/4.6.2/thumb/libgcc.a(_arm_cmpdf2.o)
__aeabi_cdrcmple                                  /Users/e135712/etrobo/yagarto-4.6.2/bin/../lib/gcc/arm-none-eabi/4.6.2/thumb/libgcc.a(_arm_cmpdf2.o)
__aeabi_dadd                                      /Users/e135712/etrobo/yagarto-4.6.2/bin/../lib/gcc/arm-none-eabi/4.6.2/thumb/libgcc.a(_arm_addsubdf3.o)
__aeabi_dcmpeq                                    /Users/e135712/etrobo/yagarto-4.6.2/bin/../lib/gcc/arm-none-eabi/4.6.2/thumb/libgcc.a(_arm_cmpdf2.o)
__aeabi_dcmpge                                    /Users/e135712/etrobo/yagarto-4.6.2/bin/../lib/gcc/arm-none-eabi/4.6.2/thumb/libgcc.a(_arm_cmpdf2.o)
__aeabi_dcmpgt                                    /Users/e135712/etrobo/yagarto-4.6.2/bin/../lib/gcc/arm-none-eabi/4.6.2/thumb/libgcc.a(_arm_cmpdf2.o)
                                                  ../../../ecrobot/../ecrobot/libecrobot.a(colorsensor.o)
__aeabi_dcmple                                    /Users/e135712/etrobo/yagarto-4.6.2/bin/../lib/gcc/arm-none-eabi/4.6.2/thumb/libgcc.a(_arm_cmpdf2.o)
__aeabi_dcmplt                                    /Users/e135712/etrobo/yagarto-4.6.2/bin/../lib/gcc/arm-none-eabi/4.6.2/thumb/libgcc.a(_arm_cmpdf2.o)
__aeabi_ddiv                                      /Users/e135712/etrobo/yagarto-4.6.2/bin/../lib/gcc/arm-none-eabi/4.6.2/thumb/libgcc.a(_arm_muldivdf3.o)
__aeabi_dmul                                      /Users/e135712/etrobo/yagarto-4.6.2/bin/../lib/gcc/arm-none-eabi/4.6.2/thumb/libgcc.a(_arm_muldivdf3.o)
                                                  ../../../ecrobot/../ecrobot/libecrobot.a(colorsensor.o)
__aeabi_drsub                                     /Users/e135712/etrobo/yagarto-4.6.2/bin/../lib/gcc/arm-none-eabi/4.6.2/thumb/libgcc.a(_arm_addsubdf3.o)
__aeabi_dsub                                      /Users/e135712/etrobo/yagarto-4.6.2/bin/../lib/gcc/arm-none-eabi/4.6.2/thumb/libgcc.a(_arm_addsubdf3.o)
__aeabi_f2d                                       /Users/e135712/etrobo/yagarto-4.6.2/bin/../lib/gcc/arm-none-eabi/4.6.2/thumb/libgcc.a(_arm_addsubdf3.o)
__aeabi_i2d                                       /Users/e135712/etrobo/yagarto-4.6.2/bin/../lib/gcc/arm-none-eabi/4.6.2/thumb/libgcc.a(_arm_addsubdf3.o)
                                                  ../../../ecrobot/../ecrobot/libecrobot.a(colorsensor.o)
__aeabi_idiv                                      /Users/e135712/etrobo/yagarto-4.6.2/bin/../lib/gcc/arm-none-eabi/4.6.2/thumb/libgcc.a(_divsi3.o)
                                                  ../../../ecrobot/../ecrobot/libecrobot.a(sound.oram)
                                                  ../../../ecrobot/../ecrobot/libecrobot.a(uart.oram)
__aeabi_idiv0                                     /Users/e135712/etrobo/yagarto-4.6.2/bin/../lib/gcc/arm-none-eabi/4.6.2/thumb/libgcc.a(_dvmd_tls.o)
                                                  /Users/e135712/etrobo/yagarto-4.6.2/bin/../lib/gcc/arm-none-eabi/4.6.2/thumb/libgcc.a(_divsi3.o)
                                                  /Users/e135712/etrobo/yagarto-4.6.2/bin/../lib/gcc/arm-none-eabi/4.6.2/thumb/libgcc.a(_udivsi3.o)