Archive member included because of file (symbol)

../../../ecrobot/../ecrobot/libecrobot++.a(Clock.o)
                              build/sample.o (_ZN7ecrobot5ClockC1Ev)
../../../ecrobot/../ecrobot/libecrobot++.a(GyroSensor.o)
                              build/sample.o (_ZN7ecrobot10GyroSensorC1E6ePortS)
../../../ecrobot/../ecrobot/libecrobot++.a(I2c.o)
                              build/sample.o (_ZN7ecrobot3I2cD2Ev)
../../../ecrobot/../ecrobot/libecrobot++.a(Lcd.o)
                              build/sample.o (_ZN7ecrobot3Lcd5clearEb)
../../../ecrobot/../ecrobot/libecrobot++.a(LightSensor.o)
                              build/sample.o (_ZN7ecrobot11LightSensorD1Ev)
../../../ecrobot/../ecrobot/libecrobot++.a(Motor.o)
                              build/sample.o (_ZN7ecrobot5MotorC1E6ePortMb)
../../../ecrobot/../ecrobot/libecrobot++.a(SonarSensor.o)
                              build/sample.o (_ZN7ecrobot11SonarSensorC1E6ePortS)
../../../ecrobot/../ecrobot/libecrobot++.a(TouchSensor.o)
                              build/sample.o (_ZNK7ecrobot11TouchSensor9isPressedEv)
../../../ecrobot/../ecrobot/libecrobot++.a(New.o)
                              build/sample.o (_ZdlPv)
../../../ecrobot/../ecrobot/libecrobot.a(ecrobot_device_hook.o)
                              build/ecrobot.o (ecrobot_device_initialize)
../../../ecrobot/../ecrobot/libecrobot.a(ecrobot_interface.o)
                              build/ecrobot_base.o (ecrobot_get_battery_voltage)
../../../ecrobot/../ecrobot/libecrobot.a(colorsensor.o)
                              ../../../ecrobot/../ecrobot/libecrobot.a(ecrobot_interface.o) (colorsensor_init)
../../../ecrobot/../ecrobot/libecrobot.a(osek_hook.o)
                              build/kernel/osctl.o (StartupHook)
../../../ecrobot/../ecrobot/libecrobot.a(uart.oram)
                              build/config/at91sam7s-gnu/irq.oram (uart_isr_C_0)
../../../ecrobot/../ecrobot/libecrobot.a(systick.oram)
                              build/syslib/at91sam7s-gnu/lego_nxt/hw_sys_timer.oram (systick_low_priority_C)
../../../ecrobot/../ecrobot/libecrobot.a(byte_fifo.oram)
                              ../../../ecrobot/../ecrobot/libecrobot.a(uart.oram) (byte_fifo_init)
../../../ecrobot/../ecrobot/libecrobot.a(aic.oram)
                              ../../../ecrobot/../ecrobot/libecrobot.a(uart.oram) (aic_set_vector)
../../../ecrobot/../ecrobot/libecrobot.a(udp.oram)
                              build/config/at91sam7s-gnu/irq.oram (udp_isr_C)
../../../ecrobot/../ecrobot/libecrobot.a(twi.oram)
                              build/config/at91sam7s-gnu/irq.oram (twi_isr_C)
../../../ecrobot/../ecrobot/libecrobot.a(nxt_spi.oram)
                              build/config/at91sam7s-gnu/irq.oram (spi_isr_C)
../../../ecrobot/../ecrobot/libecrobot.a(nxt_motors.oram)
                              ../../../ecrobot/../ecrobot/libecrobot.a(ecrobot_interface.o) (nxt_motor_get_count)
../../../ecrobot/../ecrobot/libecrobot.a(data_abort.oram)
                              build/ecrobot_init.o (data_abort_C)
../../../ecrobot/../ecrobot/libecrobot.a(display.oram)
                              build/rtoscalls.o (display_update)
../../../ecrobot/../ecrobot/libecrobot.a(i2c.oram)
                              build/config/at91sam7s-gnu/irq.oram (i2c_timer_isr_C)
../../../ecrobot/../ecrobot/libecrobot.a(sound.oram)
                              ../../../ecrobot/../ecrobot/libecrobot.a(ecrobot_interface.o) (sound_freq_vol)
../../../ecrobot/../ecrobot/libecrobot.a(bt.oram)
                              build/ecrobot_bluetooth.o (bt_send)
../../../ecrobot/../ecrobot/libecrobot.a(nxt_avr.oram)
                              build/ecrobot_base.o (nxt_avr_power_down)
../../../ecrobot/../ecrobot/libecrobot.a(sensors.oram)
                              ../../../ecrobot/../ecrobot/libecrobot++.a(LightSensor.o) (set_digi0)
../../../ecrobot/../ecrobot/libecrobot.a(sensors1.oram)
                              ../../../ecrobot/../ecrobot/libecrobot.a(colorsensor.o) (sp_read)
../../../ecrobot/../ecrobot/libecrobot.a(nxt_lcd.oram)
                              ../../../ecrobot/../ecrobot/libecrobot.a(display.oram) (nxt_lcd_force_update)
../../../ecrobot/../ecrobot/libecrobot.a(flash_loader.oram)
                              build/ecrobot.o (set_flash_request)
../../../ecrobot/../ecrobot/libecrobot.a(interrupts.oram)
                              ../../../ecrobot/../ecrobot/libecrobot.a(uart.oram) (interrupts_get_and_disable)
../../../ecrobot/../ecrobot/libecrobot.a(nxtosek_splash.obmp)
                              build/ecrobot_base.o (nxtosek_splash_bmp_start)
../../../ecrobot/../ecrobot/libecrobot.a(ecrobot_usb.o)
                              ../../../ecrobot/../ecrobot/libecrobot.a(flash_loader.oram) (ecrobot_init_usb)
../../../ecrobot/../ecrobot/libecrobot.a(flashprog.oram)
                              ../../../ecrobot/../ecrobot/libecrobot.a(flash_loader.oram) (flash_write_page)
[...]
Memory Configuration

Name             Origin             Length             Attributes
vector_ram       0x00200000         0x00000040
ram              0x00200040         0x0000ffc0
*default*        0x00000000         0xffffffff

Linker script and memory map

LOAD build/kernel/alarm.o
LOAD build/kernel/event.o
LOAD build/kernel/interrupt.o
LOAD build/kernel/osctl.o
LOAD build/kernel/resource.o
LOAD build/kernel/task.o
LOAD build/kernel/task_manage.o
LOAD build/config/at91sam7s-gnu/cpu_config.o
LOAD build/config/at91sam7s-gnu/lego_nxt/sys_config.o
LOAD build/./kernel_cfg.o
LOAD build/rtoscalls.o
LOAD build/syscalls.o
LOAD build/ecrobot_bluetooth.o
LOAD build/ecrobot_base.o
LOAD build/ecrobot.o
LOAD build/syslib/at91sam7s-gnu/lego_nxt/hw_sys_timer.oram
LOAD build/sample.o
LOAD build/nxtvm/platform/nxt/vectors.o
LOAD build/config/at91sam7s-gnu/debug.o
LOAD build/config/at91sam7s-gnu/lego_nxt/sys_support.o
LOAD build/nxt_binary_header.o
LOAD build/nxt_entry_point.o
LOAD build/ecrobot_init.o
LOAD build/config/at91sam7s-gnu/cpu_support.oram
LOAD build/config/at91sam7s-gnu/irq.oram
LOAD ../../../ecrobot/../ecrobot/libecrobot++.a
LOAD ../../../ecrobot/../ecrobot/libecrobot.a
LOAD /Users/e135712/etrobo/yagarto-4.6.2/bin/../lib/gcc/arm-none-eabi/4.6.2/../../../../arm-none-eabi/lib/thumb/libstdc++.a
LOAD /Users/e135712/etrobo/yagarto-4.6.2/bin/../lib/gcc/arm-none-eabi/4.6.2/../../../../arm-none-eabi/lib/thumb/libm.a
START GROUP
LOAD /Users/e135712/etrobo/yagarto-4.6.2/bin/../lib/gcc/arm-none-eabi/4.6.2/thumb/libgcc.a
LOAD /Users/e135712/etrobo/yagarto-4.6.2/bin/../lib/gcc/arm-none-eabi/4.6.2/../../../../arm-none-eabi/lib/thumb/libc.a
END GROUP
                0x00200000                RAM_BASE = 0x200000
                0x00010000                RAM_SIZE = 0x10000

.samba_reserved
                0x00200040     0x1fc0
                0x00001fc0                . = 0x1fc0
 *fill*         0x00200040     0x1fc0 00
                0x00200040                __samba_ram_start__ = ADDR (.samba_reserved)
                0x00202000                __samba_ram_end__ = (__samba_ram_start__ + SIZEOF (.samba_reserved))

.vectors        0x00200000       0x40 load address 0x00202000
 vectors.o(*.text *.text.*)
 .text          0x00200000       0x38 build/nxtvm/platform/nxt/vectors.o
                0x00200040                . = ALIGN (0x10)
 *fill*         0x00200038        0x8 00
                0x00200000                __vectors_ram_start__ = ADDR (.vectors)
                0x00200040                __vectors_ram_end__ = (ADDR (.vectors) + SIZEOF (.vectors))
                0x00202000                __vectors_load_start__ = LOADADDR (.vectors)
                0x00202040                __vectors_load_end__ = (LOADADDR (.vectors) + SIZEOF (.vectors))

.init           0x00202040      0x280
 *ecrobot_init.o(*.text *.text.*)
 .text          0x00202040      0x280 build/ecrobot_init.o
                0x00202040                start
                0x002021ac                undef_handler
                0x002021b0                swi_handler
                0x002021b4                prefetch_abort_handler
                0x002021b8                data_abort_handler
                0x002021d4                reserved_handler
                0x002022c0                . = ALIGN (0x10)

.ram_text       0x002022c0     0x2f30
                0x002022c0                . = ALIGN (0x10)
 *.oram(*.text *.text.* *.glue*)
 .text.systick_isr_C1
                0x002022c0       0x28 build/syslib/at91sam7s-gnu/lego_nxt/hw_sys_timer.oram
                0x002022c0                systick_isr_C1
 *fill*         0x002022e8        0x8 00
 .text          0x002022f0      0x230 build/config/at91sam7s-gnu/cpu_support.oram
                0x002022f0                dispatch
                0x00202330                activate_r
                0x00202360                exit_and_dispatch
                0x00202370                start_dispatch
                0x0020242c                _interrupt
                0x0020249c                int_return
                0x002024c8                disable_int
                0x002024d0                enable_int
                0x002024d8                nop
 .text          0x00202520      0x2c0 build/config/at91sam7s-gnu/irq.oram
                0x00202520                default_isr
                0x00202520                spurious_isr
                0x00202520                default_fiq
                0x00202524                systick_isr_entry
                0x0020256c                systick_low_priority_entry
                0x002025ac                udp_isr_entry
                0x002025ec                spi_isr_entry
                0x0020262c                twi_isr_entry
                0x0020266c                sound_isr_entry
                0x002026ac                uart_isr_entry_0
                0x002026ec                uart_isr_entry_1
                0x0020272c                nxt_motor_isr_entry
                0x0020276c                i2c_timer_isr_entry
 .text.uart_isr_C_0
                0x002027e0       0x74 ../../../ecrobot/../ecrobot/libecrobot.a(uart.oram)
                0x002027e0                uart_isr_C_0
 .text.uart_isr_C_1
                0x00202854        0x2 ../../../ecrobot/../ecrobot/libecrobot.a(uart.oram)
                0x00202854                uart_isr_C_1
 *fill*         0x00202856        0x2 00
 .text.systick_low_priority_C
                0x00202858       0x1c ../../../ecrobot/../ecrobot/libecrobot.a(systick.oram)
                0x00202858                systick_low_priority_C
 .text.systick_isr_C
                0x00202874       0x24 ../../../ecrobot/../ecrobot/libecrobot.a(systick.oram)
                0x00202874                systick_isr_C
 .text.systick_get_ms
                0x00202898        0xc ../../../ecrobot/../ecrobot/libecrobot.a(systick.oram)
                0x00202898                systick_get_ms
 .text.systick_wait_ms
                0x002028a4       0x1c ../../../ecrobot/../ecrobot/libecrobot.a(systick.oram)
                0x002028a4                systick_wait_ms
 .text.systick_wait_ns
                0x002028c0       0x1c ../../../ecrobot/../ecrobot/libecrobot.a(systick.oram)
                0x002028c0                systick_wait_ns
 .text.systick_init
                0x002028dc       0x58 ../../../ecrobot/../ecrobot/libecrobot.a(systick.oram)
                0x002028dc                systick_init
 .text.systick_suspend
                0x00202934        0xe ../../../ecrobot/../ecrobot/libecrobot.a(systick.oram)
                0x00202934                systick_suspend
 .text.systick_resume
                0x00202942        0xe ../../../ecrobot/../ecrobot/libecrobot.a(systick.oram)
                0x00202942                systick_resume
 .text.byte_fifo_put
                0x00202950       0x4a ../../../ecrobot/../ecrobot/libecrobot.a(byte_fifo.oram)
                0x00202950                byte_fifo_put
 .text.byte_fifo_get
                0x0020299a       0x2c ../../../ecrobot/../ecrobot/libecrobot.a(byte_fifo.oram)
                0x0020299a                byte_fifo_get
 *fill*         0x002029c6        0x2 00
 .text.aic_initialise
                0x002029c8       0x5c ../../../ecrobot/../ecrobot/libecrobot.a(aic.oram)
                0x002029c8                aic_initialise
 .text.aic_set_vector
                0x00202a24       0x30 ../../../ecrobot/../ecrobot/libecrobot.a(aic.oram)
                0x00202a24                aic_set_vector
 .text.aic_mask_on
                0x00202a54       0x24 ../../../ecrobot/../ecrobot/libecrobot.a(aic.oram)
                0x00202a54                aic_mask_on
 .text.aic_mask_off
                0x00202a78       0x24 ../../../ecrobot/../ecrobot/libecrobot.a(aic.oram)
                0x00202a78                aic_mask_off
 .text.aic_clear
                0x00202a9c       0x24 ../../../ecrobot/../ecrobot/libecrobot.a(aic.oram)
                0x00202a9c                aic_clear
 .text.reset    0x00202ac0       0x4c ../../../ecrobot/../ecrobot/libecrobot.a(udp.oram)
 .text.udp_send_null
                0x00202b0c       0x2c ../../../ecrobot/../ecrobot/libecrobot.a(udp.oram)
 .text.udp_send_stall
                0x00202b38       0x2c ../../../ecrobot/../ecrobot/libecrobot.a(udp.oram)
 .text.udp_send_control
                0x00202b64       0x54 ../../../ecrobot/../ecrobot/libecrobot.a(udp.oram)
 .text.udp_isr_C
                0x00202bb8      0x728 ../../../ecrobot/../ecrobot/libecrobot.a(udp.oram)
                0x00202bb8                udp_isr_C
 .text.twi_status
                0x002032e0       0x1c ../../../ecrobot/../ecrobot/libecrobot.a(twi.oram)
                0x002032e0                twi_status
 .text.twi_isr_C
                0x002032fc       0xbc ../../../ecrobot/../ecrobot/libecrobot.a(twi.oram)
                0x002032fc                twi_isr_C
 .text.twi_reset
                0x002033b8       0xc4 ../../../ecrobot/../ecrobot/libecrobot.a(twi.oram)
                0x002033b8                twi_reset
 .text.twi_init
                0x0020347c       0x4c ../../../ecrobot/../ecrobot/libecrobot.a(twi.oram)
                0x0020347c                twi_init
 .text.twi_start_read
                0x002034c8       0x5c ../../../ecrobot/../ecrobot/libecrobot.a(twi.oram)
                0x002034c8                twi_start_read
 .text.twi_start_write
                0x00203524       0x5c ../../../ecrobot/../ecrobot/libecrobot.a(twi.oram)
                0x00203524                twi_start_write
 .text.spi_set_mode
                0x00203580       0x40 ../../../ecrobot/../ecrobot/libecrobot.a(nxt_spi.oram)
 .text.spi_isr_C
                0x002035c0       0x6c ../../../ecrobot/../ecrobot/libecrobot.a(nxt_spi.oram)
                0x002035c0                spi_isr_C
 .text.nxt_spi_init
                0x0020362c      0x140 ../../../ecrobot/../ecrobot/libecrobot.a(nxt_spi.oram)
                0x0020362c                nxt_spi_init
 .text.nxt_spi_write
                0x0020376c       0x44 ../../../ecrobot/../ecrobot/libecrobot.a(nxt_spi.oram)
                0x0020376c                nxt_spi_write
 .text.nxt_spi_set_display
                0x002037b0       0x14 ../../../ecrobot/../ecrobot/libecrobot.a(nxt_spi.oram)
                0x002037b0                nxt_spi_set_display
 .text.nxt_spi_refresh
                0x002037c4       0x28 ../../../ecrobot/../ecrobot/libecrobot.a(nxt_spi.oram)
                0x002037c4                nxt_spi_refresh
 .text.nxt_motor_set_count
                0x002037ec       0x14 ../../../ecrobot/../ecrobot/libecrobot.a(nxt_motors.oram)
                0x002037ec                nxt_motor_set_count
 .text.nxt_motor_set_speed
                0x00203800       0x30 ../../../ecrobot/../ecrobot/libecrobot.a(nxt_motors.oram)
                0x00203800                nxt_motor_set_speed
 .text.nxt_motor_1kHz_process
                0x00203830       0x2c ../../../ecrobot/../ecrobot/libecrobot.a(nxt_motors.oram)
                0x00203830                nxt_motor_1kHz_process
 .text.nxt_motor_quad_decode
                0x0020385c       0x48 ../../../ecrobot/../ecrobot/libecrobot.a(nxt_motors.oram)
                0x0020385c                nxt_motor_quad_decode
 .text.nxt_motor_isr_C
                0x002038a4       0x84 ../../../ecrobot/../ecrobot/libecrobot.a(nxt_motors.oram)
                0x002038a4                nxt_motor_isr_C
 .text.nxt_motor_init
                0x00203928       0x78 ../../../ecrobot/../ecrobot/libecrobot.a(nxt_motors.oram)
                0x00203928                nxt_motor_init
 .text.data_abort_C
                0x002039a0       0x7c ../../../ecrobot/../ecrobot/libecrobot.a(data_abort.oram)
                0x002039a0                data_abort_C
 .text.display_update
                0x00203a1c       0x18 ../../../ecrobot/../ecrobot/libecrobot.a(display.oram)
                0x00203a1c                display_update
 .text.display_force_update
                0x00203a34        0xc ../../../ecrobot/../ecrobot/libecrobot.a(display.oram)
                0x00203a34                display_force_update
 .text.display_clear
                0x00203a40       0x24 ../../../ecrobot/../ecrobot/libecrobot.a(display.oram)
                0x00203a40                display_clear
 .text.display_goto_xy
                0x00203a64       0x14 ../../../ecrobot/../ecrobot/libecrobot.a(display.oram)
                0x00203a64                display_goto_xy
 .text.display_char
                0x00203a78       0x58 ../../../ecrobot/../ecrobot/libecrobot.a(display.oram)
                0x00203a78                display_char
 .text.display_string
                0x00203ad0       0x40 ../../../ecrobot/../ecrobot/libecrobot.a(display.oram)
                0x00203ad0                display_string
 .text.display_unsigned_worker
                0x00203b10       0x72 ../../../ecrobot/../ecrobot/libecrobot.a(display.oram)
 *fill*         0x00203b82        0x2 00
 .text.display_hex
                0x00203b84       0x48 ../../../ecrobot/../ecrobot/libecrobot.a(display.oram)
                0x00203b84                display_hex
 .text.display_unsigned
                0x00203bcc        0xe ../../../ecrobot/../ecrobot/libecrobot.a(display.oram)
                0x00203bcc                display_unsigned
 .text.display_int
                0x00203bda       0x16 ../../../ecrobot/../ecrobot/libecrobot.a(display.oram)
                0x00203bda                display_int
 .text.display_bitmap_copy
                0x00203bf0       0x78 ../../../ecrobot/../ecrobot/libecrobot.a(display.oram)
                0x00203bf0                display_bitmap_copy
 .text.display_init
                0x00203c68       0x48 ../../../ecrobot/../ecrobot/libecrobot.a(display.oram)
                0x00203c68                display_init
 .text.i2c_timer_isr_C
                0x00203cb0      0x2fc ../../../ecrobot/../ecrobot/libecrobot.a(i2c.oram)
                0x00203cb0                i2c_timer_isr_C
 .text.i2c_disable
                0x00203fac       0x24 ../../../ecrobot/../ecrobot/libecrobot.a(i2c.oram)
                0x00203fac                i2c_disable
 .text.i2c_enable
                0x00203fd0       0x50 ../../../ecrobot/../ecrobot/libecrobot.a(i2c.oram)
                0x00203fd0                i2c_enable
 .text.i2c_init
                0x00204020       0xb4 ../../../ecrobot/../ecrobot/libecrobot.a(i2c.oram)
                0x00204020                i2c_init
 .text.i2c_busy
                0x002040d4       0x28 ../../../ecrobot/../ecrobot/libecrobot.a(i2c.oram)
                0x002040d4                i2c_busy
 .text.sound_interrupt_enable
                0x002040fc       0x1c ../../../ecrobot/../ecrobot/libecrobot.a(sound.oram)
                0x002040fc                sound_interrupt_enable
 .text.sound_interrupt_disable
                0x00204118       0x14 ../../../ecrobot/../ecrobot/libecrobot.a(sound.oram)
                0x00204118                sound_interrupt_disable
 .text.sound_init
                0x0020412c       0xb0 ../../../ecrobot/../ecrobot/libecrobot.a(sound.oram)
                0x0020412c                sound_init
 .text.sound_fill_sample_buffer
                0x002041dc       0xe4 ../../../ecrobot/../ecrobot/libecrobot.a(sound.oram)
                0x002041dc                sound_fill_sample_buffer
 .text.sound_isr_C
                0x002042c0      0x108 ../../../ecrobot/../ecrobot/libecrobot.a(sound.oram)
                0x002042c0                sound_isr_C
 .text.bt_init  0x002043c8      0x1d4 ../../../ecrobot/../ecrobot/libecrobot.a(bt.oram)
                0x002043c8                bt_init
 .text.nxt_avr_power_down
                0x0020459c       0x10 ../../../ecrobot/../ecrobot/libecrobot.a(nxt_avr.oram)
                0x0020459c                nxt_avr_power_down
 .text.nxt_avr_link_init
                0x002045ac       0x20 ../../../ecrobot/../ecrobot/libecrobot.a(nxt_avr.oram)
                0x002045ac                nxt_avr_link_init
 .text.nxt_avr_init
                0x002045cc       0x68 ../../../ecrobot/../ecrobot/libecrobot.a(nxt_avr.oram)
                0x002045cc                nxt_avr_init
 .text.nxt_avr_1kHz_update
                0x00204634      0x1b0 ../../../ecrobot/../ecrobot/libecrobot.a(nxt_avr.oram)
                0x00204634                nxt_avr_1kHz_update
 .text.buttons_get
                0x002047e4        0xc ../../../ecrobot/../ecrobot/libecrobot.a(nxt_avr.oram)
                0x002047e4                buttons_get
 .text.battery_voltage
                0x002047f0       0x20 ../../../ecrobot/../ecrobot/libecrobot.a(nxt_avr.oram)
                0x002047f0                battery_voltage
 .text.sensor_adc
                0x00204810       0x24 ../../../ecrobot/../ecrobot/libecrobot.a(nxt_avr.oram)
                0x00204810                sensor_adc
 .text.nxt_avr_set_motor
                0x00204834       0x28 ../../../ecrobot/../ecrobot/libecrobot.a(nxt_avr.oram)
                0x00204834                nxt_avr_set_motor
 .text.nxt_avr_set_input_power
                0x0020485c       0x3c ../../../ecrobot/../ecrobot/libecrobot.a(nxt_avr.oram)
                0x0020485c                nxt_avr_set_input_power
 .text.set_digi0
                0x00204898       0x48 ../../../ecrobot/../ecrobot/libecrobot.a(sensors.oram)
                0x00204898                set_digi0
 .text.unset_digi0
                0x002048e0       0x48 ../../../ecrobot/../ecrobot/libecrobot.a(sensors.oram)
                0x002048e0                unset_digi0
 .text.unset_digi1
                0x00204928       0x48 ../../../ecrobot/../ecrobot/libecrobot.a(sensors.oram)
                0x00204928                unset_digi1
 .text.init_sensors
                0x00204970       0x58 ../../../ecrobot/../ecrobot/libecrobot.a(sensors.oram)
                0x00204970                init_sensors
 .text.nxt_lcd_command
                0x002049c8       0x16 ../../../ecrobot/../ecrobot/libecrobot.a(nxt_lcd.oram)
                0x002049c8                nxt_lcd_command
 .text.nxt_lcd_set_col
                0x002049de       0x1e ../../../ecrobot/../ecrobot/libecrobot.a(nxt_lcd.oram)
                0x002049de                nxt_lcd_set_col
 .text.nxt_lcd_set_multiplex_rate
                0x002049fc       0x14 ../../../ecrobot/../ecrobot/libecrobot.a(nxt_lcd.oram)
                0x002049fc                nxt_lcd_set_multiplex_rate
 .text.nxt_lcd_set_page_address
                0x00204a10       0x14 ../../../ecrobot/../ecrobot/libecrobot.a(nxt_lcd.oram)
                0x00204a10                nxt_lcd_set_page_address
 .text.nxt_lcd_set_pot
                0x00204a24       0x18 ../../../ecrobot/../ecrobot/libecrobot.a(nxt_lcd.oram)
                0x00204a24                nxt_lcd_set_pot
 .text.nxt_lcd_set_ram_address_control
                0x00204a3c       0x14 ../../../ecrobot/../ecrobot/libecrobot.a(nxt_lcd.oram)
                0x00204a3c                nxt_lcd_set_ram_address_control
 .text.nxt_lcd_enable
                0x00204a50       0x14 ../../../ecrobot/../ecrobot/libecrobot.a(nxt_lcd.oram)
                0x00204a50                nxt_lcd_enable
 .text.nxt_lcd_set_map_control
                0x00204a64       0x16 ../../../ecrobot/../ecrobot/libecrobot.a(nxt_lcd.oram)
                0x00204a64                nxt_lcd_set_map_control
 .text.nxt_lcd_reset
                0x00204a7a        0xe ../../../ecrobot/../ecrobot/libecrobot.a(nxt_lcd.oram)
                0x00204a7a                nxt_lcd_reset
 .text.nxt_lcd_set_bias_ratio
                0x00204a88       0x14 ../../../ecrobot/../ecrobot/libecrobot.a(nxt_lcd.oram)
                0x00204a88                nxt_lcd_set_bias_ratio
 .text.nxt_lcd_force_update
                0x00204a9c       0x30 ../../../ecrobot/../ecrobot/libecrobot.a(nxt_lcd.oram)
                0x00204a9c                nxt_lcd_force_update
 .text.nxt_lcd_update
                0x00204acc        0xc ../../../ecrobot/../ecrobot/libecrobot.a(nxt_lcd.oram)
                0x00204acc                nxt_lcd_update
 .text.nxt_lcd_power_up
                0x00204ad8       0x48 ../../../ecrobot/../ecrobot/libecrobot.a(nxt_lcd.oram)
                0x00204ad8                nxt_lcd_power_up
 .text.nxt_lcd_power_down
                0x00204b20        0xc ../../../ecrobot/../ecrobot/libecrobot.a(nxt_lcd.oram)
                0x00204b20                nxt_lcd_power_down
 .text.nxt_lcd_init
                0x00204b2c       0x18 ../../../ecrobot/../ecrobot/libecrobot.a(nxt_lcd.oram)
                0x00204b2c                nxt_lcd_init
 .text.verify_flash_page
                0x00204b44       0x2e ../../../ecrobot/../ecrobot/libecrobot.a(flash_loader.oram)
 *fill*         0x00204b72        0x2 00
 .text.set_flash_request
                0x00204b74       0x38 ../../../ecrobot/../ecrobot/libecrobot.a(flash_loader.oram)
                0x00204b74                set_flash_request
 .text.nxt_device_init
                0x00204bac       0x38 ../../../ecrobot/../ecrobot/libecrobot.a(flash_loader.oram)
                0x00204bac                nxt_device_init
 .text          0x00204be4       0x68 ../../../ecrobot/../ecrobot/libecrobot.a(interrupts.oram)
                0x00204be4                interrupts_get_and_disable
                0x00204c08                interrupts_enable
                0x00204c18                fiq_get_and_disable
                0x00204c3c                fiq_enable
 .text.flash_write_page
                0x00204c4c       0xb8 ../../../ecrobot/../ecrobot/libecrobot.a(flashprog.oram)
                0x00204c4c                flash_write_page
 *fill*         0x00204d04        0x4 00
 .text.flash_write_page.stub
                0x00204d08       0x38 linker stubs
                0x00204d40                . = ALIGN (0x10)
 *fill*         0x00204d48        0x8 00
 *.oram(*.rodata *.rodata.*)
 .rodata.dd     0x00204d50       0x12 ../../../ecrobot/../ecrobot/libecrobot.a(udp.oram)
 .rodata.ld     0x00204d62        0x4 ../../../ecrobot/../ecrobot/libecrobot.a(udp.oram)
 .rodata.cfd    0x00204d66       0x20 ../../../ecrobot/../ecrobot/libecrobot.a(udp.oram)
 .rodata.str1.1
                0x00204d86       0x1d ../../../ecrobot/../ecrobot/libecrobot.a(data_abort.oram)
 .rodata.str1.1
                0x00204da3       0x67 ../../../ecrobot/../ecrobot/libecrobot.a(display.oram)
 .rodata.font   0x00204e0a      0x280 ../../../ecrobot/../ecrobot/libecrobot.a(display.oram)
 *fill*         0x0020508a        0x2 00
 .rodata.i2c_pin
                0x0020508c       0x20 ../../../ecrobot/../ecrobot/libecrobot.a(i2c.oram)
 .rodata        0x002050ac        0x9 ../../../ecrobot/../ecrobot/libecrobot.a(sound.oram)
 *fill*         0x002050b5        0x3 00
 .rodata.sample_pattern
                0x002050b8       0x84 ../../../ecrobot/../ecrobot/libecrobot.a(sound.oram)
                0x002050b8                sample_pattern
 .rodata.silence
                0x0020513c       0x40 ../../../ecrobot/../ecrobot/libecrobot.a(sound.oram)
                0x0020513c                silence
 .rodata.avr_brainwash_string
                0x0020517c       0x30 ../../../ecrobot/../ecrobot/libecrobot.a(nxt_avr.oram)
                0x0020517c                avr_brainwash_string
 .rodata        0x002051ac       0x20 ../../../ecrobot/../ecrobot/libecrobot.a(sensors.oram)
 .rodata.str1.1
                0x002051cc       0x21 ../../../ecrobot/../ecrobot/libecrobot.a(flash_loader.oram)
                0x002051f0                . = ALIGN (0x10)
 *fill*         0x002051ed        0x3 00
                0x002022c0                __ramtext_ram_start__ = ADDR (.ram_text)
                0x002051f0                __ramtext_ram_end__ = (ADDR (.ram_text) + SIZEOF (.ram_text))
                0x002022c0                __ramtext_load_start__ = LOADADDR (.ram_text)
                0x002051f0                __ramtext_load_end__ = (__ramtext_load_start__ + SIZEOF (.ram_text))

.wav_data       0x002051f0        0x0
 *.owav(*.data *.data.*)
                0x002051f0                . = ALIGN (0x10)

.bmp_data       0x002051f0      0x440
 *.obmp(*.data *.data.*)
 .data          0x002051f0      0x43e ../../../ecrobot/../ecrobot/libecrobot.a(nxtosek_splash.obmp)
                0x002051f0                nxtosek_splash_bmp_start
                0x0020562e                nxtosek_splash_bmp_end
                0x00205630                . = ALIGN (0x10)
 *fill*         0x0020562e        0x2 00

.spr_data       0x00205630        0x0
 *.ospr(*.data *.data.*)
                0x00205630                . = ALIGN (0x10)

.data           0x00205630      0x890
 *(*.data *.data.*)
 .data.deviceStatus
                0x00205630        0x1 ../../../ecrobot/../ecrobot/libecrobot.a(ecrobot_interface.o)
 .data.named    0x00205631       0x22 ../../../ecrobot/../ecrobot/libecrobot.a(udp.oram)
 .data.snd      0x00205653       0x1a ../../../ecrobot/../ecrobot/libecrobot.a(udp.oram)
 *fill*         0x0020566d        0x3 00
 .data.configured
                0x00205670        0x4 ../../../ecrobot/../ecrobot/libecrobot.a(udp.oram)
 .bss.data      0x00205674        0x4 ../../../ecrobot/../ecrobot/libecrobot.a(nxt_spi.oram)
                0x00205674                data
 .data.mode     0x00205678        0x1 ../../../ecrobot/../ecrobot/libecrobot.a(nxt_spi.oram)
                0x00205678                mode
 *fill*         0x00205679        0x3 00
 .data.display_auto_update
                0x0020567c        0x4 ../../../ecrobot/../ecrobot/libecrobot.a(display.oram)
                0x0020567c                display_auto_update
 .data          0x00205680      0x410 /Users/e135712/etrobo/yagarto-4.6.2/bin/../lib/gcc/arm-none-eabi/4.6.2/../../../../arm-none-eabi/lib/thumb/libc.a(lib_a-mallocr.o)
                0x00205680                __malloc_av_
                0x00205a88                __malloc_sbrk_base
                0x00205a8c                __malloc_trim_threshold
 .data          0x00205a90      0x430 /Users/e135712/etrobo/yagarto-4.6.2/bin/../lib/gcc/arm-none-eabi/4.6.2/../../../../arm-none-eabi/lib/thumb/libc.a(lib_a-impure.o)
                0x00205a90                _impure_ptr
                0x00205ec0                . = ALIGN (0x10)
                0x00205630                __data_ram_start__ = ADDR (.data)
                0x00205ec0                __data_ram_end__ = (ADDR (.data) + SIZEOF (.data))
                0x00205630                __data_load_start__ = LOADADDR (.data)
                0x00205ec0                __data_load_end__ = (__data_load_start__ + SIZEOF (.data))

.text           0x00205ec0     0x1cf0
                0x00205ec0                . = ALIGN (0x10)
 *(.text .text.* *.glue*)
 .glue_7        0x00000000        0x0 linker stubs
 .glue_7t       0x00000000        0x0 linker stubs
 .text.SetEvent
                0x00205ec0       0xa4 build/kernel/event.o
                0x00205ec0                SetEvent
 .text.call_posttaskhook
                0x00205f64       0x24 build/kernel/osctl.o
                0x00205f64                call_posttaskhook
 .text.call_pretaskhook
                0x00205f88       0x24 build/kernel/osctl.o
                0x00205f88                call_pretaskhook
 .text.StartOS  0x00205fac       0x54 build/kernel/osctl.o
                0x00205fac                StartOS
 .text.ShutdownOS
                0x00206000       0x48 build/kernel/osctl.o
                0x00206000                ShutdownOS
 .text.call_errorhook
                0x00206048       0x6c build/kernel/osctl.o
                0x00206048                call_errorhook
 .text.make_runnable
                0x002060b4       0x98 build/kernel/task.o
                0x002060b4                make_runnable
 .text.make_active
                0x0020614c       0x74 build/kernel/task.o
                0x0020614c                make_active
 .text.task_initialize
                0x002061c0       0x80 build/kernel/task.o
                0x002061c0                task_initialize
 .text.cpu_initialize
                0x00206240        0x2 build/config/at91sam7s-gnu/cpu_config.o
                0x00206240                cpu_initialize
 .text.cpu_terminate
                0x00206242        0x2 build/config/at91sam7s-gnu/cpu_config.o
                0x00206242                cpu_terminate
 .text.sys_initialize
                0x00206244        0x2 build/config/at91sam7s-gnu/lego_nxt/sys_config.o
                0x00206244                sys_initialize
 .text.sys_exit
                0x00206246        0x2 build/config/at91sam7s-gnu/lego_nxt/sys_config.o
                0x00206246                sys_exit
 .text.object_initialize
                0x00206248        0xc build/./kernel_cfg.o
                0x00206248                object_initialize
 .text.SleeperMonitor
                0x00206254       0x78 build/rtoscalls.o
                0x00206254                SleeperMonitor
 .text.AssertDeviceConstructor
                0x002062cc       0x2c build/rtoscalls.o
                0x002062cc                AssertDeviceConstructor
 .text._sbrk_r  0x002062f8       0x20 build/syscalls.o
                0x002062f8                _sbrk_r
 .text.init_OS_flag
                0x00206318        0xc build/ecrobot_base.o
                0x00206318                init_OS_flag
 .text.set_OS_flag
                0x00206324        0xc build/ecrobot_base.o
                0x00206324                set_OS_flag
 .text.get_OS_flag
                0x00206330        0xc build/ecrobot_base.o
                0x00206330                get_OS_flag
 .text.cpp_constructor
                0x0020633c       0x28 build/ecrobot_base.o
                0x0020633c                cpp_constructor
 .text.cpp_destructor
                0x00206364        0xe build/ecrobot_base.o
                0x00206364                cpp_destructor
 *fill*         0x00206372        0x2 00
 .text.execution_mode
                0x00206374       0x14 build/ecrobot_base.o
                0x00206374                execution_mode
 .text.show_splash_screen
                0x00206388       0x98 build/ecrobot_base.o
                0x00206388                show_splash_screen
 .text.show_main_screen
                0x00206420       0x48 build/ecrobot_base.o
                0x00206420                show_main_screen
 .text.display_status_bar
                0x00206468       0x5c build/ecrobot_base.o
                0x00206468                display_status_bar
 .text.add_status_info
                0x002064c4       0x68 build/ecrobot_base.o
                0x002064c4                add_status_info
 .text.restart_NXT
                0x0020652c       0x2e build/ecrobot_base.o
                0x0020652c                restart_NXT
 .text.shutdown_NXT
                0x0020655a       0x2e build/ecrobot_base.o
                0x0020655a                shutdown_NXT
 .text.check_NXT_buttons
                0x00206588       0x3c build/ecrobot_base.o
                0x00206588                check_NXT_buttons
 .text.startup.main
                0x002065c4      0x108 build/ecrobot.o
                0x002065c4                main
 .text._ZN7ecrobot6SensorD2Ev
                0x002066cc       0x1c build/sample.o
                0x002066cc                _ZN7ecrobot6SensorD1Ev
                0x002066cc                _ZN7ecrobot6SensorD2Ev
 .text._ZN7ecrobot11TouchSensorD2Ev
                0x002066e8       0x18 build/sample.o
                0x002066e8                _ZN7ecrobot11TouchSensorD2Ev
                0x002066e8                _ZN7ecrobot11TouchSensorD1Ev
 .text._ZN7ecrobot11TouchSensorD0Ev
                0x00206700       0x20 build/sample.o
                0x00206700                _ZN7ecrobot11TouchSensorD0Ev
 .text._ZN7ecrobot10GyroSensorD2Ev
                0x00206720       0x18 build/sample.o
                0x00206720                _ZN7ecrobot10GyroSensorD2Ev
                0x00206720                _ZN7ecrobot10GyroSensorD1Ev
 .text._ZN7ecrobot10GyroSensorD0Ev
                0x00206738       0x20 build/sample.o
                0x00206738                _ZN7ecrobot10GyroSensorD0Ev
 .text._ZN7ecrobot6SensorD0Ev
                0x00206758       0x16 build/sample.o
                0x00206758                _ZN7ecrobot6SensorD0Ev
 *fill*         0x0020676e        0x2 00
 .text._ZN7ecrobot11SonarSensorD2Ev
                0x00206770       0x18 build/sample.o
                0x00206770                _ZN7ecrobot11SonarSensorD1Ev
                0x00206770                _ZN7ecrobot11SonarSensorD2Ev
 .text._ZN7ecrobot11SonarSensorD0Ev
                0x00206788       0x20 build/sample.o
                0x00206788                _ZN7ecrobot11SonarSensorD0Ev
 .text.user_1ms_isr_type2
                0x002067a8        0xc build/sample.o
                0x002067a8                user_1ms_isr_type2
 .text.TaskMainTaskMain
                0x002067b4       0x7c build/sample.o
                0x002067b4                TaskMainTaskMain
 .text.startup._GLOBAL__sub_I_light
                0x00206830       0xd4 build/sample.o
 .text._ZN7ecrobot5ClockC2Ev
                0x00206904       0x12 ../../../ecrobot/../ecrobot/libecrobot++.a(Clock.o)
                0x00206904                _ZN7ecrobot5ClockC2Ev
                0x00206904                _ZN7ecrobot5ClockC1Ev
 *fill*         0x00206916        0x2 00
 .text._ZN7ecrobot10GyroSensorC2E6ePortS
                0x00206918       0x3c ../../../ecrobot/../ecrobot/libecrobot++.a(GyroSensor.o)
                0x00206918                _ZN7ecrobot10GyroSensorC2E6ePortS
                0x00206918                _ZN7ecrobot10GyroSensorC1E6ePortS
 .text._ZN7ecrobot3I2cD2Ev
                0x00206954       0x24 ../../../ecrobot/../ecrobot/libecrobot++.a(I2c.o)
                0x00206954                _ZN7ecrobot3I2cD1Ev
                0x00206954                _ZN7ecrobot3I2cD2Ev
 .text._ZN7ecrobot3I2cD0Ev
                0x00206978       0x16 ../../../ecrobot/../ecrobot/libecrobot++.a(I2c.o)
                0x00206978                _ZN7ecrobot3I2cD0Ev
 *fill*         0x0020698e        0x2 00
 .text._ZN7ecrobot3I2cC2E6ePortS6ePower
                0x00206990       0x34 ../../../ecrobot/../ecrobot/libecrobot++.a(I2c.o)
                0x00206990                _ZN7ecrobot3I2cC2E6ePortS6ePower
                0x00206990                _ZN7ecrobot3I2cC1E6ePortS6ePower
 .text._ZN7ecrobot3LcdC2Ev
                0x002069c4        0x6 ../../../ecrobot/../ecrobot/libecrobot++.a(Lcd.o)
                0x002069c4                _ZN7ecrobot3LcdC2Ev
                0x002069c4                _ZN7ecrobot3LcdC1Ev
 .text._ZN7ecrobot3Lcd5clearEb
                0x002069ca       0x1a ../../../ecrobot/../ecrobot/libecrobot++.a(Lcd.o)
                0x002069ca                _ZN7ecrobot3Lcd5clearEb
 .text._ZN7ecrobot3Lcd4putfEPKcz
                0x002069e4       0x98 ../../../ecrobot/../ecrobot/libecrobot++.a(Lcd.o)
                0x002069e4                _ZN7ecrobot3Lcd4putfEPKcz
 .text._ZN7ecrobot3Lcd4dispEv
                0x00206a7c        0xc ../../../ecrobot/../ecrobot/libecrobot++.a(Lcd.o)
                0x00206a7c                _ZN7ecrobot3Lcd4dispEv
 .text._ZN7ecrobot11LightSensorD2Ev
                0x00206a88       0x24 ../../../ecrobot/../ecrobot/libecrobot++.a(LightSensor.o)
                0x00206a88                _ZN7ecrobot11LightSensorD2Ev
                0x00206a88                _ZN7ecrobot11LightSensorD1Ev
 .text._ZN7ecrobot11LightSensorD0Ev
                0x00206aac       0x16 ../../../ecrobot/../ecrobot/libecrobot++.a(LightSensor.o)
                0x00206aac                _ZN7ecrobot11LightSensorD0Ev
 *fill*         0x00206ac2        0x2 00
 .text._ZNK7ecrobot11LightSensor13getBrightnessEv
                0x00206ac4       0x1c ../../../ecrobot/../ecrobot/libecrobot++.a(LightSensor.o)
                0x00206ac4                _ZNK7ecrobot11LightSensor13getBrightnessEv
 .text._ZN7ecrobot11LightSensor7setLampEb
                0x00206ae0       0x18 ../../../ecrobot/../ecrobot/libecrobot++.a(LightSensor.o)
                0x00206ae0                _ZN7ecrobot11LightSensor7setLampEb
 .text._ZN7ecrobot11LightSensorC2E6ePortSb
                0x00206af8       0x40 ../../../ecrobot/../ecrobot/libecrobot++.a(LightSensor.o)
                0x00206af8                _ZN7ecrobot11LightSensorC1E6ePortSb
                0x00206af8                _ZN7ecrobot11LightSensorC2E6ePortSb
 .text._ZN7ecrobot5MotorC2E6ePortMb
                0x00206b38       0x20 ../../../ecrobot/../ecrobot/libecrobot++.a(Motor.o)
                0x00206b38                _ZN7ecrobot5MotorC1E6ePortMb
                0x00206b38                _ZN7ecrobot5MotorC2E6ePortMb
 .text._ZN7ecrobot5MotorD2Ev
                0x00206b58       0x16 ../../../ecrobot/../ecrobot/libecrobot++.a(Motor.o)
                0x00206b58                _ZN7ecrobot5MotorD2Ev
                0x00206b58                _ZN7ecrobot5MotorD1Ev
 *fill*         0x00206b6e        0x2 00
 .text._ZN7ecrobot11SonarSensorC2E6ePortS
                0x00206b70       0x1c ../../../ecrobot/../ecrobot/libecrobot++.a(SonarSensor.o)
                0x00206b70                _ZN7ecrobot11SonarSensorC1E6ePortS
                0x00206b70                _ZN7ecrobot11SonarSensorC2E6ePortS
 .text._ZN7ecrobot11TouchSensorC2E6ePortS
                0x00206b8c       0x34 ../../../ecrobot/../ecrobot/libecrobot++.a(TouchSensor.o)
                0x00206b8c                _ZN7ecrobot11TouchSensorC1E6ePortS
                0x00206b8c                _ZN7ecrobot11TouchSensorC2E6ePortS
 .text._ZNK7ecrobot11TouchSensor9isPressedEv
                0x00206bc0       0x24 ../../../ecrobot/../ecrobot/libecrobot++.a(TouchSensor.o)
                0x00206bc0                _ZNK7ecrobot11TouchSensor9isPressedEv
 .text._ZdlPv   0x00206be4        0xc ../../../ecrobot/../ecrobot/libecrobot++.a(New.o)
                0x00206be4                _ZdlPv
 .text.ecrobot_device_initialize
                0x00206bf0        0x2 ../../../ecrobot/../ecrobot/libecrobot.a(ecrobot_device_hook.o)
                0x00206bf0                ecrobot_device_initialize
 .text.ecrobot_device_terminate
                0x00206bf2        0x2 ../../../ecrobot/../ecrobot/libecrobot.a(ecrobot_device_hook.o)
                0x00206bf2                ecrobot_device_terminate
 .text.ecrobot_get_battery_voltage
                0x00206bf4        0xc ../../../ecrobot/../ecrobot/libecrobot.a(ecrobot_interface.o)
                0x00206bf4                ecrobot_get_battery_voltage
 .text.ecrobot_init_nxtstate
                0x00206c00       0x28 ../../../ecrobot/../ecrobot/libecrobot.a(ecrobot_interface.o)
                0x00206c00                ecrobot_init_nxtstate
 .text.ecrobot_get_button_state
                0x00206c28        0xc ../../../ecrobot/../ecrobot/libecrobot.a(ecrobot_interface.o)
                0x00206c28                ecrobot_get_button_state
 .text.ecrobot_poll_nxtstate
                0x00206c34       0x60 ../../../ecrobot/../ecrobot/libecrobot.a(ecrobot_interface.o)
                0x00206c34                ecrobot_poll_nxtstate
 .text.ecrobot_setDeviceInitialized
                0x00206c94       0x18 ../../../ecrobot/../ecrobot/libecrobot.a(ecrobot_interface.o)
                0x00206c94                ecrobot_setDeviceInitialized
 .text.ecrobot_initDeviceStatus
                0x00206cac        0xc ../../../ecrobot/../ecrobot/libecrobot.a(ecrobot_interface.o)
                0x00206cac                ecrobot_initDeviceStatus
 .text.ecrobot_bmp2lcd
                0x00206cb8      0x1b0 ../../../ecrobot/../ecrobot/libecrobot.a(ecrobot_interface.o)
                0x00206cb8                ecrobot_bmp2lcd
 .text.StartupHook
                0x00206e68        0x2 ../../../ecrobot/../ecrobot/libecrobot.a(osek_hook.o)
                0x00206e68                StartupHook
 .text.PreTaskHook
                0x00206e6a        0x2 ../../../ecrobot/../ecrobot/libecrobot.a(osek_hook.o)
                0x00206e6a                PreTaskHook
 .text.PostTaskHook
                0x00206e6c        0x2 ../../../ecrobot/../ecrobot/libecrobot.a(osek_hook.o)
                0x00206e6c                PostTaskHook
 .text.ErrorHook
                0x00206e6e        0x2 ../../../ecrobot/../ecrobot/libecrobot.a(osek_hook.o)
                0x00206e6e                ErrorHook
 .text.ShutdownHook
                0x00206e70        0x2 ../../../ecrobot/../ecrobot/libecrobot.a(osek_hook.o)
                0x00206e70                ShutdownHook
 *fill*         0x00206e72        0x2 00
 .text.__aeabi_atexit
                0x00206e74       0x14 /Users/e135712/etrobo/yagarto-4.6.2/bin/../lib/gcc/arm-none-eabi/4.6.2/../../../../arm-none-eabi/lib/thumb/libstdc++.a(atexit_arm.o)
                0x00206e74                __aeabi_atexit
 .text          0x00206e88       0x14 /Users/e135712/etrobo/yagarto-4.6.2/bin/../lib/gcc/arm-none-eabi/4.6.2/thumb/libgcc.a(_thumb1_case_uqi.o)
                0x00206e88                __gnu_thumb1_case_uqi
 .text          0x00206e9c       0x14 /Users/e135712/etrobo/yagarto-4.6.2/bin/../lib/gcc/arm-none-eabi/4.6.2/thumb/libgcc.a(_thumb1_case_uhi.o)
                0x00206e9c                __gnu_thumb1_case_uhi
 .text          0x00206eb0      0x11c /Users/e135712/etrobo/yagarto-4.6.2/bin/../lib/gcc/arm-none-eabi/4.6.2/thumb/libgcc.a(_udivsi3.o)
                0x00206eb0                __udivsi3
                0x00206eb0                __aeabi_uidiv
                0x00206fac                __aeabi_uidivmod
 .text          0x00206fcc        0x4 /Users/e135712/etrobo/yagarto-4.6.2/bin/../lib/gcc/arm-none-eabi/4.6.2/thumb/libgcc.a(_dvmd_tls.o)
                0x00206fcc                __aeabi_ldiv0
                0x00206fcc                __aeabi_idiv0
 .text          0x00206fd0       0x18 /Users/e135712/etrobo/yagarto-4.6.2/bin/../lib/gcc/arm-none-eabi/4.6.2/../../../../arm-none-eabi/lib/thumb/libc.a(lib_a-cxa_atexit.o)
                0x00206fd0                __cxa_atexit
 .text          0x00206fe8       0x10 /Users/e135712/etrobo/yagarto-4.6.2/bin/../lib/gcc/arm-none-eabi/4.6.2/../../../../arm-none-eabi/lib/thumb/libc.a(lib_a-cxa_finalize.o)
                0x00206fe8                __cxa_finalize
 .text          0x00206ff8       0x30 /Users/e135712/etrobo/yagarto-4.6.2/bin/../lib/gcc/arm-none-eabi/4.6.2/../../../../arm-none-eabi/lib/thumb/libc.a(lib_a-malloc.o)
                0x00206ff8                malloc
                0x00207010                free
 .text          0x00207028      0x514 /Users/e135712/etrobo/yagarto-4.6.2/bin/../lib/gcc/arm-none-eabi/4.6.2/../../../../arm-none-eabi/lib/thumb/libc.a(lib_a-mallocr.o)
                0x00207028                _malloc_r
 .text          0x0020753c       0x98 /Users/e135712/etrobo/yagarto-4.6.2/bin/../lib/gcc/arm-none-eabi/4.6.2/../../../../arm-none-eabi/lib/thumb/libc.a(lib_a-memset.o)
                0x0020753c                memset
 .text          0x002075d4        0x8 /Users/e135712/etrobo/yagarto-4.6.2/bin/../lib/gcc/arm-none-eabi/4.6.2/../../../../arm-none-eabi/lib/thumb/libc.a(lib_a-mlock.o)
                0x002075d4                __malloc_lock
                0x002075d8                __malloc_unlock
 .text          0x002075dc       0x10 /Users/e135712/etrobo/yagarto-4.6.2/bin/../lib/gcc/arm-none-eabi/4.6.2/../../../../arm-none-eabi/lib/thumb/libc.a(lib_a-strcpy.o)
                0x002075dc                strcpy
 .text          0x002075ec       0x10 /Users/e135712/etrobo/yagarto-4.6.2/bin/../lib/gcc/arm-none-eabi/4.6.2/../../../../arm-none-eabi/lib/thumb/libc.a(lib_a-strlen.o)
                0x002075ec                strlen
 .text          0x002075fc       0xd4 /Users/e135712/etrobo/yagarto-4.6.2/bin/../lib/gcc/arm-none-eabi/4.6.2/../../../../arm-none-eabi/lib/thumb/libc.a(lib_a-__atexit.o)
                0x002075fc                __register_exitproc
 .text          0x002076d0      0x114 /Users/e135712/etrobo/yagarto-4.6.2/bin/../lib/gcc/arm-none-eabi/4.6.2/../../../../arm-none-eabi/lib/thumb/libc.a(lib_a-__call_atexit.o)
                0x002076d0                __call_exitprocs
 .text          0x002077e4      0x248 /Users/e135712/etrobo/yagarto-4.6.2/bin/../lib/gcc/arm-none-eabi/4.6.2/../../../../arm-none-eabi/lib/thumb/libc.a(lib_a-freer.o)
                0x002077e4                _malloc_trim_r
                0x00207890                _free_r
 *fill*         0x00207a2c        0x4 00
 .text.stub     0x00207a30       0x3c linker stubs
                0x00207a70                . = ALIGN (0x10)
 *fill*         0x00207a70        0x0 00
 *(*.rodata *.rodata.*)
 .rodata.tnum_task
                0x00207a70        0x1 build/./kernel_cfg.o
                0x00207a70                tnum_task
 *fill*         0x00207a71        0x3 00
 .rodata.EventSleep
                0x00207a74        0x4 build/./kernel_cfg.o
                0x00207a74                EventSleep
 .rodata.tinib_stksz
                0x00207a78        0x2 build/./kernel_cfg.o
                0x00207a78                tinib_stksz
 *fill*         0x00207a7a        0x2 00
 .rodata.EventSleepI2C
                0x00207a7c        0x4 build/./kernel_cfg.o
                0x00207a7c                EventSleepI2C
 .rodata.tinib_inipri
                0x00207a80        0x1 build/./kernel_cfg.o
                0x00207a80                tinib_inipri
 *fill*         0x00207a81        0x3 00
 .rodata.tinib_stk
                0x00207a84        0x4 build/./kernel_cfg.o
                0x00207a84                tinib_stk
 .rodata.tnum_exttask
                0x00207a88        0x1 build/./kernel_cfg.o
                0x00207a88                tnum_exttask
 .rodata.tinib_exepri
                0x00207a89        0x1 build/./kernel_cfg.o
                0x00207a89                tinib_exepri
 .rodata.tinib_autoact
                0x00207a8a        0x1 build/./kernel_cfg.o
                0x00207a8a                tinib_autoact
 *fill*         0x00207a8b        0x1 00
 .rodata.tinib_task
                0x00207a8c        0x4 build/./kernel_cfg.o
                0x00207a8c                tinib_task
 .rodata.str1.1
                0x00207a90       0x6c build/ecrobot_base.o
 .rodata.exec_addr
                0x00207afc        0x4 build/ecrobot_base.o
                0x00207afc                exec_addr
 .rodata._ZTVN7ecrobot11TouchSensorE
                0x00207b00       0x10 build/sample.o
                0x00207b00                _ZTVN7ecrobot11TouchSensorE
 .rodata._ZTVN7ecrobot6SensorE
                0x00207b10       0x10 build/sample.o
                0x00207b10                _ZTVN7ecrobot6SensorE
 .rodata._ZTVN7ecrobot10GyroSensorE
                0x00207b20       0x10 build/sample.o
                0x00207b20                _ZTVN7ecrobot10GyroSensorE
 .rodata._ZTVN7ecrobot11SonarSensorE
                0x00207b30       0x10 build/sample.o
                0x00207b30                _ZTVN7ecrobot11SonarSensorE
 .rodata.str1.1
                0x00207b40       0x17 build/sample.o
 .rodata.str1.1
                0x00207b57        0xe ../../../ecrobot/../ecrobot/libecrobot++.a(GyroSensor.o)
 .rodata.str1.1
                0x00207b65        0xb ../../../ecrobot/../ecrobot/libecrobot++.a(I2c.o)
 .rodata._ZTVN7ecrobot3I2cE
                0x00207b70       0x10 ../../../ecrobot/../ecrobot/libecrobot++.a(I2c.o)
                0x00207b70                _ZTVN7ecrobot3I2cE
 .rodata._ZTVN7ecrobot11LightSensorE
                0x00207b80       0x10 ../../../ecrobot/../ecrobot/libecrobot++.a(LightSensor.o)
                0x00207b80                _ZTVN7ecrobot11LightSensorE
 .rodata.str1.1
                0x00000000        0xe ../../../ecrobot/../ecrobot/libecrobot++.a(LightSensor.o)
 .rodata.str1.1
                0x00207b90        0xd ../../../ecrobot/../ecrobot/libecrobot++.a(Motor.o)
 .rodata.str1.1
                0x00000000        0xe ../../../ecrobot/../ecrobot/libecrobot++.a(TouchSensor.o)
 *fill*         0x00207b9d        0x3 00
 .rodata        0x00207ba0        0x4 /Users/e135712/etrobo/yagarto-4.6.2/bin/../lib/gcc/arm-none-eabi/4.6.2/../../../../arm-none-eabi/lib/thumb/libc.a(lib_a-impure.o)
                0x00207ba0                _global_impure_ptr
 .rodata.str1.4
                0x00207ba4        0x4 /Users/e135712/etrobo/yagarto-4.6.2/bin/../lib/gcc/arm-none-eabi/4.6.2/../../../../arm-none-eabi/lib/thumb/libc.a(lib_a-impure.o)
                0x00207bb0                . = ALIGN (0x10)
 *fill*         0x00207ba8        0x8 00
 *(*.gnu.linkonce.* .gcc_except_table)
                0x00207bb0                . = ALIGN (0x10)

.vfp11_veneer   0x00207bb0        0x0
 .vfp11_veneer  0x00000000        0x0 linker stubs

.v4_bx          0x00207bb0        0x0
 .v4_bx         0x00000000        0x0 linker stubs

.ARM.exidx      0x00207bb0        0x8
                0x00207bb0                __exidx_start = .
 *(.ARM.exidx* .gnu.linkonce.armexidx.*)
 .ARM.exidx.text.__aeabi_atexit
                0x00207bb0        0x8 /Users/e135712/etrobo/yagarto-4.6.2/bin/../lib/gcc/arm-none-eabi/4.6.2/../../../../arm-none-eabi/lib/thumb/libstdc++.a(atexit_arm.o)
 */()
                0x00207bb8                __exidx_end = .

.tors           0x00207bb8       0x18
                0x00207bc0                . = ALIGN (0x10)
 *fill*         0x00207bb8        0x8 00
                0x00207bc0                __ctor_begin = .
 *(*.ctors*)
 *(.init_array)
 .init_array    0x00207bc0        0x4 build/sample.o
                0x00207bc4                __ctor_end = .
                0x00207bd0                . = ALIGN (0x10)
 *fill*         0x00207bc4        0xc 00
                0x00207bd0                __dtor_begin = .
 *(*.dtors*)
 *(.fini_array)
                0x00207bd0                __dtor_end = .
                0x00207bd0                . = ALIGN (0x10)

.bss            0x00207bd0     0x10b0
 *(*.bss *.bss.*)
 .bss.ready_queue_first
                0x00207bd0       0x10 build/kernel/task.o
 .bss.ready_primap
                0x00207be0        0x2 build/kernel/task.o
 .bss.ready_queue_last
                0x00207be2       0x10 build/kernel/task.o
 *fill*         0x00207bf2        0x2 00
 .bss._stack_TaskMain
                0x00207bf4      0x200 build/./kernel_cfg.o
 .bss.sleeperTask_ID
                0x00207df4        0x8 build/rtoscalls.o
 .bss.sleeperI2C_ID
                0x00207dfc        0x4 build/rtoscalls.o
 .bss.sleepTaskCounter
                0x00207e00       0x20 build/rtoscalls.o
 .bss.isTaskSleeping
                0x00207e20        0x8 build/rtoscalls.o
 .bss.isI2cSleeping
                0x00207e28        0x4 build/rtoscalls.o
 .bss.heap_ptr  0x00207e2c        0x4 build/syscalls.o
 .bss.last_act_time.2836
                0x00207e30        0x4 build/ecrobot_base.o
 .bss.lcd.2794  0x00207e34      0x320 build/ecrobot_base.o
 .bss.status_bar_position
                0x00208154        0x4 build/ecrobot_base.o
 .bss.status_bar
                0x00208158       0x10 build/ecrobot_base.o
 .bss.OS_flag   0x00208168        0x4 build/ecrobot_base.o
 .bss.motorA    0x0020816c        0x3 build/sample.o
                0x0020816c                motorA
 .bss.motorB    0x0020816f        0x3 build/sample.o
                0x0020816f                motorB
 .bss.motorC    0x00208172        0x3 build/sample.o
                0x00208172                motorC
 *fill*         0x00208175        0x3 00
 .bss.gyro      0x00208178        0x8 build/sample.o
                0x00208178                gyro
 .bss.light     0x00208180        0x8 build/sample.o
                0x00208180                light
 .bss.touch     0x00208188        0x8 build/sample.o
                0x00208188                touch
 .bss.sonar     0x00208190        0x8 build/sample.o
                0x00208190                sonar
 .bss.ecrobot_inputs
                0x00208198        0x8 ../../../ecrobot/../ecrobot/libecrobot.a(ecrobot_interface.o)
 .bss.buttons_states
                0x002081a0       0x14 ../../../ecrobot/../ecrobot/libecrobot.a(ecrobot_interface.o)
 .bss.buttons_i
                0x002081b4        0x4 ../../../ecrobot/../ecrobot/libecrobot.a(ecrobot_interface.o)
 .bss.systick_ms
                0x002081b8        0x4 ../../../ecrobot/../ecrobot/libecrobot.a(systick.oram)
 .bss.newAddress
                0x002081bc        0x4 ../../../ecrobot/../ecrobot/libecrobot.a(udp.oram)
 .bss.outCnt    0x002081c0        0x4 ../../../ecrobot/../ecrobot/libecrobot.a(udp.oram)
 .bss.currentConfig
                0x002081c4        0x1 ../../../ecrobot/../ecrobot/libecrobot.a(udp.oram)
 *fill*         0x002081c5        0x3 00
 .bss.outPtr    0x002081c8        0x4 ../../../ecrobot/../ecrobot/libecrobot.a(udp.oram)
 .bss.currentFeatures
                0x002081cc        0x4 ../../../ecrobot/../ecrobot/libecrobot.a(udp.oram)
 .bss.delayedEnable
                0x002081d0        0x1 ../../../ecrobot/../ecrobot/libecrobot.a(udp.oram)
 *fill*         0x002081d1        0x3 00
 .bss.currentRxBank
                0x002081d4        0x4 ../../../ecrobot/../ecrobot/libecrobot.a(udp.oram)
 .bss.twi_state
                0x002081d8        0x1 ../../../ecrobot/../ecrobot/libecrobot.a(twi.oram)
 *fill*         0x002081d9        0x3 00
 .bss.twi_ptr   0x002081dc        0x4 ../../../ecrobot/../ecrobot/libecrobot.a(twi.oram)
 .bss.twi_pending
                0x002081e0        0x4 ../../../ecrobot/../ecrobot/libecrobot.a(twi.oram)
 .bss.twi_mask  0x002081e4        0x4 ../../../ecrobot/../ecrobot/libecrobot.a(twi.oram)
 .bss.dirty     0x002081e8        0x1 ../../../ecrobot/../ecrobot/libecrobot.a(nxt_spi.oram)
                0x002081e8                dirty
 .bss.page      0x002081e9        0x1 ../../../ecrobot/../ecrobot/libecrobot.a(nxt_spi.oram)
                0x002081e9                page
 *fill*         0x002081ea        0x2 00
 .bss.display   0x002081ec        0x4 ../../../ecrobot/../ecrobot/libecrobot.a(nxt_spi.oram)
                0x002081ec                display
 .bss.motor     0x002081f0       0x30 ../../../ecrobot/../ecrobot/libecrobot.a(nxt_motors.oram)
 .bss.nxt_motor_initialised
                0x00208220        0x4 ../../../ecrobot/../ecrobot/libecrobot.a(nxt_motors.oram)
 .bss.interrupts_this_period
                0x00208224        0x4 ../../../ecrobot/../ecrobot/libecrobot.a(nxt_motors.oram)
 .bss.display_array
                0x00208228      0x388 ../../../ecrobot/../ecrobot/libecrobot.a(display.oram)
 .bss.display_tick
                0x002085b0        0x4 ../../../ecrobot/../ecrobot/libecrobot.a(display.oram)
                0x002085b0                display_tick
 .bss.i2c_port  0x002085b4      0x170 ../../../ecrobot/../ecrobot/libecrobot.a(i2c.oram)
 .bss.i2c_int_count
                0x00208724        0x4 ../../../ecrobot/../ecrobot/libecrobot.a(i2c.oram)
 .bss.sound_mode
                0x00208728        0x1 ../../../ecrobot/../ecrobot/libecrobot.a(sound.oram)
                0x00208728                sound_mode
 .bss.in_buf    0x00208729      0x100 ../../../ecrobot/../ecrobot/libecrobot.a(bt.oram)
 .bss.out_buf_ptr
                0x00208829        0x1 ../../../ecrobot/../ecrobot/libecrobot.a(bt.oram)
 *fill*         0x0020882a        0x2 00
 .bss.buf_ptr   0x0020882c        0x4 ../../../ecrobot/../ecrobot/libecrobot.a(bt.oram)
 .bss.in_buf_in_ptr
                0x00208830        0x1 ../../../ecrobot/../ecrobot/libecrobot.a(bt.oram)
 *fill*         0x00208831        0x3 00
 .bss.in_buf_idx
                0x00208834        0x4 ../../../ecrobot/../ecrobot/libecrobot.a(bt.oram)
 .bss.update_count
                0x00208838        0x4 ../../../ecrobot/../ecrobot/libecrobot.a(nxt_avr.oram)
 .bss.debounce_state
                0x0020883c        0x2 ../../../ecrobot/../ecrobot/libecrobot.a(nxt_avr.oram)
 .bss.button_state
                0x0020883e        0x2 ../../../ecrobot/../ecrobot/libecrobot.a(nxt_avr.oram)
 .bss.from_buf  0x00208840        0x4 ../../../ecrobot/../ecrobot/libecrobot.a(nxt_avr.oram)
 .bss.io_from_avr
                0x00208844        0x4 ../../../ecrobot/../ecrobot/libecrobot.a(nxt_avr.oram)
 .bss.data_from_avr
                0x00208848       0x1a ../../../ecrobot/../ecrobot/libecrobot.a(nxt_avr.oram)
 .bss.debounce_cnt
                0x00208862        0x2 ../../../ecrobot/../ecrobot/libecrobot.a(nxt_avr.oram)
 .bss.nxt_avr_stats
                0x00208864       0x14 ../../../ecrobot/../ecrobot/libecrobot.a(nxt_avr.oram)
 .bss.link_state
                0x00208878        0x4 ../../../ecrobot/../ecrobot/libecrobot.a(nxt_avr.oram)
 .bss.io_to_avr
                0x0020887c        0x8 ../../../ecrobot/../ecrobot/libecrobot.a(nxt_avr.oram)
 .bss.prev_buttons
                0x00208884        0x2 ../../../ecrobot/../ecrobot/libecrobot.a(nxt_avr.oram)
 .bss.data_to_avr
                0x00208886        0x9 ../../../ecrobot/../ecrobot/libecrobot.a(nxt_avr.oram)
 *fill*         0x0020888f        0x1 00
 .bss.display   0x00208890        0x4 ../../../ecrobot/../ecrobot/libecrobot.a(nxt_lcd.oram)
 .bss           0x00208894       0x34 /Users/e135712/etrobo/yagarto-4.6.2/bin/../lib/gcc/arm-none-eabi/4.6.2/../../../../arm-none-eabi/lib/thumb/libc.a(lib_a-mallocr.o)
                0x00208894                __malloc_top_pad
                0x00208898                __malloc_current_mallinfo
                0x002088c0                __malloc_max_sbrked_mem
                0x002088c4                __malloc_max_total_mem
                0x00000000                PROVIDE (__dso_handle, 0x0)
                0x002088d0                . = ALIGN (0x10)
 *fill*         0x002088c8        0x8 00
                0x002088d0                __bss_end__ = .
 COMMON         0x002088d0        0x2 build/kernel/interrupt.o
                0x002088d0                runisr
                0x002088d1                sus_all_cnt
 *fill*         0x002088d2        0x2 00
 COMMON         0x002088d4       0x10 build/kernel/osctl.o
                0x002088d4                callevel
                0x002088d5                _errorhook_svcid
                0x002088d6                appmode
                0x002088d8                _errorhook_par1
                0x002088dc                _errorhook_par3
                0x002088e0                _errorhook_par2
 COMMON         0x002088e4        0x3 build/kernel/task.o
                0x002088e4                runtsk
                0x002088e5                schedtsk
                0x002088e6                nextpri
 *fill*         0x002088e7        0x1 00
 COMMON         0x002088e8       0x2c build/./kernel_cfg.o
                0x002088e8                tcb_waievt
                0x002088ec                rescb_prevpri
                0x002088ed                almcb_prev
                0x002088ee                tcb_lastres
                0x002088f0                almcb_almval
                0x002088f4                tcxb_pc
                0x002088f8                tcb_next
                0x002088f9                tcb_curpri
                0x002088fa                tcb_tstat
                0x002088fb                isrcb_lastres
                0x002088fc                cntcb_almque
                0x002088fd                rescb_prevres
                0x002088fe                tcb_actcnt
                0x00208900                tcb_curevt
                0x00208904                almcb_cycle
                0x00208908                tcxb_sp
                0x0020890c                almcb_next
                0x00208910                cntcb_curval
 COMMON         0x00208914       0x44 ../../../ecrobot/../ecrobot/libecrobot.a(uart.oram)
                0x00208914                uart
 COMMON         0x00208958        0x4 ../../../ecrobot/../ecrobot/libecrobot.a(data_abort.oram)
                0x00208958                data_abort_pc
 COMMON         0x0020895c        0x8 ../../../ecrobot/../ecrobot/libecrobot.a(display.oram)
                0x0020895c                display_x
                0x00208960                display_y
 COMMON         0x00208964      0x31c ../../../ecrobot/../ecrobot/libecrobot.a(sound.oram)
                0x00208964                sample
                0x00207bd0                __bss_start__ = ADDR (.bss)
                0x00208c80                __bss_end__ = (ADDR (.bss) + SIZEOF (.bss))
                0x00208c80                PROVIDE (end, .)

.heap_area      0x00208c80     0x6ef8
                0x0020fb78                . = (. + (0x20fb78 - end))
 *fill*         0x00208c80     0x6ef8 00

.stack          0x0020fb78      0x488
                0x0020fbf8                . = (. + 0x80)
 *fill*         0x0020fb78       0x80 00
                0x0020fc00                . = ALIGN (0x10)
 *fill*         0x0020fbf8        0x8 00
                0x0020fc00                __irq_stack__ = .
                0x0020fc00                __system_stack_bottom__ = .
                0x00210000                . = (. + 0x400)
 *fill*         0x0020fc00      0x400 00
                0x00210000                . = ALIGN (0x10)
                0x00210000                __system_stack__ = .
                0x00210000                __system_stack_top__ = .
                0x0020fb78                __stack_start__ = ADDR (.stack)
                0x00210000                __stack_end__ = (ADDR (.stack) + SIZEOF (.stack))

/DISCARD/
 *(.debug*)
OUTPUT(benchmark_ram.elf elf32-littlearm)

.comment        0x00000000       0x11
 .comment       0x00000000       0x11 build/kernel/alarm.o
                                 0x12 (size before relaxing)
 .comment       0x00000000       0x12 build/kernel/event.o
 .comment       0x00000000       0x12 build/kernel/interrupt.o
 .comment       0x00000000       0x12 build/kernel/osctl.o
 .comment       0x00000000       0x12 build/kernel/resource.o
 .comment       0x00000000       0x12 build/kernel/task.o
 .comment       0x00000000       0x12 build/kernel/task_manage.o
 .comment       0x00000000       0x12 build/config/at91sam7s-gnu/cpu_config.o
 .comment       0x00000000       0x12 build/config/at91sam7s-gnu/lego_nxt/sys_config.o
 .comment       0x00000000       0x12 build/./kernel_cfg.o
 .comment       0x00000000       0x12 build/rtoscalls.o
 .comment       0x00000000       0x12 build/syscalls.o
 .comment       0x00000000       0x12 build/ecrobot_bluetooth.o
 .comment       0x00000000       0x12 build/ecrobot_base.o
 .comment       0x00000000       0x12 build/ecrobot.o
 .comment       0x00000000       0x12 build/syslib/at91sam7s-gnu/lego_nxt/hw_sys_timer.oram
 .comment       0x00000000       0x12 build/sample.o
 .comment       0x00000000       0x12 ../../../ecrobot/../ecrobot/libecrobot++.a(Clock.o)
 .comment       0x00000000       0x12 ../../../ecrobot/../ecrobot/libecrobot++.a(GyroSensor.o)
 .comment       0x00000000       0x12 ../../../ecrobot/../ecrobot/libecrobot++.a(I2c.o)
 .comment       0x00000000       0x12 ../../../ecrobot/../ecrobot/libecrobot++.a(Lcd.o)
 .comment       0x00000000       0x12 ../../../ecrobot/../ecrobot/libecrobot++.a(LightSensor.o)
 .comment       0x00000000       0x12 ../../../ecrobot/../ecrobot/libecrobot++.a(Motor.o)
 .comment       0x00000000       0x12 ../../../ecrobot/../ecrobot/libecrobot++.a(SonarSensor.o)
 .comment       0x00000000       0x12 ../../../ecrobot/../ecrobot/libecrobot++.a(TouchSensor.o)
 .comment       0x00000000       0x12 ../../../ecrobot/../ecrobot/libecrobot++.a(New.o)
 .comment       0x00000000       0x12 ../../../ecrobot/../ecrobot/libecrobot.a(ecrobot_device_hook.o)
 .comment       0x00000000       0x12 ../../../ecrobot/../ecrobot/libecrobot.a(ecrobot_interface.o)
 .comment       0x00000000       0x12 ../../../ecrobot/../ecrobot/libecrobot.a(colorsensor.o)
 .comment       0x00000000       0x12 ../../../ecrobot/../ecrobot/libecrobot.a(osek_hook.o)
 .comment       0x00000000       0x12 ../../../ecrobot/../ecrobot/libecrobot.a(uart.oram)
 .comment       0x00000000       0x12 ../../../ecrobot/../ecrobot/libecrobot.a(systick.oram)
 .comment       0x00000000       0x12 ../../../ecrobot/../ecrobot/libecrobot.a(byte_fifo.oram)
 .comment       0x00000000       0x12 ../../../ecrobot/../ecrobot/libecrobot.a(aic.oram)
 .comment       0x00000000       0x12 ../../../ecrobot/../ecrobot/libecrobot.a(udp.oram)
 .comment       0x00000000       0x12 ../../../ecrobot/../ecrobot/libecrobot.a(twi.oram)
 .comment       0x00000000       0x12 ../../../ecrobot/../ecrobot/libecrobot.a(nxt_spi.oram)
 .comment       0x00000000       0x12 ../../../ecrobot/../ecrobot/libecrobot.a(nxt_motors.oram)
 .comment       0x00000000       0x12 ../../../ecrobot/../ecrobot/libecrobot.a(data_abort.oram)
 .comment       0x00000000       0x12 ../../../ecrobot/../ecrobot/libecrobot.a(display.oram)
 .comment       0x00000000       0x12 ../../../ecrobot/../ecrobot/libecrobot.a(i2c.oram)
 .comment       0x00000000       0x12 ../../../ecrobot/../ecrobot/libecrobot.a(sound.oram)
 .comment       0x00000000       0x12 ../../../ecrobot/../ecrobot/libecrobot.a(bt.oram)
 .comment       0x00000000       0x12 ../../../ecrobot/../ecrobot/libecrobot.a(nxt_avr.oram)
 .comment       0x00000000       0x12 ../../../ecrobot/../ecrobot/libecrobot.a(sensors.oram)
 .comment       0x00000000       0x12 ../../../ecrobot/../ecrobot/libecrobot.a(sensors1.oram)
 .comment       0x00000000       0x12 ../../../ecrobot/../ecrobot/libecrobot.a(nxt_lcd.oram)
 .comment       0x00000000       0x12 ../../../ecrobot/../ecrobot/libecrobot.a(flash_loader.oram)
 .comment       0x00000000       0x12 ../../../ecrobot/../ecrobot/libecrobot.a(ecrobot_usb.o)
 .comment       0x00000000       0x12 ../../../ecrobot/../ecrobot/libecrobot.a(flashprog.oram)
 .comment       0x00000000       0x12 /Users/e135712/etrobo/yagarto-4.6.2/bin/../lib/gcc/arm-none-eabi/4.6.2/../../../../arm-none-eabi/lib/thumb/libstdc++.a(atexit_arm.o)
 .comment       0x00000000       0x12 /Users/e135712/etrobo/yagarto-4.6.2/bin/../lib/gcc/arm-none-eabi/4.6.2/thumb/libgcc.a(_muldi3.o)
 .comment       0x00000000       0x12 /Users/e135712/etrobo/yagarto-4.6.2/bin/../lib/gcc/arm-none-eabi/4.6.2/thumb/libgcc.a(bpabi.o)
 .comment       0x00000000       0x12 /Users/e135712/etrobo/yagarto-4.6.2/bin/../lib/gcc/arm-none-eabi/4.6.2/thumb/libgcc.a(unwind-arm.o)
 .comment       0x00000000       0x12 /Users/e135712/etrobo/yagarto-4.6.2/bin/../lib/gcc/arm-none-eabi/4.6.2/thumb/libgcc.a(pr-support.o)
 .comment       0x00000000       0x12 /Users/e135712/etrobo/yagarto-4.6.2/bin/../lib/gcc/arm-none-eabi/4.6.2/thumb/libgcc.a(_divdi3.o)
 .comment       0x00000000       0x12 /Users/e135712/etrobo/yagarto-4.6.2/bin/../lib/gcc/arm-none-eabi/4.6.2/thumb/libgcc.a(_udivdi3.o)
 .comment       0x00000000       0x12 /Users/e135712/etrobo/yagarto-4.6.2/bin/../lib/gcc/arm-none-eabi/4.6.2/../../../../arm-none-eabi/lib/thumb/libc.a(lib_a-abort.o)
 .comment       0x00000000       0x12 /Users/e135712/etrobo/yagarto-4.6.2/bin/../lib/gcc/arm-none-eabi/4.6.2/../../../../arm-none-eabi/lib/thumb/libc.a(lib_a-cxa_atexit.o)
 .comment       0x00000000       0x12 /Users/e135712/etrobo/yagarto-4.6.2/bin/../lib/gcc/arm-none-eabi/4.6.2/../../../../arm-none-eabi/lib/thumb/libc.a(lib_a-cxa_finalize.o)
 .comment       0x00000000       0x12 /Users/e135712/etrobo/yagarto-4.6.2/bin/../lib/gcc/arm-none-eabi/4.6.2/../../../../arm-none-eabi/lib/thumb/libc.a(lib_a-malloc.o)
 .comment       0x00000000       0x12 /Users/e135712/etrobo/yagarto-4.6.2/bin/../lib/gcc/arm-none-eabi/4.6.2/../../../../arm-none-eabi/lib/thumb/libc.a(lib_a-mallocr.o)
 .comment       0x00000000       0x12 /Users/e135712/etrobo/yagarto-4.6.2/bin/../lib/gcc/arm-none-eabi/4.6.2/../../../../arm-none-eabi/lib/thumb/libc.a(lib_a-memcpy.o)
 .comment       0x00000000       0x12 /Users/e135712/etrobo/yagarto-4.6.2/bin/../lib/gcc/arm-none-eabi/4.6.2/../../../../arm-none-eabi/lib/thumb/libc.a(lib_a-memset.o)
 .comment       0x00000000       0x12 /Users/e135712/etrobo/yagarto-4.6.2/bin/../lib/gcc/arm-none-eabi/4.6.2/../../../../arm-none-eabi/lib/thumb/libc.a(lib_a-mlock.o)
 .comment       0x00000000       0x12 /Users/e135712/etrobo/yagarto-4.6.2/bin/../lib/gcc/arm-none-eabi/4.6.2/../../../../arm-none-eabi/lib/thumb/libc.a(lib_a-signal.o)
 .comment       0x00000000       0x12 /Users/e135712/etrobo/yagarto-4.6.2/bin/../lib/gcc/arm-none-eabi/4.6.2/../../../../arm-none-eabi/lib/thumb/libc.a(lib_a-signalr.o)
 .comment       0x00000000       0x12 /Users/e135712/etrobo/yagarto-4.6.2/bin/../lib/gcc/arm-none-eabi/4.6.2/../../../../arm-none-eabi/lib/thumb/libc.a(lib_a-strcmp.o)
 .comment       0x00000000       0x12 /Users/e135712/etrobo/yagarto-4.6.2/bin/../lib/gcc/arm-none-eabi/4.6.2/../../../../arm-none-eabi/lib/thumb/libc.a(lib_a-strcpy.o)
 .comment       0x00000000       0x12 /Users/e135712/etrobo/yagarto-4.6.2/bin/../lib/gcc/arm-none-eabi/4.6.2/../../../../arm-none-eabi/lib/thumb/libc.a(lib_a-strlen.o)
 .comment       0x00000000       0x12 /Users/e135712/etrobo/yagarto-4.6.2/bin/../lib/gcc/arm-none-eabi/4.6.2/../../../../arm-none-eabi/lib/thumb/libc.a(lib_a-strncpy.o)
 .comment       0x00000000       0x12 /Users/e135712/etrobo/yagarto-4.6.2/bin/../lib/gcc/arm-none-eabi/4.6.2/../../../../arm-none-eabi/lib/thumb/libc.a(lib_a-__atexit.o)
 .comment       0x00000000       0x12 /Users/e135712/etrobo/yagarto-4.6.2/bin/../lib/gcc/arm-none-eabi/4.6.2/../../../../arm-none-eabi/lib/thumb/libc.a(lib_a-__call_atexit.o)
 .comment       0x00000000       0x12 /Users/e135712/etrobo/yagarto-4.6.2/bin/../lib/gcc/arm-none-eabi/4.6.2/../../../../arm-none-eabi/lib/thumb/libc.a(lib_a-freer.o)
 .comment       0x00000000       0x12 /Users/e135712/etrobo/yagarto-4.6.2/bin/../lib/gcc/arm-none-eabi/4.6.2/../../../../arm-none-eabi/lib/thumb/libc.a(lib_a-impure.o)
 .comment       0x00000000       0x12 /Users/e135712/etrobo/yagarto-4.6.2/bin/../lib/gcc/arm-none-eabi/4.6.2/../../../../arm-none-eabi/lib/thumb/libc.a(lib_a-reent.o)

.ARM.attributes
                0x00000000       0x2e
 .ARM.attributes
                0x00000000       0x32 build/kernel/alarm.o
 .ARM.attributes
                0x00000032       0x32 build/kernel/event.o
 .ARM.attributes
                0x00000064       0x32 build/kernel/interrupt.o
 .ARM.attributes
                0x00000096       0x32 build/kernel/osctl.o
 .ARM.attributes
                0x000000c8       0x32 build/kernel/resource.o
 .ARM.attributes
                0x000000fa       0x32 build/kernel/task.o
 .ARM.attributes
                0x0000012c       0x32 build/kernel/task_manage.o
 .ARM.attributes
                0x0000015e       0x32 build/config/at91sam7s-gnu/cpu_config.o
 .ARM.attributes
                0x00000190       0x32 build/config/at91sam7s-gnu/lego_nxt/sys_config.o
 .ARM.attributes
                0x000001c2       0x32 build/./kernel_cfg.o
 .ARM.attributes
                0x000001f4       0x32 build/rtoscalls.o
 .ARM.attributes
                0x00000226       0x32 build/syscalls.o
 .ARM.attributes
                0x00000258       0x32 build/ecrobot_bluetooth.o
 .ARM.attributes
                0x0000028a       0x32 build/ecrobot_base.o
 .ARM.attributes
                0x000002bc       0x32 build/ecrobot.o
 .ARM.attributes
                0x000002ee       0x32 build/syslib/at91sam7s-gnu/lego_nxt/hw_sys_timer.oram
 .ARM.attributes
                0x00000320       0x32 build/sample.o
 .ARM.attributes
                0x00000352       0x22 build/nxtvm/platform/nxt/vectors.o
 .ARM.attributes
                0x00000374       0x22 build/config/at91sam7s-gnu/debug.o
 .ARM.attributes
                0x00000396       0x22 build/config/at91sam7s-gnu/lego_nxt/sys_support.o
 .ARM.attributes
                0x000003b8       0x22 build/nxt_binary_header.o
 .ARM.attributes
                0x000003da       0x22 build/nxt_entry_point.o
 .ARM.attributes
                0x000003fc       0x22 build/ecrobot_init.o
 .ARM.attributes
                0x0000041e       0x22 build/config/at91sam7s-gnu/cpu_support.oram
 .ARM.attributes
                0x00000440       0x22 build/config/at91sam7s-gnu/irq.oram
 .ARM.attributes
                0x00000462       0x32 ../../../ecrobot/../ecrobot/libecrobot++.a(Clock.o)
 .ARM.attributes
                0x00000494       0x32 ../../../ecrobot/../ecrobot/libecrobot++.a(GyroSensor.o)
 .ARM.attributes
                0x000004c6       0x32 ../../../ecrobot/../ecrobot/libecrobot++.a(I2c.o)
 .ARM.attributes
                0x000004f8       0x32 ../../../ecrobot/../ecrobot/libecrobot++.a(Lcd.o)
 .ARM.attributes
                0x0000052a       0x32 ../../../ecrobot/../ecrobot/libecrobot++.a(LightSensor.o)
 .ARM.attributes
                0x0000055c       0x32 ../../../ecrobot/../ecrobot/libecrobot++.a(Motor.o)
 .ARM.attributes
                0x0000058e       0x32 ../../../ecrobot/../ecrobot/libecrobot++.a(SonarSensor.o)
 .ARM.attributes
                0x000005c0       0x32 ../../../ecrobot/../ecrobot/libecrobot++.a(TouchSensor.o)
 .ARM.attributes
                0x000005f2       0x32 ../../../ecrobot/../ecrobot/libecrobot++.a(New.o)
 .ARM.attributes
                0x00000624       0x32 ../../../ecrobot/../ecrobot/libecrobot.a(ecrobot_device_hook.o)
 .ARM.attributes
                0x00000656       0x32 ../../../ecrobot/../ecrobot/libecrobot.a(ecrobot_interface.o)
 .ARM.attributes
                0x00000688       0x32 ../../../ecrobot/../ecrobot/libecrobot.a(colorsensor.o)
 .ARM.attributes
                0x000006ba       0x32 ../../../ecrobot/../ecrobot/libecrobot.a(osek_hook.o)
 .ARM.attributes
                0x000006ec       0x32 ../../../ecrobot/../ecrobot/libecrobot.a(uart.oram)
 .ARM.attributes
                0x0000071e       0x32 ../../../ecrobot/../ecrobot/libecrobot.a(systick.oram)
 .ARM.attributes
                0x00000750       0x32 ../../../ecrobot/../ecrobot/libecrobot.a(byte_fifo.oram)
 .ARM.attributes
                0x00000782       0x32 ../../../ecrobot/../ecrobot/libecrobot.a(aic.oram)
 .ARM.attributes
                0x000007b4       0x32 ../../../ecrobot/../ecrobot/libecrobot.a(udp.oram)
 .ARM.attributes
                0x000007e6       0x32 ../../../ecrobot/../ecrobot/libecrobot.a(twi.oram)
 .ARM.attributes
                0x00000818       0x32 ../../../ecrobot/../ecrobot/libecrobot.a(nxt_spi.oram)
 .ARM.attributes
                0x0000084a       0x32 ../../../ecrobot/../ecrobot/libecrobot.a(nxt_motors.oram)
 .ARM.attributes
                0x0000087c       0x32 ../../../ecrobot/../ecrobot/libecrobot.a(data_abort.oram)
 .ARM.attributes
                0x000008ae       0x32 ../../../ecrobot/../ecrobot/libecrobot.a(display.oram)
 .ARM.attributes
                0x000008e0       0x32 ../../../ecrobot/../ecrobot/libecrobot.a(i2c.oram)
 .ARM.attributes
                0x00000912       0x32 ../../../ecrobot/../ecrobot/libecrobot.a(sound.oram)
 .ARM.attributes
                0x00000944       0x32 ../../../ecrobot/../ecrobot/libecrobot.a(bt.oram)
 .ARM.attributes
                0x00000976       0x32 ../../../ecrobot/../ecrobot/libecrobot.a(nxt_avr.oram)
 .ARM.attributes
                0x000009a8       0x32 ../../../ecrobot/../ecrobot/libecrobot.a(sensors.oram)
 .ARM.attributes
                0x000009da       0x32 ../../../ecrobot/../ecrobot/libecrobot.a(sensors1.oram)
 .ARM.attributes
                0x00000a0c       0x32 ../../../ecrobot/../ecrobot/libecrobot.a(nxt_lcd.oram)
 .ARM.attributes
                0x00000a3e       0x32 ../../../ecrobot/../ecrobot/libecrobot.a(flash_loader.oram)
 .ARM.attributes
                0x00000a70       0x22 ../../../ecrobot/../ecrobot/libecrobot.a(interrupts.oram)
 .ARM.attributes
                0x00000a92       0x32 ../../../ecrobot/../ecrobot/libecrobot.a(ecrobot_usb.o)
 .ARM.attributes
                0x00000ac4       0x32 ../../../ecrobot/../ecrobot/libecrobot.a(flashprog.oram)
 .ARM.attributes
                0x00000af6       0x32 /Users/e135712/etrobo/yagarto-4.6.2/bin/../lib/gcc/arm-none-eabi/4.6.2/../../../../arm-none-eabi/lib/thumb/libstdc++.a(atexit_arm.o)
 .ARM.attributes
                0x00000b28       0x18 /Users/e135712/etrobo/yagarto-4.6.2/bin/../lib/gcc/arm-none-eabi/4.6.2/thumb/libgcc.a(_thumb1_case_uqi.o)
 .ARM.attributes
                0x00000b40       0x18 /Users/e135712/etrobo/yagarto-4.6.2/bin/../lib/gcc/arm-none-eabi/4.6.2/thumb/libgcc.a(_thumb1_case_uhi.o)
 .ARM.attributes
                0x00000b58       0x1a /Users/e135712/etrobo/yagarto-4.6.2/bin/../lib/gcc/arm-none-eabi/4.6.2/thumb/libgcc.a(_udivsi3.o)
 .ARM.attributes
                0x00000b72       0x1a /Users/e135712/etrobo/yagarto-4.6.2/bin/../lib/gcc/arm-none-eabi/4.6.2/thumb/libgcc.a(_divsi3.o)
 .ARM.attributes
                0x00000b8c       0x18 /Users/e135712/etrobo/yagarto-4.6.2/bin/../lib/gcc/arm-none-eabi/4.6.2/thumb/libgcc.a(_dvmd_tls.o)
 .ARM.attributes
                0x00000ba4       0x1a /Users/e135712/etrobo/yagarto-4.6.2/bin/../lib/gcc/arm-none-eabi/4.6.2/thumb/libgcc.a(_arm_addsubdf3.o)
 .ARM.attributes
                0x00000bbe       0x1a /Users/e135712/etrobo/yagarto-4.6.2/bin/../lib/gcc/arm-none-eabi/4.6.2/thumb/libgcc.a(_arm_muldivdf3.o)
 .ARM.attributes
                0x00000bd8       0x1a /Users/e135712/etrobo/yagarto-4.6.2/bin/../lib/gcc/arm-none-eabi/4.6.2/thumb/libgcc.a(_arm_cmpdf2.o)
 .ARM.attributes
                0x00000bf2       0x1a /Users/e135712/etrobo/yagarto-4.6.2/bin/../lib/gcc/arm-none-eabi/4.6.2/thumb/libgcc.a(_aeabi_ldivmod.o)
 .ARM.attributes
                0x00000c0c       0x32 /Users/e135712/etrobo/yagarto-4.6.2/bin/../lib/gcc/arm-none-eabi/4.6.2/thumb/libgcc.a(_muldi3.o)
 .ARM.attributes
                0x00000c3e       0x32 /Users/e135712/etrobo/yagarto-4.6.2/bin/../lib/gcc/arm-none-eabi/4.6.2/thumb/libgcc.a(bpabi.o)
 .ARM.attributes
                0x00000c70       0x32 /Users/e135712/etrobo/yagarto-4.6.2/bin/../lib/gcc/arm-none-eabi/4.6.2/thumb/libgcc.a(unwind-arm.o)
 .ARM.attributes
                0x00000ca2       0x1e /Users/e135712/etrobo/yagarto-4.6.2/bin/../lib/gcc/arm-none-eabi/4.6.2/thumb/libgcc.a(libunwind.o)
 .ARM.attributes
                0x00000cc0       0x32 /Users/e135712/etrobo/yagarto-4.6.2/bin/../lib/gcc/arm-none-eabi/4.6.2/thumb/libgcc.a(pr-support.o)
 .ARM.attributes
                0x00000cf2       0x32 /Users/e135712/etrobo/yagarto-4.6.2/bin/../lib/gcc/arm-none-eabi/4.6.2/thumb/libgcc.a(_divdi3.o)
 .ARM.attributes
                0x00000d24       0x32 /Users/e135712/etrobo/yagarto-4.6.2/bin/../lib/gcc/arm-none-eabi/4.6.2/thumb/libgcc.a(_udivdi3.o)
 .ARM.attributes
                0x00000d56       0x1a /Users/e135712/etrobo/yagarto-4.6.2/bin/../lib/gcc/arm-none-eabi/4.6.2/thumb/libgcc.a(_clzsi2.o)
 .ARM.attributes
                0x00000d70       0x32 /Users/e135712/etrobo/yagarto-4.6.2/bin/../lib/gcc/arm-none-eabi/4.6.2/../../../../arm-none-eabi/lib/thumb/libc.a(lib_a-abort.o)
 .ARM.attributes
                0x00000da2       0x32 /Users/e135712/etrobo/yagarto-4.6.2/bin/../lib/gcc/arm-none-eabi/4.6.2/../../../../arm-none-eabi/lib/thumb/libc.a(lib_a-cxa_atexit.o)
 .ARM.attributes
                0x00000dd4       0x32 /Users/e135712/etrobo/yagarto-4.6.2/bin/../lib/gcc/arm-none-eabi/4.6.2/../../../../arm-none-eabi/lib/thumb/libc.a(lib_a-cxa_finalize.o)
 .ARM.attributes
                0x00000e06       0x32 /Users/e135712/etrobo/yagarto-4.6.2/bin/../lib/gcc/arm-none-eabi/4.6.2/../../../../arm-none-eabi/lib/thumb/libc.a(lib_a-malloc.o)
 .ARM.attributes
                0x00000e38       0x32 /Users/e135712/etrobo/yagarto-4.6.2/bin/../lib/gcc/arm-none-eabi/4.6.2/../../../../arm-none-eabi/lib/thumb/libc.a(lib_a-mallocr.o)
 .ARM.attributes
                0x00000e6a       0x32 /Users/e135712/etrobo/yagarto-4.6.2/bin/../lib/gcc/arm-none-eabi/4.6.2/../../../../arm-none-eabi/lib/thumb/libc.a(lib_a-memcpy.o)
 .ARM.attributes
                0x00000e9c       0x32 /Users/e135712/etrobo/yagarto-4.6.2/bin/../lib/gcc/arm-none-eabi/4.6.2/../../../../arm-none-eabi/lib/thumb/libc.a(lib_a-memset.o)
 .ARM.attributes
                0x00000ece       0x32 /Users/e135712/etrobo/yagarto-4.6.2/bin/../lib/gcc/arm-none-eabi/4.6.2/../../../../arm-none-eabi/lib/thumb/libc.a(lib_a-mlock.o)
 .ARM.attributes
                0x00000f00       0x32 /Users/e135712/etrobo/yagarto-4.6.2/bin/../lib/gcc/arm-none-eabi/4.6.2/../../../../arm-none-eabi/lib/thumb/libc.a(lib_a-signal.o)
 .ARM.attributes
                0x00000f32       0x32 /Users/e135712/etrobo/yagarto-4.6.2/bin/../lib/gcc/arm-none-eabi/4.6.2/../../../../arm-none-eabi/lib/thumb/libc.a(lib_a-signalr.o)
 .ARM.attributes
                0x00000f64       0x32 /Users/e135712/etrobo/yagarto-4.6.2/bin/../lib/gcc/arm-none-eabi/4.6.2/../../../../arm-none-eabi/lib/thumb/libc.a(lib_a-strcmp.o)
 .ARM.attributes
                0x00000f96       0x32 /Users/e135712/etrobo/yagarto-4.6.2/bin/../lib/gcc/arm-none-eabi/4.6.2/../../../../arm-none-eabi/lib/thumb/libc.a(lib_a-strcpy.o)
 .ARM.attributes
                0x00000fc8       0x32 /Users/e135712/etrobo/yagarto-4.6.2/bin/../lib/gcc/arm-none-eabi/4.6.2/../../../../arm-none-eabi/lib/thumb/libc.a(lib_a-strlen.o)
 .ARM.attributes
                0x00000ffa       0x32 /Users/e135712/etrobo/yagarto-4.6.2/bin/../lib/gcc/arm-none-eabi/4.6.2/../../../../arm-none-eabi/lib/thumb/libc.a(lib_a-strncpy.o)
 .ARM.attributes
                0x0000102c       0x32 /Users/e135712/etrobo/yagarto-4.6.2/bin/../lib/gcc/arm-none-eabi/4.6.2/../../../../arm-none-eabi/lib/thumb/libc.a(lib_a-__atexit.o)
 .ARM.attributes
                0x0000105e       0x32 /Users/e135712/etrobo/yagarto-4.6.2/bin/../lib/gcc/arm-none-eabi/4.6.2/../../../../arm-none-eabi/lib/thumb/libc.a(lib_a-__call_atexit.o)
 .ARM.attributes
                0x00001090       0x32 /Users/e135712/etrobo/yagarto-4.6.2/bin/../lib/gcc/arm-none-eabi/4.6.2/../../../../arm-none-eabi/lib/thumb/libc.a(lib_a-freer.o)
 .ARM.attributes
                0x000010c2       0x32 /Users/e135712/etrobo/yagarto-4.6.2/bin/../lib/gcc/arm-none-eabi/4.6.2/../../../../arm-none-eabi/lib/thumb/libc.a(lib_a-impure.o)
 .ARM.attributes
                0x000010f4       0x32 /Users/e135712/etrobo/yagarto-4.6.2/bin/../lib/gcc/arm-none-eabi/4.6.2/../../../../arm-none-eabi/lib/thumb/libc.a(lib_a-reent.o)
 .ARM.attributes
                0x00001126       0x22 build/nxtvm/platform/nxt/vectors.o

Cross Reference Table

Symbol                                            File
ActivateTask                                      build/kernel/task_manage.o
AssertDeviceConstructor                           build/rtoscalls.o
                                                  ../../../ecrobot/../ecrobot/libecrobot++.a(TouchSensor.o)
                                                  ../../../ecrobot/../ecrobot/libecrobot++.a(Motor.o)
                                                  ../../../ecrobot/../ecrobot/libecrobot++.a(LightSensor.o)
                                                  ../../../ecrobot/../ecrobot/libecrobot++.a(I2c.o)
                                                  ../../../ecrobot/../ecrobot/libecrobot++.a(GyroSensor.o)
CancelAlarm                                       build/kernel/alarm.o
ChainTask                                         build/kernel/task_manage.o
ClearEvent                                        build/kernel/event.o
                                                  build/rtoscalls.o
DisableAllInterrupts                              build/kernel/interrupt.o
EnableAllInterrupts                               build/kernel/interrupt.o
ErrorHook                                         ../../../ecrobot/../ecrobot/libecrobot.a(osek_hook.o)
                                                  build/kernel/osctl.o
EventSleep                                        build/./kernel_cfg.o
                                                  build/rtoscalls.o
EventSleepI2C                                     build/./kernel_cfg.o
                                                  build/rtoscalls.o
GetActiveApplicationMode                          build/kernel/osctl.o
GetAlarm                                          build/kernel/alarm.o
GetAlarmBase                                      build/kernel/alarm.o
GetEvent                                          build/kernel/event.o
GetResource                                       build/kernel/resource.o
GetTaskID                                         build/kernel/task_manage.o
                                                  build/rtoscalls.o
GetTaskState                                      build/kernel/task_manage.o
NXT_COLORSENSOR_PROTOCOLS                         ../../../ecrobot/../ecrobot/libecrobot.a(ecrobot_interface.o)
NXT_Entry_Point                                   build/nxt_entry_point.o
                                                  build/nxt_binary_header.o
PostTaskHook                                      ../../../ecrobot/../ecrobot/libecrobot.a(osek_hook.o)
                                                  build/config/at91sam7s-gnu/cpu_support.oram
                                                  build/kernel/osctl.o
PreTaskHook                                       ../../../ecrobot/../ecrobot/libecrobot.a(osek_hook.o)
                                                  build/config/at91sam7s-gnu/cpu_support.oram
                                                  build/kernel/osctl.o
ReleaseResource                                   build/kernel/resource.o
ResumeAllInterrupts                               build/kernel/interrupt.o
ResumeOSInterrupts                                build/kernel/interrupt.o
Schedule                                          build/kernel/task_manage.o
SetAbsAlarm                                       build/kernel/alarm.o
SetEvent                                          build/kernel/event.o
                                                  build/rtoscalls.o
SetRelAlarm                                       build/kernel/alarm.o
ShutdownHook                                      ../../../ecrobot/../ecrobot/libecrobot.a(osek_hook.o)
                                                  build/kernel/osctl.o
ShutdownOS                                        build/kernel/osctl.o
SignalCounter                                     build/kernel/alarm.o
Sleep                                             build/rtoscalls.o
                                                  ../../../ecrobot/../ecrobot/libecrobot++.a(Clock.o)
SleepI2C                                          build/rtoscalls.o
                                                  ../../../ecrobot/../ecrobot/libecrobot++.a(I2c.o)
SleeperMonitor                                    build/rtoscalls.o
                                                  build/sample.o
StartOS                                           build/kernel/osctl.o
                                                  build/ecrobot.o
StartupHook                                       ../../../ecrobot/../ecrobot/libecrobot.a(osek_hook.o)
                                                  build/kernel/osctl.o
SuspendAllInterrupts                              build/kernel/interrupt.o
SuspendOSInterrupts                               build/kernel/interrupt.o
TaskMain                                          build/./kernel_cfg.o
TaskMainTaskMain                                  build/sample.o
                                                  build/./kernel_cfg.o
TerminateTask                                     build/kernel/task_manage.o
WaitEvent                                         build/kernel/event.o
                                                  build/rtoscalls.o
_Unwind_Backtrace                                 /Users/e135712/etrobo/yagarto-4.6.2/bin/../lib/gcc/arm-none-eabi/4.6.2/thumb/libgcc.a(libunwind.o)
_Unwind_Complete                                  /Users/e135712/etrobo/yagarto-4.6.2/bin/../lib/gcc/arm-none-eabi/4.6.2/thumb/libgcc.a(unwind-arm.o)
_Unwind_DeleteException                           /Users/e135712/etrobo/yagarto-4.6.2/bin/../lib/gcc/arm-none-eabi/4.6.2/thumb/libgcc.a(unwind-arm.o)
_Unwind_ForcedUnwind                              /Users/e135712/etrobo/yagarto-4.6.2/bin/../lib/gcc/arm-none-eabi/4.6.2/thumb/libgcc.a(libunwind.o)
_Unwind_GetCFA                                    /Users/e135712/etrobo/yagarto-4.6.2/bin/../lib/gcc/arm-none-eabi/4.6.2/thumb/libgcc.a(unwind-arm.o)
_Unwind_GetDataRelBase                            /Users/e135712/etrobo/yagarto-4.6.2/bin/../lib/gcc/arm-none-eabi/4.6.2/thumb/libgcc.a(pr-support.o)
_Unwind_GetLanguageSpecificData                   /Users/e135712/etrobo/yagarto-4.6.2/bin/../lib/gcc/arm-none-eabi/4.6.2/thumb/libgcc.a(pr-support.o)
_Unwind_GetRegionStart                            /Users/e135712/etrobo/yagarto-4.6.2/bin/../lib/gcc/arm-none-eabi/4.6.2/thumb/libgcc.a(pr-support.o)
_Unwind_GetTextRelBase                            /Users/e135712/etrobo/yagarto-4.6.2/bin/../lib/gcc/arm-none-eabi/4.6.2/thumb/libgcc.a(pr-support.o)
_Unwind_RaiseException                            /Users/e135712/etrobo/yagarto-4.6.2/bin/../lib/gcc/arm-none-eabi/4.6.2/thumb/libgcc.a(libunwind.o)
_Unwind_Resume                                    /Users/e135712/etrobo/yagarto-4.6.2/bin/../lib/gcc/arm-none-eabi/4.6.2/thumb/libgcc.a(libunwind.o)
_Unwind_Resume_or_Rethrow                         /Users/e135712/etrobo/yagarto-4.6.2/bin/../lib/gcc/arm-none-eabi/4.6.2/thumb/libgcc.a(libunwind.o)
_Unwind_VRS_Get                                   /Users/e135712/etrobo/yagarto-4.6.2/bin/../lib/gcc/arm-none-eabi/4.6.2/thumb/libgcc.a(unwind-arm.o)
                                                  /Users/e135712/etrobo/yagarto-4.6.2/bin/../lib/gcc/arm-none-eabi/4.6.2/thumb/libgcc.a(pr-support.o)
_Unwind_VRS_Pop                                   /Users/e135712/etrobo/yagarto-4.6.2/bin/../lib/gcc/arm-none-eabi/4.6.2/thumb/libgcc.a(unwind-arm.o)
                                                  /Users/e135712/etrobo/yagarto-4.6.2/bin/../lib/gcc/arm-none-eabi/4.6.2/thumb/libgcc.a(pr-support.o)
_Unwind_VRS_Set                                   /Users/e135712/etrobo/yagarto-4.6.2/bin/../lib/gcc/arm-none-eabi/4.6.2/thumb/libgcc.a(unwind-arm.o)
                                                  /Users/e135712/etrobo/yagarto-4.6.2/bin/../lib/gcc/arm-none-eabi/4.6.2/thumb/libgcc.a(pr-support.o)
___Unwind_Backtrace                               /Users/e135712/etrobo/yagarto-4.6.2/bin/../lib/gcc/arm-none-eabi/4.6.2/thumb/libgcc.a(libunwind.o)
___Unwind_ForcedUnwind                            /Users/e135712/etrobo/yagarto-4.6.2/bin/../lib/gcc/arm-none-eabi/4.6.2/thumb/libgcc.a(libunwind.o)
___Unwind_RaiseException                          /Users/e135712/etrobo/yagarto-4.6.2/bin/../lib/gcc/arm-none-eabi/4.6.2/thumb/libgcc.a(libunwind.o)
___Unwind_Resume                                  /Users/e135712/etrobo/yagarto-4.6.2/bin/../lib/gcc/arm-none-eabi/4.6.2/thumb/libgcc.a(libunwind.o)
___Unwind_Resume_or_Rethrow                       /Users/e135712/etrobo/yagarto-4.6.2/bin/../lib/gcc/arm-none-eabi/4.6.2/thumb/libgcc.a(libunwind.o)
__adddf3                                          /Users/e135712/etrobo/yagarto-4.6.2/bin/../lib/gcc/arm-none-eabi/4.6.2/thumb/libgcc.a(_arm_addsubdf3.o)
__aeabi_atexit                                    /Users/e135712/etrobo/yagarto-4.6.2/bin/../lib/gcc/arm-none-eabi/4.6.2/../../../../arm-none-eabi/lib/thumb/libstdc++.a(atexit_arm.o)
                                                  build/sample.o
__aeabi_cdcmpeq                                   /Users/e135712/etrobo/yagarto-4.6.2/bin/../lib/gcc/arm-none-eabi/4.6.2/thumb/libgcc.a(_arm_cmpdf2.o)
__aeabi_cdcmple                                   /Users/e135712/etrobo/yagarto-4.6.2/bin/../lib/gcc/arm-none-eabi/4.6.2/thumb/libgcc.a(_arm_cmpdf2.o)
__aeabi_cdrcmple                                  /Users/e135712/etrobo/yagarto-4.6.2/bin/../lib/gcc/arm-none-eabi/4.6.2/thumb/libgcc.a(_arm_cmpdf2.o)
__aeabi_dadd                                      /Users/e135712/etrobo/yagarto-4.6.2/bin/../lib/gcc/arm-none-eabi/4.6.2/thumb/libgcc.a(_arm_addsubdf3.o)
__aeabi_dcmpeq                                    /Users/e135712/etrobo/yagarto-4.6.2/bin/../lib/gcc/arm-none-eabi/4.6.2/thumb/libgcc.a(_arm_cmpdf2.o)
__aeabi_dcmpge                                    /Users/e135712/etrobo/yagarto-4.6.2/bin/../lib/gcc/arm-none-eabi/4.6.2/thumb/libgcc.a(_arm_cmpdf2.o)
__aeabi_dcmpgt                                    /Users/e135712/etrobo/yagarto-4.6.2/bin/../lib/gcc/arm-none-eabi/4.6.2/thumb/libgcc.a(_arm_cmpdf2.o)
                                                  ../../../ecrobot/../ecrobot/libecrobot.a(colorsensor.o)
__aeabi_dcmple                                    /Users/e135712/etrobo/yagarto-4.6.2/bin/../lib/gcc/arm-none-eabi/4.6.2/thumb/libgcc.a(_arm_cmpdf2.o)
__aeabi_dcmplt                                    /Users/e135712/etrobo/yagarto-4.6.2/bin/../lib/gcc/arm-none-eabi/4.6.2/thumb/libgcc.a(_arm_cmpdf2.o)
__aeabi_ddiv                                      /Users/e135712/etrobo/yagarto-4.6.2/bin/../lib/gcc/arm-none-eabi/4.6.2/thumb/libgcc.a(_arm_muldivdf3.o)
__aeabi_dmul                                      /Users/e135712/etrobo/yagarto-4.6.2/bin/../lib/gcc/arm-none-eabi/4.6.2/thumb/libgcc.a(_arm_muldivdf3.o)
                                                  ../../../ecrobot/../ecrobot/libecrobot.a(colorsensor.o)
__aeabi_drsub                                     /Users/e135712/etrobo/yagarto-4.6.2/bin/../lib/gcc/arm-none-eabi/4.6.2/thumb/libgcc.a(_arm_addsubdf3.o)
__aeabi_dsub                                      /Users/e135712/etrobo/yagarto-4.6.2/bin/../lib/gcc/arm-none-eabi/4.6.2/thumb/libgcc.a(_arm_addsubdf3.o)
__aeabi_f2d                                       /Users/e135712/etrobo/yagarto-4.6.2/bin/../lib/gcc/arm-none-eabi/4.6.2/thumb/libgcc.a(_arm_addsubdf3.o)
__aeabi_i2d                                       /Users/e135712/etrobo/yagarto-4.6.2/bin/../lib/gcc/arm-none-eabi/4.6.2/thumb/libgcc.a(_arm_addsubdf3.o)
                                                  ../../../ecrobot/../ecrobot/libecrobot.a(colorsensor.o)
__aeabi_idiv                                      /Users/e135712/etrobo/yagarto-4.6.2/bin/../lib/gcc/arm-none-eabi/4.6.2/thumb/libgcc.a(_divsi3.o)
                                                  ../../../ecrobot/../ecrobot/libecrobot.a(sound.oram)
                                                  ../../../ecrobot/../ecrobot/libecrobot.a(uart.oram)
__aeabi_idiv0                                     /Users/e135712/etrobo/yagarto-4.6.2/bin/../lib/gcc/arm-none-eabi/4.6.2/thumb/libgcc.a(_dvmd_tls.o)
                                                  /Users/e135712/etrobo/yagarto-4.6.2/bin/../lib/gcc/arm-none-eabi/4.6.2/thumb/libgcc.a(_divsi3.o)
                                                  /Users/e135712/etrobo/yagarto-4.6.2/bin/../lib/gcc/arm-none-eabi/4.6.2/thumb/libgcc.a(_udivsi3.o)
__aeabi_idivmod                                   /Users/e135712/etrobo/yagarto-4.6.2/bin/../lib/gcc/arm-none-eabi/4.6.2/thumb/libgcc.a(_divsi3.o)